03-21 19:23:28.571  1841  2117 V IdletimerController: runCmd(/system/bin/ip6tables -w -t raw -A idletimer_raw_PREROUTING -i eth1 -j IDLETIMER --timeout 15 --label 1 --send_nl_msg 1) res_ipv4=1, res_ipv6=1
03-21 19:23:28.572  2124  2175 E ConnectivityService: Exception in setupDataActivityTracking java.lang.IllegalStateException: command '26 idletimer add eth1 15 1' failed with '400 26 Failed to add interface'
03-21 19:23:28.590  2494  2494 W System  : ClassLoader referenced unknown path: /system/app/webview/lib/x86
03-21 19:23:28.591  2494  2494 D ApplicationLoaders: ignored Vulkan layer search path /system/app/webview/lib/x86:/system/app/webview/webview.apk!/lib/x86:/system/lib:/vendor/lib for namespace 0xc9f06090
03-21 19:23:28.592  2494  2494 I WebViewFactory: Loading com.google.android.webview version 75.0.3770.143 (code 377014315)
03-21 19:23:28.692  2494  2494 I cr_LibraryLoader: Time to load native libraries: 30 ms (timestamps 2646-2676)
03-21 19:23:28.809  2494  2494 I chromium: [INFO:library_loader_hooks.cc(50)] Chromium logging enabled: level = 0, default verbosity = 0
03-21 19:23:28.809  2494  2494 I cr_LibraryLoader: Expected native library version number "75.0.3770.143", actual native library version number "75.0.3770.143"
03-21 19:23:28.878  2541  2541 D EmulatedCamera_Factory:  camera socket connect is connected:6
03-21 19:23:28.878  2541  2541 V EmulatedCamera_HostClient: HostClient
03-21 19:23:28.878  2541  2541 V EmulatedCamera_HostClient: getHostCameraDevInfo
03-21 19:23:28.995  2124  2175 D ConnectivityService: Sending CONNECTED broadcast for type 1 NetworkAgentInfo [WIFI () - 100] isDefaultNetwork=true
03-21 19:23:28.995  2124  2188 I chatty  : uid=1000(system) ConnectivityMan expire 2 lines
03-21 19:23:29.014  2124  2175 D ConnectivityService: NetworkAgentInfo [WIFI () - 100] validation passed
03-21 19:23:29.017  2494  2494 I cr_BrowserStartup: Initializing chromium process, singleProcess=true
03-21 19:23:29.021  2124  2619 I chatty  : uid=1000 system_server expire 2 lines
03-21 19:23:29.083  2541  2541 V EmulatedCamera_HostClient: getHostCameraDevInfo, read from player, host camera number:1
03-21 19:23:29.083  2541  2541 D EmulatedCamera_Factory: createHostCameras
03-21 19:23:29.083  2541  2541 V EmulatedCamera_HostClient: HostClient
03-21 19:23:29.083  2541  2541 V EmulatedCamera_HostClient: connectClient: camera socket 24801
03-21 19:23:29.083  2541  2541 D EmulatedCamera_HostClient:  camera socket connect is already connected:6
03-21 19:23:29.083  2541  2541 D EmulatedCamera_Camera: Initialize
03-21 19:23:29.083  2541  2541 V EmulatedCamera_HostClient: HostClient
03-21 19:23:29.083  2541  2541 V EmulatedCamera_HostClient: connectClient: camera socket 24811
03-21 19:23:29.083  2541  2541 D EmulatedCamera_HostClient:  camera socket connect is already connected:6
03-21 19:23:29.083  2541  2541 D EmulatedCamera_Camera: Initialize
03-21 19:23:29.083  2541  2541 V EmulatedCamera_Factory: 2 cameras are being emulated. 0 of them are fake cameras.
03-21 19:23:29.083  2541  2541 E EmulatedCamera_HotplugThread: createFileIfNotExists: Could not create file '/data/misc/media/emulator.camera.hotplug.0', error: 'Permission denied' (13)
03-21 19:23:29.083  2541  2541 E EmulatedCamera_HotplugThread: createFileIfNotExists: Could not create file '/data/misc/media/emulator.camera.hotplug.1', error: 'Permission denied' (13)
03-21 19:23:29.084  2541  2541 I CameraService: Loaded "Emulated Camera Module" camera module
03-21 19:23:29.084  2541  2541 I CameraFlashlight: Opening camera 0
03-21 19:23:29.084  2541  2541 V EmulatedCamera_Factory: getCameraInfo: id = 0
03-21 19:23:29.084  2541  2541 D EmulatedCamera_Camera: getCameraInfo , camera orientation: front(90) , back(0)
03-21 19:23:29.084  2541  2541 V EmulatedCamera_Factory: cameraDeviceOpen: id = 0
03-21 19:23:29.084  2541  2541 V EmulatedCamera_HostClient: queryConnect
03-21 19:23:29.084  2541  2541 V EmulatedCamera_HostClient: queryConnect, set host camera orientation:0
03-21 19:23:29.084  2541  2541 D EmulatedCamera_HostClient: queryConnect cmd:1, datasize:0.
03-21 19:23:29.087  2541  2541 V EmulatedCamera_HostClient: queryDisconnect
03-21 19:23:29.088  2541  2541 D EmulatedCamera_HostClient: queryDisconnect cmd:5, datasize:0.
03-21 19:23:29.091  2541  2541 I CameraFlashlight: Destroying camera 0
03-21 19:23:29.091  2541  2541 I CameraFlashlight: Opening camera 1
03-21 19:23:29.091  2541  2541 V EmulatedCamera_Factory: getCameraInfo: id = 1
03-21 19:23:29.091  2541  2541 D EmulatedCamera_Camera: getCameraInfo , camera orientation: front(90) , back(0)
03-21 19:23:29.091  2541  2541 V EmulatedCamera_Factory: cameraDeviceOpen: id = 1
03-21 19:23:29.091  2541  2541 V EmulatedCamera_HostClient: queryConnect
03-21 19:23:29.091  2541  2541 V EmulatedCamera_HostClient: queryConnect, set host camera orientation:0
03-21 19:23:29.092  2541  2541 D EmulatedCamera_HostClient: queryConnect cmd:1, datasize:0.
03-21 19:23:29.092  2541  2541 V EmulatedCamera_HostClient: queryDisconnect
03-21 19:23:29.092  2541  2541 D EmulatedCamera_HostClient: queryDisconnect cmd:5, datasize:0.
03-21 19:23:29.093  2541  2541 I CameraFlashlight: Destroying camera 1
03-21 19:23:29.093  2541  2541 V EmulatedCamera_Factory: getCameraInfo: id = 0
03-21 19:23:29.093  2541  2541 D EmulatedCamera_Camera: getCameraInfo , camera orientation: front(90) , back(0)
03-21 19:23:29.093  2541  2541 V EmulatedCamera_Factory: getCameraInfo: id = 1
03-21 19:23:29.093  2541  2541 D EmulatedCamera_Camera: getCameraInfo , camera orientation: front(90) , back(0)
03-21 19:23:29.140  2575  2575 I ContactsPerf: VoicemailContentProvider.onCreate start
03-21 19:23:29.145  2575  2575 I ContactsPerf: VoicemailContentProvider.onCreate finish
03-21 19:23:29.198  2192  2192 I Choreographer: Skipped 84 frames!  The application may be doing too much work on its main thread.
03-21 19:23:29.226  2575  2575 W System  : ClassLoader referenced unknown path: /system/priv-app/BlockedNumberProvider/lib/x86
03-21 19:23:29.239  2192  2192 D ViewRootImpl[StatusBar]: changeCanvasOpacity: opaque=true
03-21 19:23:29.265  2124  2144 W WindowManager: App freeze timeout expired.
03-21 19:23:29.265  2124  2144 W WindowManager: Force clearing freeze: AppWindowToken{4219496 token=Token{f6bda58 ActivityRecord{d0b933b u0 com.vphone.launcher/.launcher3.Launcher t2}}}
03-21 19:23:29.354  2575  2575 D ApplicationLoaders: ignored Vulkan layer search path /system/priv-app/BlockedNumberProvider/lib/x86:/system/lib:/vendor/lib for namespace 0xd75c1090
03-21 19:23:29.404  2575  2575 W System  : ClassLoader referenced unknown path: /system/app/UserDictionaryProvider/lib/x86
03-21 19:23:29.406  2575  2575 D ApplicationLoaders: ignored Vulkan layer search path /system/app/UserDictionaryProvider/lib/x86:/system/lib:/vendor/lib for namespace 0xd75c10d0
03-21 19:23:29.472  2192  2435 I OpenGLRenderer: Initialized EGL, version 1.4
03-21 19:23:29.472  2192  2435 D OpenGLRenderer: Swap behavior 1
03-21 19:23:29.472  2192  2435 D         : HostConnection::get() New Host Connection established 0xcc80f7e0, tid 2435
03-21 19:23:29.511  2124  2170 D WifiService: New client listening to asynchronous messages
03-21 19:23:29.537  2494  2494 D         : static HostConnection *HostConnection::createUnique(): call
03-21 19:23:29.537  2494  2494 D         : HostConnection::get() New Host Connection established 0xb8bc3d60, tid 2494
03-21 19:23:29.581  2494  2494 I Choreographer: Skipped 79 frames!  The application may be doing too much work on its main thread.
03-21 19:23:29.629  2192  2192 W KeyguardUpdateMonitor: invalid subId in handleServiceStateChange()
03-21 19:23:29.649  2494  2650 I OpenGLRenderer: Initialized EGL, version 1.4
03-21 19:23:29.649  2494  2650 D OpenGLRenderer: Swap behavior 1
03-21 19:23:29.649  2494  2650 D         : HostConnection::get() New Host Connection established 0xb8bc3ee0, tid 2650
03-21 19:23:29.666  2192  2192 W KeyguardUpdateMonitor: invalid subId in handleSimStateChange()
03-21 19:23:29.792  2667  2667 D su      : su invoked.
03-21 19:23:29.817  2668  2668 D su      : starting daemon client 0 0
03-21 19:23:29.830  2669  2669 D su      : connecting client 2666
03-21 19:23:29.837  2672  2672 D su      : remote pid: 2666
03-21 19:23:29.849  2673  2673 D su      : remote pts_slave: 
03-21 19:23:29.869  2675  2675 D su      : remote uid: 0
03-21 19:23:29.876  2676  2676 D su      : remote req pid: 2662
03-21 19:23:29.888  2677  2677 D su      : remote args: 3
03-21 19:23:29.895  2679  2679 D su      : waiting for child exit
03-21 19:23:29.913  2575  2620 I ContactLocale: AddressBook Labels [[zh_CN]]: […, A, B, C, D, E, F, G, H, I, J, K, L, M, N, O, P, Q, R, S, T, U, V, W, X, Y, Z, Α, Β, Γ, Δ, Ε, Ζ, Η, Θ, Ι, Κ, Λ, Μ, Ν, Ξ, Ο, Π, Ρ, Σ, Τ, Υ, Φ, Χ, Ψ, Ω, …, А, Б, В, Г, Д, Ђ, Е, Є, Ж, З, И, І, Й, Ј, К, Л, Љ, М, Н, Њ, О, П, Р, С, Т, Ћ, У, Ф, Х, Ц, Ч, Џ, Ш, Щ, Ю, Я, …, א, ב, ג, ד, ה, ו, ז, ח, ט, י, כ, ל, מ, נ, ס, ע, פ, צ, ק, ר, ש, ת, …, ا, ب, ت, ث, ج, ح, خ, د, ذ, ر, ز, س, ش, ص, ض, ط, ظ, ع, غ, ف, ق, ك, ل, م, ن, ه, و, ي, …, ก, ข, ฃ, ค, ฅ, ฆ, ง, จ, ฉ, ช, ซ, ฌ, ญ, ฎ, ฏ, ฐ, ฑ, ฒ, ณ, ด, ต, ถ, ท, ธ, น, บ, ป, ผ, ฝ, พ, ฟ, ภ, ม, ย, ร, ฤ, ล, ฦ, ว, ศ, ษ, ส, ห, ฬ, อ, ฮ, …, ㄱ, ㄴ, ㄷ, ㄹ, ㅁ, ㅂ, ㅅ, ㅇ, ㅈ, ㅊ, ㅋ, ㅌ, ㅍ, ㅎ, …, あ, か, さ, た, な, は, ま, や, ら, わ, #, …]
03-21 19:23:29.915  2494  2505 I art     : Background sticky concurrent mark sweep GC freed 11067(838KB) AllocSpace objects, 56(3MB) LOS objects, 16% free, 17MB/20MB, paused 1.859ms total 118.684ms
03-21 19:23:29.953  2682  2682 D su      : su invoked.
03-21 19:23:29.959  2683  2683 D su      : Allowing root/system/radio.
03-21 19:23:29.967  2684  2684 D su      : 0 /system/bin/sh executing 0 rm -rf /data/backup/YSLauncher/PreInstall using binary /system/bin/sh : sh -c rm -rf /data/backup/YSLauncher/PreInstall
03-21 19:23:29.992  2685  2685 D su      : sending code
03-21 19:23:30.003  2686  2686 D su      : child exited
03-21 19:23:30.014  2687  2687 D su      : client exited 0
03-21 19:23:30.067  2494  2499 I art     : Do partial code cache collection, code=5KB, data=31KB
03-21 19:23:30.076  2494  2499 I art     : After code cache collection, code=5KB, data=31KB
03-21 19:23:30.076  2494  2499 I art     : Increasing code cache capacity to 128KB
03-21 19:23:30.240  2192  2192 D PhoneStatusBar: disable: < expand* icons alerts system_info back* home* recent* clock search* quick_settings >
03-21 19:23:30.241  2192  2192 I Choreographer: Skipped 33 frames!  The application may be doing too much work on its main thread.
03-21 19:23:30.245  1831  1831 E Zygote  : Not whitelisted : /dev/ccid_ctrl
03-21 19:23:30.253  2248  2248 D CarrierConfigLoader: mHandler: 13 phoneId: 0
03-21 19:23:30.253  2248  2248 D CarrierConfigLoader: mHandler: 7 phoneId: 0
03-21 19:23:30.254  2248  2248 E CarrierConfigLoader: Cannot restore config with null packageName or iccid.
03-21 19:23:30.254  2248  2248 D CarrierConfigLoader: Binding to com.android.carrierconfig for phone 0
03-21 19:23:30.256  2124  2692 I chatty  : uid=1000 system_server expire 1 line
03-21 19:23:30.259  2124  2692 I BootReceiver: Copying audit failures to DropBox
03-21 19:23:30.260  2124  2692 I BootReceiver: Checking for fsck errors
03-21 19:23:30.264  2124  2282 I ActivityManager: Start proc 2693:com.android.managedprovisioning/u0a11 for broadcast com.android.managedprovisioning/.BootReminder
03-21 19:23:30.271  2693  2693 W art     : Unexpected CPU variant for X86 using defaults: x86
03-21 19:23:30.276  1831  1831 E Zygote  : Not whitelisted : /dev/ccid_ctrl
03-21 19:23:30.279  2124  2205 I ActivityManager: Start proc 2700:com.android.carrierconfig/u0a3 for service com.android.carrierconfig/.DefaultCarrierConfigService
03-21 19:23:30.290  2700  2700 W art     : Unexpected CPU variant for X86 using defaults: x86
03-21 19:23:30.296  1831  1831 E Zygote  : Not whitelisted : /dev/ccid_ctrl
03-21 19:23:30.308  2124  2135 I ActivityManager: Start proc 2719:com.android.inputservice/1000 for service com.android.inputservice/.InputService
03-21 19:23:30.308  2124  2135 V InputMethodManagerService: Adding window token: android.os.Binder@3edf874
03-21 19:23:30.322  2124  2245 I chatty  : uid=1000(system) NetworkTimeUpda expire 2 lines
03-21 19:23:30.324  2719  2719 W art     : Unexpected CPU variant for X86 using defaults: x86
03-21 19:23:32.076  2700  2700 W System  : ClassLoader referenced unknown path: /system/priv-app/CarrierConfig/lib/x86
03-21 19:23:32.082  2124  2124 D ConditionProviders.SCP: onReceive android.intent.action.TIME_SET
03-21 19:23:32.082  2124  2124 D ConditionProviders.SCP: notifyCondition condition://android/schedule?days=6.7&start=23.30&end=10.0&exitAtAlarm=false STATE_FALSE reason=!meetsSchedule
03-21 19:23:32.082  2124  2124 D ConditionProviders.SCP: notifyCondition condition://android/schedule?days=1.2.3.4.5&start=22.0&end=7.0&exitAtAlarm=false STATE_FALSE reason=!meetsSchedule
03-21 19:23:32.082  2124  2124 D ConditionProviders.SCP: Scheduling evaluate for Mon Mar 21 22:00:00 GMT+08:00 2022 (1647871200000), in +2h36m27s918ms, now=Mon Mar 21 19:23:32 GMT+08:00 2022 (1647861812082)
03-21 19:23:32.086  1831  1831 E Zygote  : Not whitelisted : /dev/ccid_ctrl
03-21 19:23:32.089  2124  2181 I ActivityManager: Start proc 2727:com.android.providers.calendar/u0a2 for content provider com.android.providers.calendar/.CalendarProvider2
03-21 19:23:32.119  2727  2727 W art     : Unexpected CPU variant for X86 using defaults: x86
03-21 19:23:32.131  2192  2197 I art     : Do partial code cache collection, code=27KB, data=30KB
03-21 19:23:32.131  2192  2197 I art     : After code cache collection, code=27KB, data=30KB
03-21 19:23:32.131  2192  2197 I art     : Increasing code cache capacity to 128KB
03-21 19:23:32.149  2494  2499 I art     : Do partial code cache collection, code=39KB, data=63KB
03-21 19:23:32.150  2700  2700 D DefaultCarrierConfigService: Service created
03-21 19:23:32.153  2248  2248 D CarrierConfigLoader: Connected to config app: com.android.carrierconfig/com.android.carrierconfig.DefaultCarrierConfigService
03-21 19:23:32.153  2248  2248 D CarrierConfigLoader: mHandler: 3 phoneId: 0
03-21 19:23:32.153  2700  2716 D DefaultCarrierConfigService: Config being fetched
03-21 19:23:32.153  2700  2716 D DefaultCarrierConfigService: java.io.FileNotFoundException: carrier_config_46007.xml
03-21 19:23:32.154  2248  2248 E CarrierConfigLoader: Cannot save config with null packageName or iccid.
03-21 19:23:32.155  2248  2248 D CarrierConfigLoader: mHandler: 5 phoneId: 0
03-21 19:23:32.155  2248  2248 E PhoneInterfaceManager: [PhoneIntfMgr] getCarrierPackageNamesForIntent: No UICC
03-21 19:23:32.160  2124  2124 I Telecom : PhoneAccountRegistrar: SimCallManager queried, returning: null: TSI.gSCMFU@AAk
03-21 19:23:32.190  2693  2693 W System  : ClassLoader referenced unknown path: /system/priv-app/ManagedProvisioning/lib/x86
03-21 19:23:32.215  2494  2499 I art     : After code cache collection, code=38KB, data=62KB
03-21 19:23:32.215  2494  2499 I art     : Increasing code cache capacity to 256KB
03-21 19:23:32.223  2719  2719 W System  : ClassLoader referenced unknown path: /system/app/InputService/lib/x86
03-21 19:23:32.232  1831  1831 E Zygote  : Not whitelisted : /dev/ccid_ctrl
03-21 19:23:32.235  2754  2754 W art     : Unexpected CPU variant for X86 using defaults: x86
03-21 19:23:32.240  2124  2652 I ActivityManager: Start proc 2754:com.android.onetimeinitializer/u0a12 for broadcast com.android.onetimeinitializer/.OneTimeInitializerReceiver
03-21 19:23:32.256  2719  2719 D MMMMMMMMMMM: =================getRootField=========
03-21 19:23:32.256  2719  2719 D MMMMMMMMMM: ===============retView =====android.widget.LinearLayout{857b629 V.E...... ......I. 0,0-0,0 #1020323 android:id/parentPanel}
03-21 19:23:32.271  2727  2727 W System  : ClassLoader referenced unknown path: /system/priv-app/CalendarProvider/lib/x86
03-21 19:23:32.306  2754  2754 W System  : ClassLoader referenced unknown path: /system/priv-app/OneTimeInitializer/lib/x86
03-21 19:23:32.321  2754  2754 V OneTimeInitializerRece: OneTimeInitializerReceiver.onReceive
03-21 19:23:32.370  2248  2248 V VvmBootCompletedRcvr: processing subId list
03-21 19:23:32.373  2248  2248 E VvmBootCompletedRcvr: phone account ComponentInfo{com.android.phone/com.android.services.telephony.TelephonyConnectionService}, [e0184adedf913b076626646d3f52c3b49c39ad6d], UserHandle{0} has invalid subId -1
03-21 19:23:32.410  2727  2727 I CalendarProvider2: Created com.android.providers.calendar.CalendarAlarmManager@7b2042d(com.android.providers.calendar.CalendarProvider2@bdfad62)
03-21 19:23:32.589  2248  2248 I VvmSimChangeReceiver: Received SIM change for invalid subscription id.
03-21 19:23:32.611  2248  2788 D SIP     : [SipPreferences] isReceivingCallsEnabled, option not set; use default value, exception: android.provider.Settings$SettingNotFoundException: sip_receive_calls
03-21 19:23:32.718  2691  2691 D AndroidRuntime: >>>>>> START com.android.internal.os.RuntimeInit uid 0 <<<<<<
03-21 19:23:32.738  2465  2787 W MediaScanner: Error opening directory '/oem/media/', skipping: No such file or directory.
03-21 19:23:32.836  2206  2230 E sdcard  : opendir /data/media/0/Apps failed: Permission denied
03-21 19:23:32.836  2465  2787 W MediaScanner: Error opening directory '/storage/emulated/0/Apps/', skipping: Permission denied.
03-21 19:23:32.838  2465  2787 V MediaScanner: pruneDeadThumbnailFiles... android.content.ContentProviderClient$CursorWrapperInner@70984c2
03-21 19:23:32.838  2465  2787 V MediaScanner: /pruneDeadThumbnailFiles... android.content.ContentProviderClient$CursorWrapperInner@70984c2
03-21 19:23:32.850  2494  2494 I Choreographer: Skipped 42 frames!  The application may be doing too much work on its main thread.
03-21 19:23:33.194  2691  2691 D AndroidRuntime: CheckJNI is OFF
03-21 19:23:33.267  2691  2691 D ICU     : No timezone override file found: /data/misc/zoneinfo/current/icu/icu_tzdata.dat
03-21 19:23:33.287  2691  2691 W art     : Unexpected CPU variant for X86 using defaults: x86
03-21 19:23:33.291  2691  2691 D         : houdini no need remount
03-21 19:23:33.306  2691  2691 E memtrack: Couldn't load memtrack module (No such file or directory)
03-21 19:23:33.306  2691  2691 E android.os.Debug: failed to load memtrack module: -2
03-21 19:23:33.307  2691  2691 I Radio-JNI: register_android_hardware_Radio DONE
03-21 19:23:33.318  2691  2691 D AndroidRuntime: Calling main entry com.android.commands.settings.SettingsCmd
03-21 19:23:33.321  2691  2691 D AndroidRuntime: Shutting down VM
03-21 19:23:33.456  2727  2727 I CalendarProvider2: Sending notification intent: Intent { act=android.intent.action.PROVIDER_CHANGED dat=content://com.android.calendar flg=0x20000000 }
03-21 19:23:33.456  2727  2727 W ContentResolver: Failed to get type for: content://com.android.calendar (Unknown URL content://com.android.calendar)
03-21 19:23:33.458  2815  2815 D su      : su invoked.
03-21 19:23:33.466  2816  2816 D su      : starting daemon client 0 0
03-21 19:23:33.473  2817  2817 D su      : connecting client 2814
03-21 19:23:33.482  1821  1821 E NOX     : recv() error
03-21 19:23:33.482  1821  1821 D NOX     : Socket read error
03-21 19:23:33.483  2820  2820 D su      : remote pid: 2814
03-21 19:23:33.493  2821  2821 D su      : remote pts_slave: 
03-21 19:23:33.503  2822  2822 D su      : remote uid: 0
03-21 19:23:33.510  2823  2823 D su      : remote req pid: 2812
03-21 19:23:33.518  2824  2824 D su      : remote args: 3
03-21 19:23:33.529  2828  2828 D su      : su invoked.
03-21 19:23:33.530  2826  2826 D su      : waiting for child exit
03-21 19:23:33.537  2829  2829 D su      : Allowing root/system/radio.
03-21 19:23:33.545  2830  2830 D su      : 0 /system/bin/sh executing 0 mkdir -p /data/media/0/Pictures using binary /system/bin/sh : sh -c mkdir -p /data/media/0/Pictures
03-21 19:23:33.569  2831  2831 D su      : sending code
03-21 19:23:33.575  2837  2837 D su      : client exited 0
03-21 19:23:33.583  2836  2836 D su      : child exited
03-21 19:23:33.635  1821  1821 E NOX     : recv() error
03-21 19:23:33.635  1821  1821 D NOX     : Socket read error
03-21 19:23:34.283  2858  2858 D AndroidRuntime: >>>>>> START com.android.internal.os.RuntimeInit uid 0 <<<<<<
03-21 19:23:34.601  2858  2858 D AndroidRuntime: CheckJNI is OFF
03-21 19:23:34.649  2858  2858 D ICU     : No timezone override file found: /data/misc/zoneinfo/current/icu/icu_tzdata.dat
03-21 19:23:34.654  2858  2858 W art     : Unexpected CPU variant for X86 using defaults: x86
03-21 19:23:34.659  2858  2858 D         : houdini no need remount
03-21 19:23:34.669  2858  2858 E memtrack: Couldn't load memtrack module (No such file or directory)
03-21 19:23:34.669  2858  2858 E android.os.Debug: failed to load memtrack module: -2
03-21 19:23:34.669  2858  2858 I Radio-JNI: register_android_hardware_Radio DONE
03-21 19:23:34.680  2858  2858 D AndroidRuntime: Calling main entry com.android.commands.am.Am
03-21 19:23:34.682  2124  2124 D SystemServer: locale: language=null, country=null, timezone=Asia/Shanghai
03-21 19:23:34.683  2858  2858 D AndroidRuntime: Shutting down VM
03-21 19:23:35.135  2869  2869 D AndroidRuntime: >>>>>> START com.android.internal.os.RuntimeInit uid 0 <<<<<<
03-21 19:23:35.530  2869  2869 D AndroidRuntime: CheckJNI is OFF
03-21 19:23:35.634  2869  2869 D ICU     : No timezone override file found: /data/misc/zoneinfo/current/icu/icu_tzdata.dat
03-21 19:23:35.648  2869  2869 W art     : Unexpected CPU variant for X86 using defaults: x86
03-21 19:23:35.652  2869  2869 D         : houdini no need remount
03-21 19:23:35.669  2869  2869 E memtrack: Couldn't load memtrack module (No such file or directory)
03-21 19:23:35.669  2869  2869 E android.os.Debug: failed to load memtrack module: -2
03-21 19:23:35.670  2869  2869 I Radio-JNI: register_android_hardware_Radio DONE
03-21 19:23:35.684  2869  2869 D AndroidRuntime: Calling main entry com.android.commands.settings.SettingsCmd
03-21 19:23:35.687  2869  2869 D AndroidRuntime: Shutting down VM
03-21 19:23:35.817  2124  2286 D SntpClient: request time failed: java.net.SocketTimeoutException: Receive timed out
03-21 19:23:35.817  2124  2286 I GnssLocationProvider: WakeLock acquired by sendMessage(10, 0, null)
03-21 19:23:35.817  2124  2286 I GnssLocationProvider: WakeLock released by handleInjectNtpTime()
03-21 19:23:35.817  2124  2136 I GnssLocationProvider: WakeLock released by handleMessage(10, 0, null)
03-21 19:23:36.134  2879  2879 D AndroidRuntime: >>>>>> START com.android.internal.os.RuntimeInit uid 0 <<<<<<
03-21 19:23:36.436  2879  2879 D AndroidRuntime: CheckJNI is OFF
03-21 19:23:36.473  2879  2879 D ICU     : No timezone override file found: /data/misc/zoneinfo/current/icu/icu_tzdata.dat
03-21 19:23:36.482  2879  2879 W art     : Unexpected CPU variant for X86 using defaults: x86
03-21 19:23:36.484  2879  2879 D         : houdini no need remount
03-21 19:23:36.496  2879  2879 E memtrack: Couldn't load memtrack module (No such file or directory)
03-21 19:23:36.496  2879  2879 E android.os.Debug: failed to load memtrack module: -2
03-21 19:23:36.496  2879  2879 I Radio-JNI: register_android_hardware_Radio DONE
03-21 19:23:36.502  2879  2879 D AndroidRuntime: Calling main entry com.android.commands.settings.SettingsCmd
03-21 19:23:36.504  2879  2879 D AndroidRuntime: Shutting down VM
03-21 19:23:36.581  2124  2156 D Sensors : Client connection accepted (149)
03-21 19:23:37.266  2719  2909 D NetworkSecurityConfig: No Network Security Config specified, using platform default
03-21 19:23:37.336  2908  2908 D AndroidRuntime: >>>>>> START com.android.internal.os.RuntimeInit uid 0 <<<<<<
03-21 19:23:37.608  2908  2908 D AndroidRuntime: CheckJNI is OFF
03-21 19:23:37.642  2908  2908 D ICU     : No timezone override file found: /data/misc/zoneinfo/current/icu/icu_tzdata.dat
03-21 19:23:37.648  2908  2908 W art     : Unexpected CPU variant for X86 using defaults: x86
03-21 19:23:37.651  2908  2908 D         : houdini no need remount
03-21 19:23:37.660  2908  2908 E memtrack: Couldn't load memtrack module (No such file or directory)
03-21 19:23:37.660  2908  2908 E android.os.Debug: failed to load memtrack module: -2
03-21 19:23:37.661  2908  2908 I Radio-JNI: register_android_hardware_Radio DONE
03-21 19:23:37.667  2908  2908 D AndroidRuntime: Calling main entry com.android.commands.svc.Svc
03-21 19:23:37.667  2124  2134 D WifiService: setWifiEnabled: true pid=2908, uid=0
03-21 19:23:37.668  2908  2908 D AndroidRuntime: Shutting down VM
03-21 19:23:46.453  2494  2518 W System  : Ignoring header Cookie because its value was null.
03-21 19:23:49.766  2124  2173 W WifiMode: WiredSSID, Invalid SupportedRates!!!
03-21 19:23:49.767  2124  2171 W WifiMode: WiredSSID, Invalid SupportedRates!!!
03-21 19:23:49.767  2124  2171 W WifiMode: WiredSSID, Invalid SupportedRates!!!
03-21 19:24:09.769  2124  2173 W WifiMode: WiredSSID, Invalid SupportedRates!!!
03-21 19:24:09.769  2124  2171 W WifiMode: WiredSSID, Invalid SupportedRates!!!
03-21 19:24:09.770  2124  2171 W WifiMode: WiredSSID, Invalid SupportedRates!!!
03-21 19:24:49.773  2124  2173 W WifiMode: WiredSSID, Invalid SupportedRates!!!
03-21 19:24:49.773  2124  2171 W WifiMode: WiredSSID, Invalid SupportedRates!!!
03-21 19:24:49.773  2124  2171 W WifiMode: WiredSSID, Invalid SupportedRates!!!
03-21 19:26:09.781  2124  2173 W WifiMode: WiredSSID, Invalid SupportedRates!!!
03-21 19:26:09.781  2124  2171 W WifiMode: WiredSSID, Invalid SupportedRates!!!
03-21 19:26:09.781  2124  2171 W WifiMode: WiredSSID, Invalid SupportedRates!!!
03-21 19:28:49.787  2124  2171 W WifiMode: WiredSSID, Invalid SupportedRates!!!
03-21 19:28:49.788  2124  2173 W WifiMode: WiredSSID, Invalid SupportedRates!!!
03-21 19:28:49.788  2124  2171 W WifiMode: WiredSSID, Invalid SupportedRates!!!
03-21 19:31:29.788  2124  2173 W WifiMode: WiredSSID, Invalid SupportedRates!!!
03-21 19:31:29.789  2124  2171 W WifiMode: WiredSSID, Invalid SupportedRates!!!
03-21 19:31:29.789  2124  2171 W WifiMode: WiredSSID, Invalid SupportedRates!!!
03-21 19:34:09.790  2124  2173 W WifiMode: WiredSSID, Invalid SupportedRates!!!
03-21 19:34:09.790  2124  2171 W WifiMode: WiredSSID, Invalid SupportedRates!!!
03-21 19:34:09.791  2124  2171 W WifiMode: WiredSSID, Invalid SupportedRates!!!
03-21 19:36:49.791  2124  2173 W WifiMode: WiredSSID, Invalid SupportedRates!!!
03-21 19:36:49.792  2124  2171 W WifiMode: WiredSSID, Invalid SupportedRates!!!
03-21 19:36:49.793  2124  2171 W WifiMode: WiredSSID, Invalid SupportedRates!!!
03-21 19:39:29.795  2124  2173 W WifiMode: WiredSSID, Invalid SupportedRates!!!
03-21 19:39:29.795  2124  2171 W WifiMode: WiredSSID, Invalid SupportedRates!!!
03-21 19:39:29.796  2124  2171 W WifiMode: WiredSSID, Invalid SupportedRates!!!
03-21 19:41:37.255  1835  1835 I         : free_cache(44134511) avail 65774641152
03-21 19:41:39.783  1831  1831 E Zygote  : Not whitelisted : /dev/ccid_ctrl
03-21 19:41:39.786  3228  3228 W art     : Unexpected CPU variant for X86 using defaults: x86
03-21 19:41:39.793  2124  2152 I ActivityManager: Start proc 3228:com.android.defcontainer/u0a6 for service com.android.defcontainer/.DefaultContainerService
03-21 19:41:39.936  2124  2152 W PackageParser: Ignoring duplicate uses-permissions/uses-permissions-sdk-m: android.permission.INTERNET in package: com.ss.android.article.video at: Binary XML file line #21
03-21 19:41:39.937  2124  2152 W PackageParser: Unknown element under <manifest>: queries at /data/app/vmdl673128317.tmp/base.apk Binary XML file line #110
03-21 19:41:40.177  2124  2152 I PackageManager.DexOptimizer: Running dexopt (dex2oat) on: /data/app/vmdl673128317.tmp/base.apk pkg=com.ss.android.article.video isa=x86 vmSafeMode=false debuggable=false target-filter=interpret-only oatDir = /data/app/vmdl673128317.tmp/oat sharedLibraries=null
03-21 19:41:40.550  3247  3247 W dex2oat : Unexpected CPU variant for X86 using defaults: x86
03-21 19:41:40.550  3247  3247 I dex2oat : /system/bin/dex2oat --compiler-filter=interpret-only
03-21 19:41:42.551  3247  3247 I dex2oat : Large app, accepted running with swap.
03-21 19:41:42.615  3247  3249 W dex2oat : Before Android 4.1, method android.graphics.PorterDuffColorFilter androidx.vectordrawable.graphics.drawable.VectorDrawableCompat.updateTintFilter(android.graphics.PorterDuffColorFilter, android.content.res.ColorStateList, android.graphics.PorterDuff$Mode) would have incorrectly overridden the package-private method in android.graphics.drawable.Drawable
03-21 19:41:42.629  3247  3249 W dex2oat : Before Android 4.1, method int androidx.appcompat.widget.DropDownListView.lookForSelectablePosition(int, boolean) would have incorrectly overridden the package-private method in android.widget.ListView
03-21 19:41:42.700  3247  3247 W dex2oat : Before Android 4.1, method int androidx.appcompat.widget.MenuPopupWindow$MenuDropDownListView.lookForSelectablePosition(int, boolean) would have incorrectly overridden the package-private method in android.widget.ListView
03-21 19:41:42.739  3247  3247 W dex2oat : Before Android 4.1, method java.lang.Object com.ss.android.ugc.aweme.kiwi.viewmodel.QViewModel.getTag(java.lang.String) would have incorrectly overridden the package-private method in androidx.lifecycle.ViewModel
03-21 19:41:42.739  3247  3247 W dex2oat : Before Android 4.1, method java.lang.Object com.ss.android.ugc.aweme.kiwi.viewmodel.QViewModel.setTagIfAbsent(java.lang.String, java.lang.Object) would have incorrectly overridden the package-private method in androidx.lifecycle.ViewModel
03-21 19:41:42.951  3247  3247 W dex2oat : Before Android 4.1, method com.facebook.common.memory.PooledByteBuffer com.facebook.cache.disk.TTBufferedDiskCache.readFromDiskCache(com.facebook.cache.common.CacheKey) would have incorrectly overridden the package-private method in com.facebook.imagepipeline.cache.BufferedDiskCache
03-21 19:41:45.551  3247  3247 W dex2oat : Class com.bytedance.pangle.plugin.PluginManager failed lock verification and will run slower.
03-21 19:41:45.551  3247  3247 W dex2oat : Common causes for lock verification issues are non-optimized dex code
03-21 19:41:45.551  3247  3247 W dex2oat : and incorrect proguard optimizations.
03-21 19:41:45.632  3247  3249 W dex2oat : Class com.bytedance.sdk.openadsdk.api.plugin.b failed lock verification and will run slower.
03-21 19:41:45.909  3247  3249 W dex2oat : Class com.bytedance.pangle.e.a failed lock verification and will run slower.
03-21 19:41:45.911  3247  3247 W dex2oat : Class com.bytedance.pangle.service.a.a failed lock verification and will run slower.
03-21 19:41:53.489  3247  3247 I dex2oat : dex2oat took 12.939s (threads: 2) arena alloc=375KB (384824B) java alloc=53MB (56461656B) native alloc=85MB (89820208B) free=6MB (6386640B) swap=32MB (33554432B)
03-21 19:41:53.509  2124  2152 W PackageManager: Skipping provider name com.ss.android.article.video.pangle.servermanager.main (in package com.ss.android.article.video): name already used by com.ss.android.article.video
03-21 19:41:53.510  2124  2152 W PackageManager: Non-privileged app; cap priority to 0; package: com.ss.android.article.video activity: com.ss.android.article.base.feature.link.AppLinkActivity origPrio: 999
03-21 19:41:53.510  2124  2152 W PackageManager: Non-privileged app; cap priority to 0; package: com.ss.android.article.video activity: com.ss.android.article.base.feature.link.AppLinkActivity origPrio: 999
03-21 19:41:53.510  2124  2152 W PackageManager: Non-privileged app; cap priority to 0; package: com.ss.android.article.video activity: com.ss.android.article.base.feature.link.AppLinkActivity origPrio: 999
03-21 19:41:53.510  2124  2152 W PackageManager: Non-privileged app; cap priority to 0; package: com.ss.android.article.video activity: com.ss.android.article.base.feature.link.AppLinkActivity origPrio: 999
03-21 19:41:53.526  2124  2152 W PackageManager: Unknown permission com.android.launcher3.permission.WRITE_SETTINGS in package com.ss.android.article.video
03-21 19:41:53.526  2124  2152 W PackageManager: Unknown permission com.android.launcher3.permission.READ_SETTINGS in package com.ss.android.article.video
03-21 19:41:53.526  2124  2152 W PackageManager: Unknown permission com.ss.android.account.share.provider.tt.TT_READ_PROVIDER in package com.ss.android.article.video
03-21 19:41:53.526  2124  2152 W PackageManager: Unknown permission com.ss.android.account.share.provider.tt.TT_WRITE_PROVIDER in package com.ss.android.article.video
03-21 19:41:53.526  2124  2152 W PackageManager: Unknown permission com.ss.android.account.share.provider.lite.LITE_READ_PROVIDER in package com.ss.android.article.video
03-21 19:41:53.526  2124  2152 W PackageManager: Unknown permission com.ss.android.account.share.provider.lite.LITE_WRITE_PROVIDER in package com.ss.android.article.video
03-21 19:41:53.526  2124  2152 W PackageManager: Unknown permission com.android.launcher.permission.READ_SETTINGS in package com.ss.android.article.video
03-21 19:41:53.526  2124  2152 W PackageManager: Unknown permission com.sec.android.provider.badge.permission.READ in package com.ss.android.article.video
03-21 19:41:53.526  2124  2152 W PackageManager: Unknown permission com.sec.android.provider.badge.permission.WRITE in package com.ss.android.article.video
03-21 19:41:53.526  2124  2152 W PackageManager: Unknown permission com.htc.launcher.permission.READ_SETTINGS in package com.ss.android.article.video
03-21 19:41:53.526  2124  2152 W PackageManager: Unknown permission com.htc.launcher.permission.UPDATE_SHORTCUT in package com.ss.android.article.video
03-21 19:41:53.526  2124  2152 W PackageManager: Unknown permission com.sonyericsson.home.permission.BROADCAST_BADGE in package com.ss.android.article.video
03-21 19:41:53.526  2124  2152 W PackageManager: Unknown permission com.sonymobile.home.permission.PROVIDER_INSERT_BADGE in package com.ss.android.article.video
03-21 19:41:53.526  2124  2152 W PackageManager: Unknown permission com.majeur.launcher.permission.UPDATE_BADGE in package com.ss.android.article.video
03-21 19:41:53.526  2124  2152 W PackageManager: Unknown permission com.huawei.android.launcher.permission.CHANGE_BADGE in package com.ss.android.article.video
03-21 19:41:53.526  2124  2152 W PackageManager: Unknown permission com.huawei.android.launcher.permission.READ_SETTINGS in package com.ss.android.article.video
03-21 19:41:53.526  2124  2152 W PackageManager: Unknown permission com.huawei.android.launcher.permission.WRITE_SETTINGS in package com.ss.android.article.video
03-21 19:41:53.526  2124  2152 W PackageManager: Unknown permission com.oppo.launcher.permission.READ_SETTINGS in package com.ss.android.article.video
03-21 19:41:53.526  2124  2152 W PackageManager: Unknown permission com.oppo.launcher.permission.WRITE_SETTINGS in package com.ss.android.article.video
03-21 19:41:53.526  2124  2152 W PackageManager: Unknown permission permission.bind.HiMediaEngines in package com.ss.android.article.video
03-21 19:41:53.526  2124  2152 W PackageManager: Unknown permission android.permission.ACCESS_MEDIA_LOCATION in package com.ss.android.article.video
03-21 19:41:53.526  2124  2152 W PackageManager: Unknown permission android.permission.QUERY_ALL_PACKAGES in package com.ss.android.article.video
03-21 19:41:53.526  2124  2152 W PackageManager: Unknown permission android.permission.MANAGE_EXTERNAL_STORAGE in package com.ss.android.article.video
03-21 19:41:53.526  2124  2152 W PackageManager: Unknown permission android.permission.FOREGROUND_SERVICE in package com.ss.android.article.video
03-21 19:41:53.526  2124  2152 W PackageManager: Unknown permission android.permission.INSTALL_SHORTCUT in package com.ss.android.article.video
03-21 19:41:53.526  2124  2152 W PackageManager: Unknown permission android.permission.UNINSTALL_SHORTCUT in package com.ss.android.article.video
03-21 19:41:53.526  2124  2152 W PackageManager: Unknown permission com.anddoes.launcher.permission.UPDATE_COUNT in package com.ss.android.article.video
03-21 19:41:53.526  2124  2152 W PackageManager: Unknown permission com.aliyun.homeshell.permission.WRITE_SETTINGS in package com.ss.android.article.video
03-21 19:41:53.526  2124  2152 W PackageManager: Unknown permission com.aliyun.homeshell.permission.READ_SETTINGS in package com.ss.android.article.video
03-21 19:41:53.526  2124  2152 W PackageManager: Unknown permission com.lenovo.launcher.permission.READ_SETTINGS in package com.ss.android.article.video
03-21 19:41:53.526  2124  2152 W PackageManager: Unknown permission com.lenovo.launcher.permission.WRITE_SETTINGS in package com.ss.android.article.video
03-21 19:41:53.526  2124  2152 W PackageManager: Unknown permission com.iLoong.permission.WRITE_SETTINGS in package com.ss.android.article.video
03-21 19:41:53.526  2124  2152 W PackageManager: Unknown permission com.iLoong.permission.READ_SETTINGS in package com.ss.android.article.video
03-21 19:41:53.526  2124  2152 W PackageManager: Unknown permission cn.nubia.launcher.permission.WRITE_SETTINGS in package com.ss.android.article.video
03-21 19:41:53.526  2124  2152 W PackageManager: Unknown permission cn.nubia.launcher.permission.READ_SETTINGS in package com.ss.android.article.video
03-21 19:41:53.526  2124  2152 W PackageManager: Unknown permission com.smartisanos.launcher.WRITE_DATABASE in package com.ss.android.article.video
03-21 19:41:53.526  2124  2152 W PackageManager: Unknown permission com.smartisanos.launcher.READ_DATABASE in package com.ss.android.article.video
03-21 19:41:53.526  2124  2152 W PackageManager: Unknown permission com.smartisanos.launcher.data.ExportDataProvider in package com.ss.android.article.video
03-21 19:41:53.526  2124  2152 W PackageManager: Unknown permission com.teslacoilsw.launcher.permission.WRITE_SETTINGS in package com.ss.android.article.video
03-21 19:41:53.526  2124  2152 W PackageManager: Unknown permission com.teslacoilsw.launcher.permission.READ_SETTINGS in package com.ss.android.article.video
03-21 19:41:53.526  2124  2152 W PackageManager: Unknown permission com.meizu.flyme.launcher.permission.READ_SETTINGS in package com.ss.android.article.video
03-21 19:41:53.526  2124  2152 W PackageManager: Unknown permission com.meizu.flyme.launcher.permission.WRITE_SETTINGS in package com.ss.android.article.video
03-21 19:41:53.526  2124  2152 W PackageManager: Unknown permission com.ztemt.launcher.permission.WRITE_SETTINGS in package com.ss.android.article.video
03-21 19:41:53.526  2124  2152 W PackageManager: Unknown permission com.ztemt.launcher.permission.READ_SETTINGS in package com.ss.android.article.video
03-21 19:41:53.526  2124  2152 W PackageManager: Unknown permission com.zte.lqsoft.launcher.permission.READ_SETTINGS in package com.ss.android.article.video
03-21 19:41:53.526  2124  2152 W PackageManager: Unknown permission com.zte.lqsoft.launcher.permission.WRITE_SETTINGS in package com.ss.android.article.video
03-21 19:41:53.526  2124  2152 W PackageManager: Unknown permission com.baoruan.launcher2.permission.WRITE_SETTINGS in package com.ss.android.article.video
03-21 19:41:53.526  2124  2152 W PackageManager: Unknown permission com.baoruan.launcher2.permission.READ_SETTINGS in package com.ss.android.article.video
03-21 19:41:53.526  2124  2152 W PackageManager: Unknown permission com.fineos.launcher.permission.READ_SETTINGS in package com.ss.android.article.video
03-21 19:41:53.526  2124  2152 W PackageManager: Unknown permission com.fineos.launcher.permission.WRITE_SETTINGS in package com.ss.android.article.video
03-21 19:41:53.526  2124  2152 W PackageManager: Unknown permission com.ibingo.launcher.permission.WRITE_SETTINGS in package com.ss.android.article.video
03-21 19:41:53.526  2124  2152 W PackageManager: Unknown permission com.ibingo.launcher.permission.READ_SETTINGS in package com.ss.android.article.video
03-21 19:41:53.526  2124  2152 W PackageManager: Unknown permission com.zui.launcher.permission.WRITE_SETTINGS in package com.ss.android.article.video
03-21 19:41:53.526  2124  2152 W PackageManager: Unknown permission com.zui.launcher.permission.READ_SETTINGS in package com.ss.android.article.video
03-21 19:41:53.526  2124  2152 W PackageManager: Unknown permission com.zte.mifavor.launcher.permission.WRITE_SETTINGS in package com.ss.android.article.video
03-21 19:41:53.526  2124  2152 W PackageManager: Unknown permission com.zte.mifavor.launcher.permission.READ_SETTINGS in package com.ss.android.article.video
03-21 19:41:53.526  2124  2152 W PackageManager: Unknown permission com.lo.launcher.permission.READ_SETTINGS in package com.ss.android.article.video
03-21 19:41:53.526  2124  2152 W PackageManager: Unknown permission com.lo.launcher.permission.WRITE_SETTINGS in package com.ss.android.article.video
03-21 19:41:53.526  2124  2152 W PackageManager: Unknown permission com.android.tpwlauncher2.permission.WRITE_SETTINGS in package com.ss.android.article.video
03-21 19:41:53.526  2124  2152 W PackageManager: Unknown permission com.android.tpwlauncher2.permission.READ_SETTINGS in package com.ss.android.article.video
03-21 19:41:53.526  2124  2152 W PackageManager: Unknown permission com.android.sprdlauncher1.permission.READ_SETTINGS in package com.ss.android.article.video
03-21 19:41:53.526  2124  2152 W PackageManager: Unknown permission com.android.sprdlauncher1.permission.WRITE_SETTINGS in package com.ss.android.article.video
03-21 19:41:53.526  2124  2152 W PackageManager: Unknown permission com.s.launcher.permission.WRITE_SETTINGS in package com.ss.android.article.video
03-21 19:41:53.526  2124  2152 W PackageManager: Unknown permission com.s.launcher.permission.READ_SETTINGS in package com.ss.android.article.video
03-21 19:41:53.526  2124  2152 W PackageManager: Unknown permission com.zte.mobile.ZteLauncher3D.permission.READ_SETTINGS in package com.ss.android.article.video
03-21 19:41:53.526  2124  2152 W PackageManager: Unknown permission com.zte.mobile.ZteLauncher3D.permission.WRITE_SETTINGS in package com.ss.android.article.video
03-21 19:41:53.526  2124  2152 W PackageManager: Unknown permission com.android.launcher23.permission.READ_SETTINGS in package com.ss.android.article.video
03-21 19:41:53.526  2124  2152 W PackageManager: Unknown permission com.android.launcher23.permission.WRITE_SETTINGS in package com.ss.android.article.video
03-21 19:41:53.526  2124  2152 W PackageManager: Unknown permission com.mgyun.permission.READ_SETTINGS in package com.ss.android.article.video
03-21 19:41:53.526  2124  2152 W PackageManager: Unknown permission com.mgyun.permission.WRITE_SETTINGS in package com.ss.android.article.video
03-21 19:41:53.526  2124  2152 W PackageManager: Unknown permission com.asus.launcher3.permission.READ_SETTINGS in package com.ss.android.article.video
03-21 19:41:53.526  2124  2152 W PackageManager: Unknown permission com.asus.launcher3.permission.WRITE_SETTINGS in package com.ss.android.article.video
03-21 19:41:53.526  2124  2152 W PackageManager: Unknown permission com.hola.launcher.permission.READ_SETTINGS in package com.ss.android.article.video
03-21 19:41:53.526  2124  2152 W PackageManager: Unknown permission com.hola.launcher.permission.WRITE_SETTINGS in package com.ss.android.article.video
03-21 19:41:53.526  2124  2152 W PackageManager: Unknown permission com.qihoo360.home.permission.WRITE_SETTINGS in package com.ss.android.article.video
03-21 19:41:53.526  2124  2152 W PackageManager: Unknown permission com.qihoo360.home.permission.READ_SETTINGS in package com.ss.android.article.video
03-21 19:41:53.526  2124  2152 W PackageManager: Unknown permission com.slim.slimlauncher.permission.READ_SETTINGS in package com.ss.android.article.video
03-21 19:41:53.526  2124  2152 W PackageManager: Unknown permission com.slim.slimlauncher.permission.WRITE_SETTINGS in package com.ss.android.article.video
03-21 19:41:53.526  2124  2152 W PackageManager: Unknown permission com.huaqin.launcherEx.permission.WRITE_SETTINGS in package com.ss.android.article.video
03-21 19:41:53.526  2124  2152 W PackageManager: Unknown permission com.huaqin.launcherEx.permission.READ_SETTINGS in package com.ss.android.article.video
03-21 19:41:53.526  2124  2152 W PackageManager: Unknown permission com.epic.launcher.tw.permission.WRITE_SETTINGS in package com.ss.android.article.video
03-21 19:41:53.526  2124  2152 W PackageManager: Unknown permission com.epic.launcher.tw.permission.READ_SETTINGS in package com.ss.android.article.video
03-21 19:41:53.526  2124  2152 W PackageManager: Unknown permission com.android.lewalauncher.permission.READ_SETTINGS in package com.ss.android.article.video
03-21 19:41:53.526  2124  2152 W PackageManager: Unknown permission com.android.lewalauncher.permission.WRITE_SETTINGS in package com.ss.android.article.video
03-21 19:41:53.526  2124  2152 W PackageManager: Unknown permission com.Dean.launcher.permission.READ_SETTINGS in package com.ss.android.article.video
03-21 19:41:53.526  2124  2152 W PackageManager: Unknown permission com.Dean.launcher.permission.WRITE_SETTINGS in package com.ss.android.article.video
03-21 19:41:53.526  2124  2152 W PackageManager: Unknown permission app.cobo.launcher.permission.WRITE_SETTINGS in package com.ss.android.article.video
03-21 19:41:53.526  2124  2152 W PackageManager: Unknown permission app.cobo.launcher.permission.READ_SETTINGS in package com.ss.android.article.video
03-21 19:41:53.526  2124  2152 W PackageManager: Unknown permission com.alphalp.launcher.permission.WRITE_SETTINGS in package com.ss.android.article.video
03-21 19:41:53.526  2124  2152 W PackageManager: Unknown permission com.alphalp.launcher.permission.READ_SETTINGS in package com.ss.android.article.video
03-21 19:41:53.526  2124  2152 W PackageManager: Unknown permission com.lollipop.launcher.permission.READ_SETTINGS in package com.ss.android.article.video
03-21 19:41:53.526  2124  2152 W PackageManager: Unknown permission com.lollipop.launcher.permission.WRITE_SETTINGS in package com.ss.android.article.video
03-21 19:41:53.526  2124  2152 W PackageManager: Unknown permission com.l.launcher.permission.READ_SETTINGS in package com.ss.android.article.video
03-21 19:41:53.526  2124  2152 W PackageManager: Unknown permission com.l.launcher.permission.WRITE_SETTINGS in package com.ss.android.article.video
03-21 19:41:53.527  2124  2152 W PackageManager: Unknown permission com.dlto.atom.launcher.permission.READ_SETTINGS in package com.ss.android.article.video
03-21 19:41:53.527  2124  2152 W PackageManager: Unknown permission com.dlto.atom.launcher.permission.WRITE_SETTINGS in package com.ss.android.article.video
03-21 19:41:53.527  2124  2152 W PackageManager: Unknown permission com.android.sprdlauncher2.permission.WRITE_SETTINGS in package com.ss.android.article.video
03-21 19:41:53.527  2124  2152 W PackageManager: Unknown permission com.android.sprdlauncher2.permission.READ_SETTINGS in package com.ss.android.article.video
03-21 19:41:53.527  2124  2152 W PackageManager: Unknown permission com.konka.launcher2.permission.READ_SETTINGS in package com.ss.android.article.video
03-21 19:41:53.527  2124  2152 W PackageManager: Unknown permission com.konka.launcher2.permission.WRITE_SETTINGS in package com.ss.android.article.video
03-21 19:41:53.527  2124  2152 W PackageManager: Unknown permission com.mycheering.launcher.permission.WRITE_SETTINGS in package com.ss.android.article.video
03-21 19:41:53.527  2124  2152 W PackageManager: Unknown permission com.mycheering.launcher.permission.READ_SETTINGS in package com.ss.android.article.video
03-21 19:41:53.527  2124  2152 W PackageManager: Unknown permission com.microsoft.launcher.permission.READ_SETTINGS in package com.ss.android.article.video
03-21 19:41:53.527  2124  2152 W PackageManager: Unknown permission com.microsoft.launcher.permission.WRITE_SETTINGS in package com.ss.android.article.video
03-21 19:41:53.527  2124  2152 W PackageManager: Unknown permission com.nicelauncher.lolauncher.permission.READ_SETTINGS in package com.ss.android.article.video
03-21 19:41:53.527  2124  2152 W PackageManager: Unknown permission com.nicelauncher.lolauncher.permission.WRITE_SETTINGS in package com.ss.android.article.video
03-21 19:41:53.527  2124  2152 W PackageManager: Unknown permission com.jui.launcher3.permission.READ_SETTINGS in package com.ss.android.article.video
03-21 19:41:53.527  2124  2152 W PackageManager: Unknown permission com.jui.launcher3.permission.WRITE_SETTINGS in package com.ss.android.article.video
03-21 19:41:53.527  2124  2152 W PackageManager: Unknown permission com.android.launcher2.permission.READ_SETTINGS in package com.ss.android.article.video
03-21 19:41:53.527  2124  2152 W PackageManager: Unknown permission com.android.launcher2.permission.WRITE_SETTINGS in package com.ss.android.article.video
03-21 19:41:53.527  2124  2152 W PackageManager: Unknown permission com.qihoo360.launcher.permission.READ_SETTINGS in package com.ss.android.article.video
03-21 19:41:53.527  2124  2152 W PackageManager: Unknown permission com.qihoo360.launcher.permission.WRITE_SETTINGS in package com.ss.android.article.video
03-21 19:41:53.527  2124  2152 W PackageManager: Unknown permission com.lge.launcher.permission.READ_SETTINGS in package com.ss.android.article.video
03-21 19:41:53.527  2124  2152 W PackageManager: Unknown permission com.lge.launcher.permission.WRITE_SETTINGS in package com.ss.android.article.video
03-21 19:41:53.527  2124  2152 W PackageManager: Unknown permission net.qihoo.launcher.permission.READ_SETTINGS in package com.ss.android.article.video
03-21 19:41:53.527  2124  2152 W PackageManager: Unknown permission net.qihoo.launcher.permission.WRITE_SETTINGS in package com.ss.android.article.video
03-21 19:41:53.527  2124  2152 W PackageManager: Unknown permission org.adw.launcher_donut.permission.READ_SETTINGS in package com.ss.android.article.video
