03-21 19:43:44.135  2124  3377 I PackageManager.DexOptimizer: Running dexopt (dex2oat) on: /system/priv-app/ManagedProvisioning/ManagedProvisioning.apk pkg=com.android.managedprovisioning isa=x86 vmSafeMode=false debuggable=false target-filter=verify-profile oatDir = null sharedLibraries=null
03-21 19:43:44.405  3495  3495 W dex2oat : Unexpected CPU variant for X86 using defaults: x86
03-21 19:43:44.405  3495  3495 I dex2oat : /system/bin/dex2oat --compiler-filter=verify-profile
03-21 19:43:44.451  3495  3495 I dex2oat : Explicit concurrent mark sweep GC freed 1127(309KB) AllocSpace objects, 0(0B) LOS objects, 99% free, 952B/1024KB, paused 26us total 1.791ms
03-21 19:43:44.504  3495  3495 I dex2oat : dex2oat took 99.133ms (threads: 2) arena alloc=808B (808B) java alloc=8KB (8848B) native alloc=1123KB (1150600B) free=1948KB (1995128B)
03-21 19:43:44.506  2124  3377 I PackageManager.DexOptimizer: Running dexopt (dex2oat) on: /system/app/LiveWallpapersPicker/LiveWallpapersPicker.apk pkg=com.android.wallpaper.livepicker isa=x86 vmSafeMode=false debuggable=false target-filter=verify-profile oatDir = null sharedLibraries=null
03-21 19:43:44.764  3498  3498 W dex2oat : Unexpected CPU variant for X86 using defaults: x86
03-21 19:43:44.764  3498  3498 I dex2oat : /system/bin/dex2oat --compiler-filter=verify-profile
03-21 19:43:44.819  3498  3500 W dex2oat : Before Android 4.1, method android.graphics.PorterDuffColorFilter android.support.graphics.drawable.VectorDrawableCompat.updateTintFilter(android.graphics.PorterDuffColorFilter, android.content.res.ColorStateList, android.graphics.PorterDuff$Mode) would have incorrectly overridden the package-private method in android.graphics.drawable.Drawable
03-21 19:43:44.830  3498  3500 W dex2oat : Before Android 4.1, method int android.support.v7.widget.ListViewCompat.lookForSelectablePosition(int, boolean) would have incorrectly overridden the package-private method in android.widget.ListView
03-21 19:43:44.847  3498  3498 I dex2oat : Explicit concurrent mark sweep GC freed 4386(1503KB) AllocSpace objects, 0(0B) LOS objects, 99% free, 952B/1024KB, paused 26us total 2.270ms
03-21 19:43:44.907  3498  3498 I dex2oat : dex2oat took 142.762ms (threads: 2) arena alloc=0B (0B) java alloc=8KB (8848B) native alloc=1080KB (1106168B) free=2MB (2563848B)
03-21 19:43:44.910  2124  3377 I PackageManager.DexOptimizer: Running dexopt (dex2oat) on: /system/app/AmazeFileManager/AmazeFileManager.apk pkg=com.amaze.filemanager isa=x86 vmSafeMode=false debuggable=true target-filter=verify-profile oatDir = null sharedLibraries=null
03-21 19:43:45.169  3501  3501 W dex2oat : Unexpected CPU variant for X86 using defaults: x86
03-21 19:43:45.169  3501  3501 I dex2oat : /system/bin/dex2oat --compiler-filter=verify-profile --debuggable
03-21 19:43:45.405  3501  3501 W dex2oat : Before Android 4.1, method int android.support.v7.widget.ListViewCompat.lookForSelectablePosition(int, boolean) would have incorrectly overridden the package-private method in android.widget.ListView
03-21 19:43:45.418  3501  3501 W dex2oat : Before Android 4.1, method android.graphics.drawable.Drawable me.zhanghai.android.materialprogressbar.MaterialProgressBar.getCurrentDrawable() would have incorrectly overridden the package-private method in android.widget.ProgressBar
03-21 19:43:45.445  3501  3501 W dex2oat : Before Android 4.1, method android.graphics.PorterDuffColorFilter android.support.graphics.drawable.VectorDrawableCompat.updateTintFilter(android.graphics.PorterDuffColorFilter, android.content.res.ColorStateList, android.graphics.PorterDuff$Mode) would have incorrectly overridden the package-private method in android.graphics.drawable.Drawable
03-21 19:43:45.504  3501  3501 I dex2oat : Explicit concurrent mark sweep GC freed 23251(4MB) AllocSpace objects, 0(0B) LOS objects, 99% free, 936B/1024KB, paused 33us total 4.391ms
03-21 19:43:45.621  3501  3501 I dex2oat : dex2oat took 452.388ms (threads: 2) arena alloc=0B (0B) java alloc=8KB (8832B) native alloc=3MB (4136752B) free=3MB (3334352B)
03-21 19:43:45.623  2124  3377 I PackageManager.DexOptimizer: Running dexopt (dex2oat) on: /system/priv-app/StorageManager/StorageManager.apk pkg=com.android.storagemanager isa=x86 vmSafeMode=false debuggable=false target-filter=verify-profile oatDir = null sharedLibraries=null
03-21 19:43:45.882  3504  3504 W dex2oat : Unexpected CPU variant for X86 using defaults: x86
03-21 19:43:45.882  3504  3504 I dex2oat : /system/bin/dex2oat --compiler-filter=verify-profile
03-21 19:43:45.942  3504  3504 W dex2oat : Before Android 4.1, method android.graphics.PorterDuffColorFilter android.support.graphics.drawable.VectorDrawableCompat.updateTintFilter(android.graphics.PorterDuffColorFilter, android.content.res.ColorStateList, android.graphics.PorterDuff$Mode) would have incorrectly overridden the package-private method in android.graphics.drawable.Drawable
03-21 19:43:45.959  3504  3504 W dex2oat : Before Android 4.1, method int android.support.v7.widget.ListViewCompat.lookForSelectablePosition(int, boolean) would have incorrectly overridden the package-private method in android.widget.ListView
03-21 19:43:45.982  3504  3504 I dex2oat : Explicit concurrent mark sweep GC freed 5479(1542KB) AllocSpace objects, 0(0B) LOS objects, 99% free, 936B/1024KB, paused 26us total 2.542ms
03-21 19:43:46.047  3504  3504 I dex2oat : dex2oat took 164.705ms (threads: 2) arena alloc=120B (120B) java alloc=8KB (8832B) native alloc=1122KB (1149880B) free=2MB (3044424B)
03-21 19:43:46.050  2124  3377 I PackageManager.DexOptimizer: Running dexopt (dex2oat) on: /system/app/BookmarkProvider/BookmarkProvider.apk pkg=com.android.bookmarkprovider isa=x86 vmSafeMode=false debuggable=false target-filter=verify-profile oatDir = null sharedLibraries=null
03-21 19:43:46.311  3507  3507 W dex2oat : Unexpected CPU variant for X86 using defaults: x86
03-21 19:43:46.311  3507  3507 I dex2oat : /system/bin/dex2oat --compiler-filter=verify-profile
03-21 19:43:46.342  3507  3507 I dex2oat : Explicit concurrent mark sweep GC freed 8(21KB) AllocSpace objects, 0(0B) LOS objects, 99% free, 936B/1024KB, paused 26us total 1.206ms
03-21 19:43:46.390  3507  3507 I dex2oat : dex2oat took 79.332ms (threads: 2) arena alloc=0B (0B) java alloc=8KB (8832B) native alloc=974KB (997376B) free=1586KB (1624064B)
03-21 19:43:46.418  2124  3377 I PackageManager.DexOptimizer: Running dexopt (dex2oat) on: /system/priv-app/Settings/Settings.apk pkg=com.android.settings isa=x86 vmSafeMode=false debuggable=false target-filter=verify-profile oatDir = null sharedLibraries=null
03-21 19:43:46.708  3510  3510 W dex2oat : Unexpected CPU variant for X86 using defaults: x86
03-21 19:43:46.708  3510  3510 I dex2oat : /system/bin/dex2oat --compiler-filter=verify-profile
03-21 19:43:46.847  3510  3510 W dex2oat : Before Android 4.1, method android.graphics.PorterDuffColorFilter android.support.graphics.drawable.VectorDrawableCompat.updateTintFilter(android.graphics.PorterDuffColorFilter, android.content.res.ColorStateList, android.graphics.PorterDuff$Mode) would have incorrectly overridden the package-private method in android.graphics.drawable.Drawable
03-21 19:43:46.860  3510  3510 W dex2oat : Before Android 4.1, method int android.support.v7.widget.ListViewCompat.lookForSelectablePosition(int, boolean) would have incorrectly overridden the package-private method in android.widget.ListView
03-21 19:43:46.933  3510  3510 I dex2oat : Explicit concurrent mark sweep GC freed 19912(5MB) AllocSpace objects, 0(0B) LOS objects, 99% free, 904B/1024KB, paused 31us total 3.935ms
03-21 19:43:47.018  3510  3510 I dex2oat : dex2oat took 310.320ms (threads: 2) arena alloc=0B (0B) java alloc=8KB (8800B) native alloc=2MB (2370440B) free=3MB (3396728B)
03-21 19:43:47.030  2124  3377 I PackageManager.DexOptimizer: Running dexopt (dex2oat) on: /system/priv-app/VpnDialogs/VpnDialogs.apk pkg=com.android.vpndialogs isa=x86 vmSafeMode=false debuggable=false target-filter=verify-profile oatDir = null sharedLibraries=null
03-21 19:43:47.285  3513  3513 W dex2oat : Unexpected CPU variant for X86 using defaults: x86
03-21 19:43:47.285  3513  3513 I dex2oat : /system/bin/dex2oat --compiler-filter=verify-profile
03-21 19:43:47.319  3513  3513 I dex2oat : Explicit concurrent mark sweep GC freed 51(37KB) AllocSpace objects, 0(0B) LOS objects, 99% free, 920B/1024KB, paused 27us total 1.174ms
03-21 19:43:47.369  3513  3513 I dex2oat : dex2oat took 83.941ms (threads: 2) arena alloc=0B (0B) java alloc=8KB (8816B) native alloc=1053KB (1079112B) free=1506KB (1542328B)
03-21 19:43:47.403  2124  3377 I PackageManager.DexOptimizer: Running dexopt (dex2oat) on: /system/priv-app/TeleService/TeleService.apk pkg=com.android.phone isa=x86 vmSafeMode=false debuggable=false target-filter=verify-profile oatDir = null sharedLibraries=null
03-21 19:43:47.665  3516  3516 W dex2oat : Unexpected CPU variant for X86 using defaults: x86
03-21 19:43:47.665  3516  3516 I dex2oat : /system/bin/dex2oat --compiler-filter=verify-profile
03-21 19:43:47.761  3516  3516 I dex2oat : Explicit concurrent mark sweep GC freed 6129(1092KB) AllocSpace objects, 0(0B) LOS objects, 99% free, 920B/1024KB, paused 27us total 2.636ms
03-21 19:43:47.826  3516  3516 I dex2oat : dex2oat took 161.090ms (threads: 2) arena alloc=320B (320B) java alloc=8KB (8816B) native alloc=991KB (1015328B) free=2MB (2654688B)
03-21 19:43:47.828  2124  3377 I PackageManager.DexOptimizer: Running dexopt (dex2oat) on: /system/priv-app/Shell/Shell.apk pkg=com.android.shell isa=x86 vmSafeMode=false debuggable=false target-filter=verify-profile oatDir = null sharedLibraries=null
03-21 19:43:48.087  3519  3519 W dex2oat : Unexpected CPU variant for X86 using defaults: x86
03-21 19:43:48.087  3519  3519 I dex2oat : /system/bin/dex2oat --compiler-filter=verify-profile
03-21 19:43:48.125  3519  3519 I dex2oat : Explicit concurrent mark sweep GC freed 561(87KB) AllocSpace objects, 0(0B) LOS objects, 99% free, 904B/1024KB, paused 26us total 1.309ms
03-21 19:43:48.175  3519  3519 I dex2oat : dex2oat took 88.515ms (threads: 2) arena alloc=1032B (1032B) java alloc=8KB (8800B) native alloc=1259KB (1290200B) free=1812KB (1855528B)
03-21 19:43:48.183  2124  3377 I PackageManager.DexOptimizer: Running dexopt (dex2oat) on: /system/app/WallpaperBackup/WallpaperBackup.apk pkg=com.android.wallpaperbackup isa=x86 vmSafeMode=false debuggable=false target-filter=verify-profile oatDir = null sharedLibraries=null
03-21 19:43:48.440  3522  3522 W dex2oat : Unexpected CPU variant for X86 using defaults: x86
03-21 19:43:48.440  3522  3522 I dex2oat : /system/bin/dex2oat --compiler-filter=verify-profile
03-21 19:43:48.471  3522  3522 I dex2oat : Explicit concurrent mark sweep GC freed 7(24KB) AllocSpace objects, 0(0B) LOS objects, 99% free, 936B/1024KB, paused 40us total 1.368ms
03-21 19:43:48.522  3522  3522 I dex2oat : dex2oat took 82.159ms (threads: 2) arena alloc=0B (0B) java alloc=8KB (8832B) native alloc=1022KB (1046528B) free=1538KB (1574912B)
03-21 19:43:48.570  2124  3377 I PackageManager.DexOptimizer: Running dexopt (dex2oat) on: /system/priv-app/BlockedNumberProvider/BlockedNumberProvider.apk pkg=com.android.providers.blockednumber isa=x86 vmSafeMode=false debuggable=false target-filter=interpret-only oatDir = null sharedLibraries=null
03-21 19:43:48.830  3525  3525 W dex2oat : Unexpected CPU variant for X86 using defaults: x86
03-21 19:43:48.830  3525  3525 I dex2oat : /system/bin/dex2oat --compiler-filter=interpret-only
03-21 19:43:48.913  3525  3525 I dex2oat : dex2oat took 83.148ms (threads: 2) arena alloc=3KB (3256B) java alloc=335KB (343872B) native alloc=1022KB (1046688B) free=1537KB (1574752B)
03-21 19:43:48.915  2124  3377 I PackageManager.DexOptimizer: Running dexopt (dex2oat) on: /system/app/UserDictionaryProvider/UserDictionaryProvider.apk pkg=com.android.providers.userdictionary isa=x86 vmSafeMode=false debuggable=false target-filter=interpret-only oatDir = null sharedLibraries=null
03-21 19:43:49.181  3528  3528 W dex2oat : Unexpected CPU variant for X86 using defaults: x86
03-21 19:43:49.182  3528  3528 I dex2oat : /system/bin/dex2oat --compiler-filter=interpret-only
03-21 19:43:49.213  3528  3528 I dex2oat : dex2oat took 31.646ms (threads: 2) arena alloc=7KB (7912B) java alloc=65KB (66920B) native alloc=862KB (883616B) free=1185KB (1213536B)
03-21 19:43:49.216  2124  3377 I PackageManager.DexOptimizer: Running dexopt (dex2oat) on: /system/priv-app/FusedLocation/FusedLocation.apk pkg=com.android.location.fused isa=x86 vmSafeMode=false debuggable=false target-filter=verify-profile oatDir = null sharedLibraries=/system/framework/com.android.location.provider.jar
03-21 19:43:49.474  3531  3531 W dex2oat : Unexpected CPU variant for X86 using defaults: x86
03-21 19:43:49.474  3531  3531 I dex2oat : /system/bin/dex2oat --compiler-filter=verify-profile
03-21 19:43:49.507  3531  3531 I dex2oat : Explicit concurrent mark sweep GC freed 39(27KB) AllocSpace objects, 0(0B) LOS objects, 99% free, 1312B/1025KB, paused 27us total 1.193ms
03-21 19:43:49.559  3531  3531 I dex2oat : dex2oat took 85.204ms (threads: 2) arena alloc=0B (0B) java alloc=8KB (9176B) native alloc=1163KB (1191256B) free=1908KB (1954472B)
03-21 19:43:49.610  2124  3377 I PackageManager.DexOptimizer: Running dexopt (dex2oat) on: /system/priv-app/SystemUI/SystemUI.apk pkg=com.android.systemui isa=x86 vmSafeMode=false debuggable=false target-filter=verify-profile oatDir = null sharedLibraries=null
03-21 19:43:49.863  3534  3534 W dex2oat : Unexpected CPU variant for X86 using defaults: x86
03-21 19:43:49.863  3534  3534 I dex2oat : /system/bin/dex2oat --compiler-filter=verify-profile
03-21 19:43:49.982  3534  3536 W dex2oat : Before Android 4.1, method android.graphics.PorterDuffColorFilter android.support.graphics.drawable.VectorDrawableCompat.updateTintFilter(android.graphics.PorterDuffColorFilter, android.content.res.ColorStateList, android.graphics.PorterDuff$Mode) would have incorrectly overridden the package-private method in android.graphics.drawable.Drawable
03-21 19:43:49.999  3534  3534 W dex2oat : Before Android 4.1, method int android.support.v7.widget.ListViewCompat.lookForSelectablePosition(int, boolean) would have incorrectly overridden the package-private method in android.widget.ListView
03-21 19:43:50.068  3534  3534 I dex2oat : Explicit concurrent mark sweep GC freed 14920(4MB) AllocSpace objects, 0(0B) LOS objects, 99% free, 904B/1024KB, paused 31us total 3.609ms
03-21 19:43:50.156  3534  3534 I dex2oat : dex2oat took 292.991ms (threads: 2) arena alloc=0B (0B) java alloc=8KB (8800B) native alloc=2MB (2372032B) free=3MB (3395136B)
03-21 19:43:50.158  2124  3377 I PackageManager.DexOptimizer: Running dexopt (dex2oat) on: /system/app/BluetoothMidiService/BluetoothMidiService.apk pkg=com.android.bluetoothmidiservice isa=x86 vmSafeMode=false debuggable=false target-filter=verify-profile oatDir = null sharedLibraries=null
03-21 19:43:50.415  3537  3537 W dex2oat : Unexpected CPU variant for X86 using defaults: x86
03-21 19:43:50.415  3537  3537 I dex2oat : /system/bin/dex2oat --compiler-filter=verify-profile
03-21 19:43:50.449  3537  3537 I dex2oat : Explicit concurrent mark sweep GC freed 72(30KB) AllocSpace objects, 0(0B) LOS objects, 99% free, 952B/1024KB, paused 27us total 1.863ms
03-21 19:43:50.497  3537  3537 I dex2oat : dex2oat took 82.278ms (threads: 2) arena alloc=168B (168B) java alloc=8KB (8848B) native alloc=1170KB (1198720B) free=1389KB (1422720B)
03-21 19:43:50.500  2124  3377 I PackageManager.DexOptimizer: Running dexopt (dex2oat) on: /system/priv-app/AppStore/yingyongzhongxin_hd_V3.1.0_finally_pre.apk pkg=com.bignox.app.store.hd isa=x86 vmSafeMode=false debuggable=false target-filter=verify-profile oatDir = null sharedLibraries=null
03-21 19:43:50.758  3540  3540 W dex2oat : Unexpected CPU variant for X86 using defaults: x86
03-21 19:43:50.758  3540  3540 I dex2oat : /system/bin/dex2oat --compiler-filter=verify-profile
03-21 19:43:50.955  3540  3542 W dex2oat : Before Android 4.1, method int androidx.appcompat.widget.DropDownListView.lookForSelectablePosition(int, boolean) would have incorrectly overridden the package-private method in android.widget.ListView
03-21 19:43:50.995  3540  3542 W dex2oat : Before Android 4.1, method int androidx.appcompat.widget.MenuPopupWindow$MenuDropDownListView.lookForSelectablePosition(int, boolean) would have incorrectly overridden the package-private method in android.widget.ListView
03-21 19:43:51.015  3540  3542 W dex2oat : Before Android 4.1, method android.graphics.PorterDuffColorFilter androidx.vectordrawable.graphics.drawable.VectorDrawableCompat.updateTintFilter(android.graphics.PorterDuffColorFilter, android.content.res.ColorStateList, android.graphics.PorterDuff$Mode) would have incorrectly overridden the package-private method in android.graphics.drawable.Drawable
03-21 19:43:51.082  3540  3540 I dex2oat : Explicit concurrent mark sweep GC freed 29699(6MB) AllocSpace objects, 0(0B) LOS objects, 99% free, 1032B/1025KB, paused 26us total 4.625ms
03-21 19:43:51.196  3540  3540 I dex2oat : dex2oat took 438.357ms (threads: 2) arena alloc=0B (0B) java alloc=8KB (8928B) native alloc=4MB (4654392B) free=3MB (3865288B)
03-21 19:43:51.205  2124  3377 I PackageManager.DexOptimizer: Running dexopt (dex2oat) on: /system/app/SoftKeyboard/SoftKeyboard.apk pkg=com.example.android.softkeyboard isa=x86 vmSafeMode=false debuggable=false target-filter=verify-profile oatDir = null sharedLibraries=null
03-21 19:43:51.466  3543  3543 W dex2oat : Unexpected CPU variant for X86 using defaults: x86
03-21 19:43:51.466  3543  3543 I dex2oat : /system/bin/dex2oat --compiler-filter=verify-profile
03-21 19:43:51.499  3543  3543 I dex2oat : Explicit concurrent mark sweep GC freed 75(75KB) AllocSpace objects, 0(0B) LOS objects, 99% free, 920B/1024KB, paused 26us total 1.743ms
03-21 19:43:51.549  3543  3543 I dex2oat : dex2oat took 82.779ms (threads: 2) arena alloc=304B (304B) java alloc=8KB (8816B) native alloc=1062KB (1087824B) free=1497KB (1533616B)
03-21 19:43:51.552  2124  3377 I PackageManager.DexOptimizer: Running dexopt (dex2oat) on: /system/app/Bluetooth/Bluetooth.apk pkg=com.android.bluetooth isa=x86 vmSafeMode=false debuggable=false target-filter=verify-profile oatDir = null sharedLibraries=/system/framework/javax.obex.jar
03-21 19:43:51.839  3546  3546 W dex2oat : Unexpected CPU variant for X86 using defaults: x86
03-21 19:43:51.839  3546  3546 I dex2oat : /system/bin/dex2oat --compiler-filter=verify-profile
03-21 19:43:51.981  3546  3546 I dex2oat : Explicit concurrent mark sweep GC freed 7637(1347KB) AllocSpace objects, 0(0B) LOS objects, 99% free, 1216B/1025KB, paused 22us total 2.602ms
03-21 19:43:52.056  3546  3546 I dex2oat : dex2oat took 216.961ms (threads: 2) arena alloc=0B (0B) java alloc=8KB (9080B) native alloc=1734KB (1775640B) free=3MB (3467240B)
03-21 19:43:52.077  2124  3377 I PackageManager.DexOptimizer: Running dexopt (dex2oat) on: /system/priv-app/ContactsProvider/ContactsProvider.apk pkg=com.android.providers.contacts isa=x86 vmSafeMode=false debuggable=false target-filter=verify-profile oatDir = null sharedLibraries=null
03-21 19:43:52.335  3549  3549 W dex2oat : Unexpected CPU variant for X86 using defaults: x86
03-21 19:43:52.335  3549  3549 I dex2oat : /system/bin/dex2oat --compiler-filter=verify-profile
03-21 19:43:52.401  3549  3549 I dex2oat : Explicit concurrent mark sweep GC freed 2678(369KB) AllocSpace objects, 0(0B) LOS objects, 99% free, 936B/1024KB, paused 35us total 1.555ms
03-21 19:43:52.459  3549  3549 I dex2oat : dex2oat took 124.452ms (threads: 2) arena alloc=528B (528B) java alloc=8KB (8832B) native alloc=989KB (1013192B) free=2MB (2656824B)
03-21 19:43:52.462  2124  3377 I PackageManager.DexOptimizer: Running dexopt (dex2oat) on: /system/app/CaptivePortalLogin/CaptivePortalLogin.apk pkg=com.android.captiveportallogin isa=x86 vmSafeMode=false debuggable=false target-filter=verify-profile oatDir = null sharedLibraries=null
03-21 19:43:52.722  3552  3552 W dex2oat : Unexpected CPU variant for X86 using defaults: x86
03-21 19:43:52.722  3552  3552 I dex2oat : /system/bin/dex2oat --compiler-filter=verify-profile
03-21 19:43:52.754  3552  3552 I dex2oat : Explicit concurrent mark sweep GC freed 42(30KB) AllocSpace objects, 0(0B) LOS objects, 99% free, 952B/1024KB, paused 33us total 1.302ms
03-21 19:43:52.803  3552  3552 I dex2oat : dex2oat took 80.775ms (threads: 2) arena alloc=0B (0B) java alloc=8KB (8848B) native alloc=1050KB (1075480B) free=1509KB (1545960B)
03-21 19:43:52.806  2124  3377 I PackageManager.DexOptimizer: Running dexopt (dex2oat) on: /system/app/Helper/NoxHelp_zh.apk pkg=com.vphone.helper isa=x86 vmSafeMode=false debuggable=false target-filter=verify-profile oatDir = null sharedLibraries=null
03-21 19:43:53.060  3555  3555 W dex2oat : Unexpected CPU variant for X86 using defaults: x86
03-21 19:43:53.060  3555  3555 I dex2oat : /system/bin/dex2oat --compiler-filter=verify-profile
03-21 19:43:53.123  3555  3555 I dex2oat : Explicit concurrent mark sweep GC freed 3102(889KB) AllocSpace objects, 0(0B) LOS objects, 99% free, 920B/1024KB, paused 27us total 1.610ms
03-21 19:43:53.180  3555  3555 I dex2oat : dex2oat took 120.381ms (threads: 2) arena alloc=976B (976B) java alloc=8KB (8816B) native alloc=878KB (899840B) free=2MB (2770176B)
03-21 19:46:08.866  2124  2173 W WifiMode: WiredSSID, Invalid SupportedRates!!!
03-21 19:46:08.867  2124  2171 W WifiMode: WiredSSID, Invalid SupportedRates!!!
03-21 19:46:08.867  2124  2171 W WifiMode: WiredSSID, Invalid SupportedRates!!!
03-21 19:48:48.873  2124  2173 W WifiMode: WiredSSID, Invalid SupportedRates!!!
03-21 19:48:48.874  2124  2171 W WifiMode: WiredSSID, Invalid SupportedRates!!!
03-21 19:48:48.874  2124  2171 W WifiMode: WiredSSID, Invalid SupportedRates!!!
03-21 19:51:28.873  2124  2173 W WifiMode: WiredSSID, Invalid SupportedRates!!!
03-21 19:51:28.874  2124  2171 W WifiMode: WiredSSID, Invalid SupportedRates!!!
03-21 19:51:28.875  2124  2171 W WifiMode: WiredSSID, Invalid SupportedRates!!!
03-21 19:53:17.731  2124  2171 D WifiNative-HAL: Failing getSupportedFeatureset because HAL isn't started
03-21 19:53:17.731  2124  2140 E BatteryStatsService: no controller energy info supplied
03-21 19:53:17.731  2124  2140 E BatteryStatsService: no controller energy info supplied
03-21 19:53:17.733  2124  2140 E KernelCpuSpeedReader: Failed to read cpu-freq: /sys/devices/system/cpu/cpu0/cpufreq/stats/time_in_state (No such file or directory)
03-21 19:53:17.734  2124  2140 E KernelUidCpuTimeReader: Failed to read uid_cputime: /proc/uid_cputime/show_uid_stat (No such file or directory)
03-21 19:53:17.734  2124  2140 E BatteryStatsService: modem info is invalid: ModemActivityInfo{ mTimestamp=0 mSleepTimeMs=0 mIdleTimeMs=0 mTxTimeMs[]=[0, 0, 0, 0, 0] mRxTimeMs=0 mEnergyUsed=0}
03-21 19:54:00.005  2124  2124 I ActivityManager: Killing 2754:com.android.onetimeinitializer/u0a12 (adj 904): empty for 1827s
03-21 19:54:00.005  2124  2124 I ActivityManager: Killing 2700:com.android.carrierconfig/u0a3 (adj 904): empty for 1827s
03-21 19:54:00.005  2124  2124 I ActivityManager: Killing 2693:com.android.managedprovisioning/u0a11 (adj 904): empty for 1827s
03-21 19:54:00.005  2124  2124 I ActivityManager: Killing 2480:com.android.keychain/1000 (adj 906): empty for 1830s
03-21 19:54:00.014  2124  2137 I ProcessStatsService: Prepared write state in 1ms
03-21 19:54:00.014  2124  2137 I ProcessStatsService: Prepared write state in 0ms
03-21 19:54:00.017  2124  2282 D ActivityManager: cleanUpApplicationRecord -- 2700
03-21 19:54:00.018  2124  2135 D ActivityManager: cleanUpApplicationRecord -- 2693
03-21 19:54:00.018  2124  2134 D ActivityManager: cleanUpApplicationRecord -- 2480
03-21 19:54:00.047  2124  2282 D ActivityManager: cleanUpApplicationRecord -- 2754
03-21 19:54:08.873  2124  2173 W WifiMode: WiredSSID, Invalid SupportedRates!!!
03-21 19:54:08.874  2124  2171 W WifiMode: WiredSSID, Invalid SupportedRates!!!
03-21 19:54:08.874  2124  2171 W WifiMode: WiredSSID, Invalid SupportedRates!!!
03-21 19:56:48.879  2124  2173 W WifiMode: WiredSSID, Invalid SupportedRates!!!
03-21 19:56:48.880  2124  2171 W WifiMode: WiredSSID, Invalid SupportedRates!!!
03-21 19:56:48.880  2124  2171 W WifiMode: WiredSSID, Invalid SupportedRates!!!
03-21 19:59:28.881  2124  2173 W WifiMode: WiredSSID, Invalid SupportedRates!!!
03-21 19:59:28.881  2124  2171 W WifiMode: WiredSSID, Invalid SupportedRates!!!
03-21 19:59:28.881  2124  2171 W WifiMode: WiredSSID, Invalid SupportedRates!!!
03-21 20:02:08.881  2124  2173 W WifiMode: WiredSSID, Invalid SupportedRates!!!
03-21 20:02:08.882  2124  2171 W WifiMode: WiredSSID, Invalid SupportedRates!!!
03-21 20:02:08.882  2124  2171 W WifiMode: WiredSSID, Invalid SupportedRates!!!
03-21 20:04:48.881  2124  2173 W WifiMode: WiredSSID, Invalid SupportedRates!!!
03-21 20:04:48.882  2124  2171 W WifiMode: WiredSSID, Invalid SupportedRates!!!
03-21 20:04:48.882  2124  2171 W WifiMode: WiredSSID, Invalid SupportedRates!!!
03-21 20:07:28.887  2124  2173 W WifiMode: WiredSSID, Invalid SupportedRates!!!
03-21 20:07:28.888  2124  2171 W WifiMode: WiredSSID, Invalid SupportedRates!!!
03-21 20:07:28.888  2124  2171 W WifiMode: WiredSSID, Invalid SupportedRates!!!
03-21 20:10:08.887  2124  2173 W WifiMode: WiredSSID, Invalid SupportedRates!!!
03-21 20:10:08.887  2124  2171 W WifiMode: WiredSSID, Invalid SupportedRates!!!
03-21 20:10:08.888  2124  2171 W WifiMode: WiredSSID, Invalid SupportedRates!!!
03-21 20:12:48.893  2124  2173 W WifiMode: WiredSSID, Invalid SupportedRates!!!
03-21 20:12:48.893  2124  2171 W WifiMode: WiredSSID, Invalid SupportedRates!!!
03-21 20:12:48.894  2124  2171 W WifiMode: WiredSSID, Invalid SupportedRates!!!
03-21 20:15:28.901  2124  2173 W WifiMode: WiredSSID, Invalid SupportedRates!!!
03-21 20:15:28.902  2124  2171 W WifiMode: WiredSSID, Invalid SupportedRates!!!
03-21 20:15:28.902  2124  2171 W WifiMode: WiredSSID, Invalid SupportedRates!!!
03-21 20:18:08.896  2124  2173 W WifiMode: WiredSSID, Invalid SupportedRates!!!
03-21 20:18:08.896  2124  2171 W WifiMode: WiredSSID, Invalid SupportedRates!!!
03-21 20:18:08.896  2124  2171 W WifiMode: WiredSSID, Invalid SupportedRates!!!
03-21 20:20:48.902  2124  2173 W WifiMode: WiredSSID, Invalid SupportedRates!!!
03-21 20:20:48.902  2124  2171 W WifiMode: WiredSSID, Invalid SupportedRates!!!
03-21 20:20:48.903  2124  2171 W WifiMode: WiredSSID, Invalid SupportedRates!!!
03-21 20:23:17.730  2124  2171 D WifiNative-HAL: Failing getSupportedFeatureset because HAL isn't started
03-21 20:23:17.731  2124  2140 E BatteryStatsService: no controller energy info supplied
03-21 20:23:17.731  2124  2140 E BatteryStatsService: no controller energy info supplied
03-21 20:23:17.732  2124  2140 E KernelCpuSpeedReader: Failed to read cpu-freq: /sys/devices/system/cpu/cpu0/cpufreq/stats/time_in_state (No such file or directory)
03-21 20:23:17.732  2124  2140 E KernelUidCpuTimeReader: Failed to read uid_cputime: /proc/uid_cputime/show_uid_stat (No such file or directory)
03-21 20:23:17.733  2124  2140 E BatteryStatsService: modem info is invalid: ModemActivityInfo{ mTimestamp=0 mSleepTimeMs=0 mIdleTimeMs=0 mTxTimeMs[]=[0, 0, 0, 0, 0] mRxTimeMs=0 mEnergyUsed=0}
03-21 20:23:27.900  2124  3610 I PackageManager.DexOptimizer: Running dexopt (dex2oat) on: /system/priv-app/TelephonyProvider/TelephonyProvider.apk pkg=com.android.providers.telephony isa=x86 vmSafeMode=false debuggable=false target-filter=speed oatDir = null sharedLibraries=null
03-21 20:23:28.171  3613  3613 W dex2oat : Unexpected CPU variant for X86 using defaults: x86
03-21 20:23:28.171  3613  3613 I dex2oat : /system/bin/dex2oat --compiler-filter=speed
03-21 20:23:28.389  3613  3613 I dex2oat : dex2oat took 218.429ms (threads: 2) arena alloc=2MB (3094376B) java alloc=171KB (175672B) native alloc=1333KB (1365888B) free=5MB (5449856B)
03-21 20:23:28.686  2124  3610 I PackageManager.DexOptimizer: Running dexopt (dex2oat) on: /system/priv-app/CalendarProvider/CalendarProvider.apk pkg=com.android.providers.calendar isa=x86 vmSafeMode=false debuggable=false target-filter=speed-profile oatDir = null sharedLibraries=/system/framework/android.test.runner.jar
03-21 20:23:28.902  2124  2173 W WifiMode: WiredSSID, Invalid SupportedRates!!!
03-21 20:23:28.902  2124  2171 W WifiMode: WiredSSID, Invalid SupportedRates!!!
03-21 20:23:28.903  2124  2171 W WifiMode: WiredSSID, Invalid SupportedRates!!!
03-21 20:23:29.001  3617  3617 W dex2oat : Unexpected CPU variant for X86 using defaults: x86
03-21 20:23:29.002  3617  3617 I dex2oat : /system/bin/dex2oat --compiler-filter=speed-profile --profile-file-fd=6
03-21 20:23:29.102  3617  3617 I dex2oat : Explicit concurrent mark sweep GC freed 2383(330KB) AllocSpace objects, 0(0B) LOS objects, 99% free, 1176B/1025KB, paused 23us total 2.457ms
03-21 20:23:29.170  3617  3617 I dex2oat : dex2oat took 169.303ms (threads: 2) arena alloc=3KB (3256B) java alloc=8KB (9040B) native alloc=1290KB (1321296B) free=2MB (2348720B)
03-21 20:23:29.174  2124  3610 I PackageManager.DexOptimizer: Running dexopt (dex2oat) on: /system/priv-app/MediaProvider/MediaProvider.apk pkg=com.android.providers.media isa=x86 vmSafeMode=false debuggable=false target-filter=speed oatDir = null sharedLibraries=null
03-21 20:23:29.441  3620  3620 W dex2oat : Unexpected CPU variant for X86 using defaults: x86
03-21 20:23:29.441  3620  3620 I dex2oat : /system/bin/dex2oat --compiler-filter=speed
03-21 20:23:29.703  3620  3620 I dex2oat : dex2oat took 262.456ms (threads: 2) arena alloc=3MB (4189080B) java alloc=146KB (150280B) native alloc=1276KB (1307024B) free=6MB (7081584B)
03-21 20:23:29.966  2124  3610 I PackageManager.DexOptimizer: Running dexopt (dex2oat) on: /system/priv-app/WallpaperCropper/WallpaperCropper.apk pkg=com.android.wallpapercropper isa=x86 vmSafeMode=false debuggable=false target-filter=speed-profile oatDir = null sharedLibraries=null
03-21 20:23:30.224  3624  3624 W dex2oat : Unexpected CPU variant for X86 using defaults: x86
03-21 20:23:30.224  3624  3624 I dex2oat : /system/bin/dex2oat --compiler-filter=speed-profile --profile-file-fd=6
03-21 20:23:30.285  3624  3624 I dex2oat : Explicit concurrent mark sweep GC freed 699(134KB) AllocSpace objects, 0(0B) LOS objects, 99% free, 936B/1024KB, paused 22us total 1.821ms
03-21 20:23:30.344  3624  3624 I dex2oat : dex2oat took 119.951ms (threads: 2) arena alloc=2960B (2960B) java alloc=8KB (8832B) native alloc=911KB (933048B) free=2MB (2212680B)
03-21 20:23:30.622  2124  3610 I PackageManager.DexOptimizer: Running dexopt (dex2oat) on: /system/priv-app/DocumentsUI/DocumentsUI.apk pkg=com.android.documentsui isa=x86 vmSafeMode=false debuggable=false target-filter=speed-profile oatDir = null sharedLibraries=null
03-21 20:23:30.900  3628  3628 W dex2oat : Unexpected CPU variant for X86 using defaults: x86
03-21 20:23:30.900  3628  3628 I dex2oat : /system/bin/dex2oat --compiler-filter=speed-profile --profile-file-fd=6
03-21 20:23:30.967  3628  3628 W dex2oat : Before Android 4.1, method android.graphics.PorterDuffColorFilter android.support.graphics.drawable.VectorDrawableCompat.updateTintFilter(android.graphics.PorterDuffColorFilter, android.content.res.ColorStateList, android.graphics.PorterDuff$Mode) would have incorrectly overridden the package-private method in android.graphics.drawable.Drawable
03-21 20:23:30.976  3628  3628 W dex2oat : Before Android 4.1, method int android.support.v7.widget.ListViewCompat.lookForSelectablePosition(int, boolean) would have incorrectly overridden the package-private method in android.widget.ListView
03-21 20:23:31.170  3628  3628 I dex2oat : Explicit concurrent mark sweep GC freed 6302(1398KB) AllocSpace objects, 0(0B) LOS objects, 99% free, 920B/1024KB, paused 22us total 2.768ms
03-21 20:23:31.251  3628  3628 I dex2oat : dex2oat took 351.001ms (threads: 2) arena alloc=4KB (4928B) java alloc=8KB (8816B) native alloc=2MB (2795336B) free=1878KB (1923256B)
03-21 20:23:31.534  2124  3610 I PackageManager.DexOptimizer: Running dexopt (dex2oat) on: /system/priv-app/ExternalStorageProvider/ExternalStorageProvider.apk pkg=com.android.externalstorage isa=x86 vmSafeMode=false debuggable=false target-filter=speed-profile oatDir = null sharedLibraries=null
03-21 20:23:31.847  3632  3632 W dex2oat : Unexpected CPU variant for X86 using defaults: x86
03-21 20:23:31.847  3632  3632 I dex2oat : /system/bin/dex2oat --compiler-filter=speed-profile --profile-file-fd=6
03-21 20:23:31.891  3632  3632 I dex2oat : Explicit concurrent mark sweep GC freed 154(40KB) AllocSpace objects, 0(0B) LOS objects, 99% free, 968B/1024KB, paused 337us total 2.184ms
03-21 20:23:31.946  3632  3632 I dex2oat : dex2oat took 99.422ms (threads: 2) arena alloc=4KB (5112B) java alloc=8KB (8864B) native alloc=1325KB (1357592B) free=1234KB (1263848B)
03-21 20:23:32.228  2124  3610 I PackageManager.DexOptimizer: Running dexopt (dex2oat) on: /system/app/HTMLViewer/HTMLViewer.apk pkg=com.android.htmlviewer isa=x86 vmSafeMode=false debuggable=false target-filter=speed-profile oatDir = null sharedLibraries=null
03-21 20:23:32.504  3636  3636 W dex2oat : Unexpected CPU variant for X86 using defaults: x86
03-21 20:23:32.505  3636  3636 I dex2oat : /system/bin/dex2oat --compiler-filter=speed-profile --profile-file-fd=6
03-21 20:23:32.543  3636  3636 I dex2oat : Explicit concurrent mark sweep GC freed 33(29KB) AllocSpace objects, 0(0B) LOS objects, 99% free, 920B/1024KB, paused 47us total 1.534ms
03-21 20:23:32.596  3636  3636 I dex2oat : dex2oat took 91.978ms (threads: 2) arena alloc=8KB (8536B) java alloc=8KB (8816B) native alloc=1173KB (1201416B) free=1898KB (1944312B)
03-21 20:23:32.870  2124  3610 I PackageManager.DexOptimizer: Running dexopt (dex2oat) on: /system/priv-app/MmsService/MmsService.apk pkg=com.android.mms.service isa=x86 vmSafeMode=false debuggable=false target-filter=speed-profile oatDir = null sharedLibraries=null
03-21 20:23:33.146  3640  3640 W dex2oat : Unexpected CPU variant for X86 using defaults: x86
03-21 20:23:33.147  3640  3640 I dex2oat : /system/bin/dex2oat --compiler-filter=speed-profile --profile-file-fd=6
03-21 20:23:33.197  3640  3640 I dex2oat : Explicit concurrent mark sweep GC freed 286(67KB) AllocSpace objects, 0(0B) LOS objects, 99% free, 920B/1024KB, paused 23us total 3.361ms
03-21 20:23:33.252  3640  3640 I dex2oat : dex2oat took 105.911ms (threads: 2) arena alloc=13KB (13808B) java alloc=8KB (8816B) native alloc=1289KB (1320368B) free=1782KB (1825360B)
03-21 20:23:33.575  2124  3610 I PackageManager.DexOptimizer: Running dexopt (dex2oat) on: /system/priv-app/DownloadProvider/DownloadProvider.apk pkg=com.android.providers.downloads isa=x86 vmSafeMode=false debuggable=false target-filter=speed-profile oatDir = null sharedLibraries=null
03-21 20:23:33.862  3644  3644 W dex2oat : Unexpected CPU variant for X86 using defaults: x86
03-21 20:23:33.862  3644  3644 I dex2oat : /system/bin/dex2oat --compiler-filter=speed-profile --profile-file-fd=6
03-21 20:23:33.963  3644  3644 I dex2oat : Explicit concurrent mark sweep GC freed 2273(280KB) AllocSpace objects, 0(0B) LOS objects, 99% free, 936B/1024KB, paused 22us total 2.174ms
03-21 20:23:34.022  3644  3644 I dex2oat : dex2oat took 159.535ms (threads: 2) arena alloc=3KB (3256B) java alloc=8KB (8832B) native alloc=1194KB (1222928B) free=1877KB (1922800B)
03-21 20:23:34.329  2124  3610 I PackageManager.DexOptimizer: Running dexopt (dex2oat) on: /system/app/Browser/Browser.apk pkg=com.android.browser isa=x86 vmSafeMode=false debuggable=false target-filter=speed-profile oatDir = null sharedLibraries=null
03-21 20:23:34.616  3648  3648 W dex2oat : Unexpected CPU variant for X86 using defaults: x86
03-21 20:23:34.616  3648  3648 I dex2oat : /system/bin/dex2oat --compiler-filter=speed-profile --profile-file-fd=6
03-21 20:23:34.852  3648  3648 I dex2oat : Explicit concurrent mark sweep GC freed 4907(1085KB) AllocSpace objects, 0(0B) LOS objects, 89% free, 119KB/1143KB, paused 23us total 2.720ms
03-21 20:23:34.928  3648  3648 I dex2oat : dex2oat took 312.545ms (threads: 2) arena alloc=269KB (275872B) java alloc=125KB (128600B) native alloc=2MB (2488888B) free=2MB (2753992B)
03-21 20:23:35.203  2124  3610 I PackageManager.DexOptimizer: Running dexopt (dex2oat) on: /system/priv-app/DefaultContainerService/DefaultContainerService.apk pkg=com.android.defcontainer isa=x86 vmSafeMode=false debuggable=false target-filter=speed-profile oatDir = null sharedLibraries=null
03-21 20:23:35.489  3652  3652 W dex2oat : Unexpected CPU variant for X86 using defaults: x86
03-21 20:23:35.490  3652  3652 I dex2oat : /system/bin/dex2oat --compiler-filter=speed-profile --profile-file-fd=6
03-21 20:23:35.528  3652  3652 I dex2oat : Explicit concurrent mark sweep GC freed 68(29KB) AllocSpace objects, 0(0B) LOS objects, 99% free, 968B/1024KB, paused 28us total 2.099ms
03-21 20:23:35.581  3652  3652 I dex2oat : dex2oat took 92.008ms (threads: 2) arena alloc=3KB (3792B) java alloc=8KB (8864B) native alloc=1173KB (1201344B) free=1898KB (1944384B)
03-21 20:23:35.860  2124  3610 I PackageManager.DexOptimizer: Running dexopt (dex2oat) on: /system/app/Launcher/launcher_6.0.9_zh_signed_theme_rotation.apk pkg=com.vphone.launcher isa=x86 vmSafeMode=false debuggable=false target-filter=speed-profile oatDir = null sharedLibraries=null
03-21 20:23:36.135  3656  3656 W dex2oat : Unexpected CPU variant for X86 using defaults: x86
03-21 20:23:36.138  3656  3656 I dex2oat : /system/bin/dex2oat --compiler-filter=speed-profile --profile-file-fd=6
03-21 20:23:37.797  3656  3656 I dex2oat : Explicit concurrent mark sweep GC freed 19439(4MB) AllocSpace objects, 0(0B) LOS objects, 66% free, 793KB/2MB, paused 26us total 5.790ms
03-21 20:23:38.045  3656  3656 I dex2oat : dex2oat took 1.910s (threads: 2) arena alloc=8MB (8800208B) java alloc=799KB (818240B) native alloc=11MB (12388904B) free=9MB (9631192B)
03-21 20:23:38.325  2124  3610 I PackageManager.DexOptimizer: Running dexopt (dex2oat) on: /system/app/CertInstaller/CertInstaller.apk pkg=com.android.certinstaller isa=x86 vmSafeMode=false debuggable=false target-filter=speed-profile oatDir = null sharedLibraries=null
03-21 20:23:38.606  3660  3660 W dex2oat : Unexpected CPU variant for X86 using defaults: x86
03-21 20:23:38.607  3660  3660 I dex2oat : /system/bin/dex2oat --compiler-filter=speed-profile --profile-file-fd=6
03-21 20:23:38.650  3660  3660 I dex2oat : Explicit concurrent mark sweep GC freed 260(69KB) AllocSpace objects, 0(0B) LOS objects, 99% free, 936B/1024KB, paused 23us total 2.063ms
03-21 20:23:38.703  3660  3660 I dex2oat : dex2oat took 96.936ms (threads: 2) arena alloc=3KB (3640B) java alloc=8KB (8832B) native alloc=1190KB (1219544B) free=1881KB (1926184B)
03-21 20:23:38.983  2124  3610 I PackageManager.DexOptimizer: Running dexopt (dex2oat) on: /system/priv-app/CarrierConfig/CarrierConfig.apk pkg=com.android.carrierconfig isa=x86 vmSafeMode=false debuggable=false target-filter=speed-profile oatDir = null sharedLibraries=null
03-21 20:23:39.269  3664  3664 W dex2oat : Unexpected CPU variant for X86 using defaults: x86
03-21 20:23:39.269  3664  3664 I dex2oat : /system/bin/dex2oat --compiler-filter=speed-profile --profile-file-fd=6
03-21 20:23:39.305  3664  3664 I dex2oat : Explicit concurrent mark sweep GC freed 23(26KB) AllocSpace objects, 0(0B) LOS objects, 99% free, 936B/1024KB, paused 30us total 1.475ms
03-21 20:23:39.357  3664  3664 I dex2oat : dex2oat took 88.132ms (threads: 2) arena alloc=5KB (6088B) java alloc=8KB (8832B) native alloc=1084KB (1110016B) free=1476KB (1511424B)
03-21 20:23:39.640  2124  3610 I PackageManager.DexOptimizer: Running dexopt (dex2oat) on: /system/priv-app/Contacts/Contacts.apk pkg=com.android.contacts isa=x86 vmSafeMode=false debuggable=false target-filter=speed-profile oatDir = null sharedLibraries=null
03-21 20:23:39.921  3668  3668 W dex2oat : Unexpected CPU variant for X86 using defaults: x86
03-21 20:23:39.921  3668  3668 I dex2oat : /system/bin/dex2oat --compiler-filter=speed-profile --profile-file-fd=6
03-21 20:23:40.254  3668  3668 I dex2oat : Explicit concurrent mark sweep GC freed 9383(2017KB) AllocSpace objects, 0(0B) LOS objects, 99% free, 904B/1024KB, paused 26us total 4.608ms
03-21 20:23:40.423  3668  3668 I dex2oat : dex2oat took 502.664ms (threads: 2) arena alloc=15KB (15864B) java alloc=8KB (8800B) native alloc=3MB (3827464B) free=1894KB (1939704B)
03-21 20:23:40.741  2124  3610 I PackageManager.DexOptimizer: Running dexopt (dex2oat) on: /system/app/Camera2/Camera2.apk pkg=com.android.camera2 isa=x86 vmSafeMode=false debuggable=false target-filter=speed-profile oatDir = null sharedLibraries=null
03-21 20:23:41.017  3672  3672 W dex2oat : Unexpected CPU variant for X86 using defaults: x86
03-21 20:23:41.017  3672  3672 I dex2oat : /system/bin/dex2oat --compiler-filter=speed-profile --profile-file-fd=6
03-21 20:23:41.354  3672  3672 I dex2oat : Explicit concurrent mark sweep GC freed 10294(1551KB) AllocSpace objects, 0(0B) LOS objects, 99% free, 904B/1024KB, paused 24us total 3.574ms
03-21 20:23:41.444  3672  3672 I dex2oat : dex2oat took 429.202ms (threads: 2) arena alloc=2408B (2408B) java alloc=8KB (8800B) native alloc=3MB (3860040B) free=2MB (2431416B)
03-21 20:23:41.723  2124  3610 I PackageManager.DexOptimizer: Running dexopt (dex2oat) on: /system/app/EasterEgg/EasterEgg.apk pkg=com.android.egg isa=x86 vmSafeMode=false debuggable=false target-filter=speed-profile oatDir = null sharedLibraries=null
03-21 20:23:42.062  3676  3676 W dex2oat : Unexpected CPU variant for X86 using defaults: x86
03-21 20:23:42.063  3676  3676 I dex2oat : /system/bin/dex2oat --compiler-filter=speed-profile --profile-file-fd=6
03-21 20:23:42.128  3676  3676 W dex2oat : Before Android 4.1, method double java.util.concurrent.ThreadLocalRandom.internalNextDouble(double, double) would have incorrectly overridden the package-private method in java.util.Random
03-21 20:23:42.128  3676  3676 W dex2oat : Before Android 4.1, method int java.util.concurrent.ThreadLocalRandom.internalNextInt(int, int) would have incorrectly overridden the package-private method in java.util.Random
03-21 20:23:42.128  3676  3676 W dex2oat : Before Android 4.1, method long java.util.concurrent.ThreadLocalRandom.internalNextLong(long, long) would have incorrectly overridden the package-private method in java.util.Random
03-21 20:23:42.156  3676  3676 I dex2oat : Explicit concurrent mark sweep GC freed 1571(231KB) AllocSpace objects, 0(0B) LOS objects, 99% free, 920B/1024KB, paused 23us total 1.871ms
03-21 20:23:42.217  3676  3676 I dex2oat : dex2oat took 154.364ms (threads: 2) arena alloc=4KB (4280B) java alloc=8KB (8816B) native alloc=1213KB (1242424B) free=1858KB (1903304B)
03-21 20:23:42.493  2124  3610 I PackageManager.DexOptimizer: Running dexopt (dex2oat) on: /system/priv-app/MtpDocumentsProvider/MtpDocumentsProvider.apk pkg=com.android.mtp isa=x86 vmSafeMode=false debuggable=false target-filter=speed-profile oatDir = null sharedLibraries=null
03-21 20:23:42.771  3680  3680 W dex2oat : Unexpected CPU variant for X86 using defaults: x86
03-21 20:23:42.772  3680  3680 I dex2oat : /system/bin/dex2oat --compiler-filter=speed-profile --profile-file-fd=6
03-21 20:23:42.820  3680  3680 I dex2oat : Explicit concurrent mark sweep GC freed 182(50KB) AllocSpace objects, 0(0B) LOS objects, 99% free, 952B/1024KB, paused 40us total 1.726ms
03-21 20:23:42.874  3680  3680 I dex2oat : dex2oat took 102.583ms (threads: 2) arena alloc=1376B (1376B) java alloc=8KB (8848B) native alloc=1356KB (1388632B) free=1715KB (1757096B)
03-21 20:23:43.157  2124  3610 I PackageManager.DexOptimizer: Running dexopt (dex2oat) on: /system/priv-app/BackupRestoreConfirmation/BackupRestoreConfirmation.apk pkg=com.android.backupconfirm isa=x86 vmSafeMode=false debuggable=false target-filter=speed-profile oatDir = null sharedLibraries=null
03-21 20:23:43.438  3684  3684 W dex2oat : Unexpected CPU variant for X86 using defaults: x86
03-21 20:23:43.438  3684  3684 I dex2oat : /system/bin/dex2oat --compiler-filter=speed-profile --profile-file-fd=6
03-21 20:23:43.475  3684  3684 I dex2oat : Explicit concurrent mark sweep GC freed 62(31KB) AllocSpace objects, 0(0B) LOS objects, 99% free, 984B/1024KB, paused 27us total 1.773ms
03-21 20:23:43.526  3684  3684 I dex2oat : dex2oat took 88.598ms (threads: 2) arena alloc=4KB (5064B) java alloc=8KB (8880B) native alloc=1087KB (1113432B) free=1984KB (2032296B)
03-21 20:23:43.801  2124  3610 I PackageManager.DexOptimizer: Running dexopt (dex2oat) on: /system/priv-app/Provision/Provision.apk pkg=com.android.provision isa=x86 vmSafeMode=false debuggable=false target-filter=speed-profile oatDir = null sharedLibraries=null
03-21 20:23:44.094  3688  3688 W dex2oat : Unexpected CPU variant for X86 using defaults: x86
03-21 20:23:44.094  3688  3688 I dex2oat : /system/bin/dex2oat --compiler-filter=speed-profile --profile-file-fd=6
03-21 20:23:44.130  3688  3688 I dex2oat : Explicit concurrent mark sweep GC freed 15(26KB) AllocSpace objects, 0(0B) LOS objects, 99% free, 920B/1024KB, paused 42us total 3.182ms
03-21 20:23:44.180  3688  3688 I dex2oat : dex2oat took 86.926ms (threads: 2) arena alloc=0B (0B) java alloc=8KB (8816B) native alloc=1082KB (1108208B) free=1477KB (1513232B)
03-21 20:23:44.473  2124  3610 I PackageManager.DexOptimizer: Running dexopt (dex2oat) on: /system/priv-app/StatementService/StatementService.apk pkg=com.android.statementservice isa=x86 vmSafeMode=false debuggable=false target-filter=speed-profile oatDir = null sharedLibraries=null
03-21 20:23:44.751  3692  3692 W dex2oat : Unexpected CPU variant for X86 using defaults: x86
03-21 20:23:44.751  3692  3692 I dex2oat : /system/bin/dex2oat --compiler-filter=speed-profile --profile-file-fd=6
03-21 20:23:44.796  3692  3692 I dex2oat : Explicit concurrent mark sweep GC freed 195(44KB) AllocSpace objects, 0(0B) LOS objects, 99% free, 936B/1024KB, paused 35us total 2.965ms
03-21 20:23:44.851  3692  3692 I dex2oat : dex2oat took 100.556ms (threads: 2) arena alloc=2696B (2696B) java alloc=8KB (8832B) native alloc=1401KB (1434976B) free=1158KB (1186464B)
03-21 20:23:45.127  2124  3610 I PackageManager.DexOptimizer: Running dexopt (dex2oat) on: /system/priv-app/SettingsProvider/SettingsProvider.apk pkg=com.android.providers.settings isa=x86 vmSafeMode=false debuggable=false target-filter=speed-profile oatDir = null sharedLibraries=null
03-21 20:23:45.407  3696  3696 W dex2oat : Unexpected CPU variant for X86 using defaults: x86
03-21 20:23:45.407  3696  3696 I dex2oat : /system/bin/dex2oat --compiler-filter=speed-profile --profile-file-fd=6
03-21 20:23:45.464  3696  3696 I dex2oat : Explicit concurrent mark sweep GC freed 195(54KB) AllocSpace objects, 0(0B) LOS objects, 99% free, 936B/1024KB, paused 28us total 1.898ms
03-21 20:23:45.517  3696  3696 I dex2oat : dex2oat took 109.470ms (threads: 2) arena alloc=162KB (166024B) java alloc=8KB (8832B) native alloc=1242KB (1271848B) free=2MB (2398168B)
03-21 20:23:45.797  2124  3610 I PackageManager.DexOptimizer: Running dexopt (dex2oat) on: /system/priv-app/SharedStorageBackup/SharedStorageBackup.apk pkg=com.android.sharedstoragebackup isa=x86 vmSafeMode=false debuggable=false target-filter=speed-profile oatDir = null sharedLibraries=null
03-21 20:23:46.071  3700  3700 W dex2oat : Unexpected CPU variant for X86 using defaults: x86
03-21 20:23:46.071  3700  3700 I dex2oat : /system/bin/dex2oat --compiler-filter=speed-profile --profile-file-fd=6
03-21 20:23:46.104  3700  3700 I dex2oat : Explicit concurrent mark sweep GC freed 38(32KB) AllocSpace objects, 0(0B) LOS objects, 99% free, 952B/1024KB, paused 28us total 1.666ms
03-21 20:23:46.153  3700  3700 I dex2oat : dex2oat took 81.977ms (threads: 2) arena alloc=14KB (14448B) java alloc=8KB (8848B) native alloc=1034KB (1059048B) free=1525KB (1562392B)
03-21 20:23:46.410  2124  3610 I PackageManager.DexOptimizer: Running dexopt (dex2oat) on: /system/app/PrintSpooler/PrintSpooler.apk pkg=com.android.printspooler isa=x86 vmSafeMode=false debuggable=false target-filter=speed-profile oatDir = null sharedLibraries=null
03-21 20:23:46.671  3704  3704 W dex2oat : Unexpected CPU variant for X86 using defaults: x86
03-21 20:23:46.671  3704  3704 I dex2oat : /system/bin/dex2oat --compiler-filter=speed-profile --profile-file-fd=6
03-21 20:23:46.788  3704  3704 I dex2oat : Explicit concurrent mark sweep GC freed 2277(396KB) AllocSpace objects, 0(0B) LOS objects, 99% free, 920B/1024KB, paused 23us total 2.313ms
03-21 20:23:46.847  3704  3704 I dex2oat : dex2oat took 176.666ms (threads: 2) arena alloc=2368B (2368B) java alloc=8KB (8816B) native alloc=1364KB (1397624B) free=2MB (2796680B)
03-21 20:23:47.147  2124  3610 I PackageManager.DexOptimizer: Running dexopt (dex2oat) on: /system/app/BasicDreams/BasicDreams.apk pkg=com.android.dreams.basic isa=x86 vmSafeMode=false debuggable=false target-filter=speed-profile oatDir = null sharedLibraries=null
03-21 20:23:47.404  3708  3708 W dex2oat : Unexpected CPU variant for X86 using defaults: x86
03-21 20:23:47.404  3708  3708 I dex2oat : /system/bin/dex2oat --compiler-filter=speed-profile --profile-file-fd=6
03-21 20:23:47.439  3708  3708 I dex2oat : Explicit concurrent mark sweep GC freed 51(32KB) AllocSpace objects, 0(0B) LOS objects, 99% free, 920B/1024KB, paused 26us total 1.508ms
03-21 20:23:47.490  3708  3708 I dex2oat : dex2oat took 85.891ms (threads: 2) arena alloc=5KB (6104B) java alloc=8KB (8816B) native alloc=1042KB (1067200B) free=2029KB (2078528B)
03-21 20:23:47.750  2124  3610 I PackageManager.DexOptimizer: Running dexopt (dex2oat) on: /system/priv-app/InputDevices/InputDevices.apk pkg=com.android.inputdevices isa=x86 vmSafeMode=false debuggable=false target-filter=speed-profile oatDir = null sharedLibraries=null
03-21 20:23:48.008  3712  3712 W dex2oat : Unexpected CPU variant for X86 using defaults: x86
