03-21 19:23:26.333  1840  1840 I OMXClient: MuxOMX ctor
03-21 19:23:26.335  1837  2311 I OMXMaster: makeComponentInstance(OMX.google.h264.decoder) in mediacodec process
03-21 19:23:26.348  2124  2124 D ConditionProviders.SCP: onSubscribe condition://android/schedule?days=6.7&start=23.30&end=10.0&exitAtAlarm=false
03-21 19:23:26.348  2124  2124 D ConditionProviders.SCP: setRegistered true
03-21 19:23:26.349  2124  2124 D ConditionProviders.SCP: notifyCondition condition://android/schedule?days=6.7&start=23.30&end=10.0&exitAtAlarm=false STATE_FALSE reason=!meetsSchedule
03-21 19:23:26.349  2124  2124 D ConditionProviders.SCP: Scheduling evaluate for Mon Mar 21 23:30:00 GMT+08:00 2022 (1647876600000), in +4h6m33s652ms, now=Mon Mar 21 19:23:26 GMT+08:00 2022 (1647861806348)
03-21 19:23:26.349  2124  2124 D ConditionProviders.SCP: onSubscribe condition://android/schedule?days=1.2.3.4.5&start=22.0&end=7.0&exitAtAlarm=false
03-21 19:23:26.350  2124  2124 D ConditionProviders.SCP: notifyCondition condition://android/schedule?days=6.7&start=23.30&end=10.0&exitAtAlarm=false STATE_FALSE reason=!meetsSchedule
03-21 19:23:26.350  2124  2124 D ConditionProviders.SCP: notifyCondition condition://android/schedule?days=1.2.3.4.5&start=22.0&end=7.0&exitAtAlarm=false STATE_FALSE reason=!meetsSchedule
03-21 19:23:26.350  1840  1840 W ACodec  : [OMX.google.h264.decoder] stopping checking profiles after 32: 2/8000
03-21 19:23:26.350  2124  2124 D ConditionProviders.SCP: Scheduling evaluate for Mon Mar 21 22:00:00 GMT+08:00 2022 (1647871200000), in +2h36m33s650ms, now=Mon Mar 21 19:23:26 GMT+08:00 2022 (1647861806350)
03-21 19:23:26.350  1837  2316 E OMXNodeInstance: getExtensionIndex(72d0026:google.h264.decoder, OMX.google.android.index.configureVideoTunnelMode) ERROR: UnsupportedIndex(0x8000101a)
03-21 19:23:26.350  1837  2311 W OMXNodeInstance: [72d0026:google.h264.decoder] component does not support metadata mode; using fallback
03-21 19:23:26.352  1840  1840 I MediaPlayerService: MediaPlayerService::getOMX
03-21 19:23:26.352  1840  1840 I OMXClient: MuxOMX ctor
03-21 19:23:26.353  1837  2311 I OMXMaster: makeComponentInstance(OMX.google.hevc.decoder) in mediacodec process
03-21 19:23:26.356  2124  2124 I Telecom : WiredHeadsetManager: ACTION_HEADSET_PLUG event, plugged in: false, : WHC.oADA@AAE
03-21 19:23:26.361  2124  2181 E ActivityThread: Failed to find provider info for com.android.calendar
03-21 19:23:26.364  1837  2311 E OMXNodeInstance: getExtensionIndex(72d0027:google.hevc.decoder, OMX.google.android.index.configureVideoTunnelMode) ERROR: UnsupportedIndex(0x8000101a)
03-21 19:23:26.364  1837  1837 W OMXNodeInstance: [72d0027:google.hevc.decoder] component does not support metadata mode; using fallback
03-21 19:23:26.366  1840  1840 I MediaPlayerService: MediaPlayerService::getOMX
03-21 19:23:26.366  1840  1840 I OMXClient: MuxOMX ctor
03-21 19:23:26.366  1837  1837 I OMXMaster: makeComponentInstance(OMX.google.vp8.decoder) in mediacodec process
03-21 19:23:26.368  2124  2181 E ActivityThread: Failed to find provider info for com.android.calendar
03-21 19:23:26.368  2124  2124 I ActivityManager: user 0 is still locked. Cannot load recents
03-21 19:23:26.369  1837  2311 E OMXNodeInstance: getExtensionIndex(72d0028:google.vp8.decoder, OMX.google.android.index.configureVideoTunnelMode) ERROR: UnsupportedIndex(0x8000101a)
03-21 19:23:26.369  1837  1837 W OMXNodeInstance: [72d0028:google.vp8.decoder] component does not support metadata mode; using fallback
03-21 19:23:26.373  1840  1840 I MediaPlayerService: MediaPlayerService::getOMX
03-21 19:23:26.373  1840  1840 I OMXClient: MuxOMX ctor
03-21 19:23:26.373  1837  1837 I OMXMaster: makeComponentInstance(OMX.google.vp9.decoder) in mediacodec process
03-21 19:23:26.374  2124  2136 I SyncManager: Got SyncJobService instance.
03-21 19:23:26.377  1837  1837 E OMXNodeInstance: getExtensionIndex(72d0029:google.vp9.decoder, OMX.google.android.index.configureVideoTunnelMode) ERROR: UnsupportedIndex(0x8000101a)
03-21 19:23:26.377  1837  1837 W OMXNodeInstance: [72d0029:google.vp9.decoder] component does not support metadata mode; using fallback
03-21 19:23:26.378  1840  1840 I MediaPlayerService: MediaPlayerService::getOMX
03-21 19:23:26.378  1840  1840 I OMXClient: MuxOMX ctor
03-21 19:23:26.378  1837  2311 I OMXMaster: makeComponentInstance(OMX.google.h263.encoder) in mediacodec process
03-21 19:23:26.379  1837  2311 I SoftMPEG4Encoder: Construct SoftMPEG4Encoder
03-21 19:23:26.380  1840  1840 W ACodec  : do not know color format 0x7f000789 = 2130708361
03-21 19:23:26.380  1837  1837 E OMXNodeInstance: getConfig(72d002a:google.h263.encoder, ConfigAndroidIntraRefresh(0x6f60000a)) ERROR: Undefined(0x80001001)
03-21 19:23:26.381  1840  1840 I MediaPlayerService: MediaPlayerService::getOMX
03-21 19:23:26.381  1840  1840 I OMXClient: MuxOMX ctor
03-21 19:23:26.381  1837  1867 I OMXMaster: makeComponentInstance(OMX.google.h264.encoder) in mediacodec process
03-21 19:23:26.385  1840  1840 W ACodec  : do not know color format 0x7f000789 = 2130708361
03-21 19:23:26.386  1840  1840 I MediaPlayerService: MediaPlayerService::getOMX
03-21 19:23:26.386  1840  1840 I OMXClient: MuxOMX ctor
03-21 19:23:26.386  1837  2316 I OMXMaster: makeComponentInstance(OMX.google.mpeg4.encoder) in mediacodec process
03-21 19:23:26.388  1837  2316 I SoftMPEG4Encoder: Construct SoftMPEG4Encoder
03-21 19:23:26.390  1840  1840 W ACodec  : do not know color format 0x7f000789 = 2130708361
03-21 19:23:26.390  1837  1837 E OMXNodeInstance: getConfig(72d002c:google.mpeg4.encoder, ConfigAndroidIntraRefresh(0x6f60000a)) ERROR: Undefined(0x80001001)
03-21 19:23:26.395  1840  1840 I MediaPlayerService: MediaPlayerService::getOMX
03-21 19:23:26.395  1840  1840 I OMXClient: MuxOMX ctor
03-21 19:23:26.395  1837  1867 I OMXMaster: makeComponentInstance(OMX.google.vp8.encoder) in mediacodec process
03-21 19:23:26.404  2248  2248 D TelephonyProvider: dbh.onOpen: ok, queried table=siminfo
03-21 19:23:26.405  2248  2248 D TelephonyProvider: dbh.onOpen: ok, queried table=carriers
03-21 19:23:26.411  1840  1840 W ACodec  : do not know color format 0x7f000789 = 2130708361
03-21 19:23:26.411  1837  1837 E OMXNodeInstance: getConfig(72d002d:google.vp8.encoder, ConfigAndroidIntraRefresh(0x6f60000a)) ERROR: Undefined(0x80001001)
03-21 19:23:26.412  1840  1840 I MediaPlayerService: MediaPlayerService::getOMX
03-21 19:23:26.412  1840  1840 I OMXClient: MuxOMX ctor
03-21 19:23:26.413  1840  1840 W MediaCodecList: unable to open media codecs configuration xml file: /etc/media_codecs_performance.xml
03-21 19:23:26.413  1840  1840 I MediaPlayerService: MediaPlayerService::getOMX
03-21 19:23:26.413  1840  1840 I OMXClient: MuxOMX ctor
03-21 19:23:26.413  1840  1840 W MediaCodecList: unable to open media codecs configuration xml file: /data/misc/media/media_codecs_profiling_results.xml
03-21 19:23:26.414  1840  1889 I MediaPlayerService: MediaPlayerService::getOMX
03-21 19:23:26.415  1840  1840 I MediaPlayerService: MediaPlayerService::getOMX
03-21 19:23:26.415  2192  2363 I OMXClient: MuxOMX ctor
03-21 19:23:26.416  2124  2240 I chatty  : uid=1000 system_server expire 2 lines
03-21 19:23:26.417  1837  2311 I OMXMaster: makeComponentInstance(OMX.ffmpeg.vorbis.decoder) in mediacodec process
03-21 19:23:26.417  1837  2311 V FFmpegOMXPlugin: makeComponentInstance 'OMX.ffmpeg.vorbis.decoder'
03-21 19:23:26.417  1837  2311 D SoftFFmpegAudio: SoftFFmpegAudio component: OMX.ffmpeg.vorbis.decoder mCodingType: 24
03-21 19:23:26.418  1837  2316 I OMXMaster: makeComponentInstance(OMX.ffmpeg.vorbis.decoder) in mediacodec process
03-21 19:23:26.418  1837  2316 V FFmpegOMXPlugin: makeComponentInstance 'OMX.ffmpeg.vorbis.decoder'
03-21 19:23:26.418  1837  2316 D SoftFFmpegAudio: SoftFFmpegAudio component: OMX.ffmpeg.vorbis.decoder mCodingType: 24
03-21 19:23:26.418  2192  2363 D FFMPEGSoftCodec: No PCM format specified, using 16 bit
03-21 19:23:26.419  1837  1867 D SoftFFmpegAudio: set OMX_IndexParamAudioVorbis, nChannels=2, nSampleRate=44100, nBitRate=0, nMinBitRate=0, nMaxBitRate=0
03-21 19:23:26.419  1837  2311 D SoftFFmpegAudio: set OMX_IndexParamAudioVorbis, nChannels=2, nSampleRate=44100, nBitRate=0, nMinBitRate=0, nMaxBitRate=0
03-21 19:23:26.432  1837  2392 D SoftFFmpegAudio: begin to open ffmpeg audio decoder(vorbis), mCtx sample_rate: 44100, channels: 2
03-21 19:23:26.432  1837  2392 D SoftFFmpegAudio: open ffmpeg audio decoder(vorbis) success, mCtx sample_rate: 44100, channels: 2, sample_fmt: fltp, bits_per_coded_sample: 0, bits_per_raw_sample: 0
03-21 19:23:26.433  1837  2394 D SoftFFmpegAudio: begin to open ffmpeg audio decoder(vorbis), mCtx sample_rate: 44100, channels: 2
03-21 19:23:26.434  1837  2394 D SoftFFmpegAudio: open ffmpeg audio decoder(vorbis) success, mCtx sample_rate: 44100, channels: 2, sample_fmt: fltp, bits_per_coded_sample: 0, bits_per_raw_sample: 0
03-21 19:23:26.434  1837  2394 I SoftFFmpegAudio: Create sample rate converter for conversion of 44100 Hz fltp 2 channels(stereo) to 44100 Hz s16 2 channels(stereo)!
03-21 19:23:26.435  1837  2392 I SoftFFmpegAudio: Create sample rate converter for conversion of 44100 Hz fltp 2 channels(stereo) to 44100 Hz s16 2 channels(stereo)!
03-21 19:23:26.446  1837  2394 D SoftFFmpegAudio: ffmpeg audio decoder eos
03-21 19:23:26.446  1837  2394 D SoftFFmpegAudio: ffmpeg audio decoder fill eos outbuf
03-21 19:23:26.471  1837  2392 D SoftFFmpegAudio: ffmpeg audio decoder eos
03-21 19:23:26.471  1837  2392 D SoftFFmpegAudio: ffmpeg audio decoder fill eos outbuf
03-21 19:23:26.481  1840  2253 I MediaPlayerService: MediaPlayerService::getOMX
03-21 19:23:26.484  2124  2401 I chatty  : uid=1000 system_server expire 2 lines
03-21 19:23:26.490  1837  1867 I OMXMaster: makeComponentInstance(OMX.ffmpeg.vorbis.decoder) in mediacodec process
03-21 19:23:26.490  1837  1867 V FFmpegOMXPlugin: makeComponentInstance 'OMX.ffmpeg.vorbis.decoder'
03-21 19:23:26.490  1837  1867 D SoftFFmpegAudio: SoftFFmpegAudio component: OMX.ffmpeg.vorbis.decoder mCodingType: 24
03-21 19:23:26.491  1837  1837 D SoftFFmpegAudio: set OMX_IndexParamAudioVorbis, nChannels=2, nSampleRate=44100, nBitRate=0, nMinBitRate=0, nMaxBitRate=0
03-21 19:23:26.494  1840  1889 I MediaPlayerService: MediaPlayerService::getOMX
03-21 19:23:26.499  2192  2405 I OMXClient: MuxOMX ctor
03-21 19:23:26.502  1837  2396 I OMXMaster: makeComponentInstance(OMX.ffmpeg.vorbis.decoder) in mediacodec process
03-21 19:23:26.502  1837  2396 V FFmpegOMXPlugin: makeComponentInstance 'OMX.ffmpeg.vorbis.decoder'
03-21 19:23:26.502  1837  2396 D SoftFFmpegAudio: SoftFFmpegAudio component: OMX.ffmpeg.vorbis.decoder mCodingType: 24
03-21 19:23:26.502  2192  2405 D FFMPEGSoftCodec: No PCM format specified, using 16 bit
03-21 19:23:26.511  1837  1837 D SoftFFmpegAudio: set OMX_IndexParamAudioVorbis, nChannels=2, nSampleRate=44100, nBitRate=0, nMinBitRate=0, nMaxBitRate=0
03-21 19:23:26.517  1837  2403 D SoftFFmpegAudio: begin to open ffmpeg audio decoder(vorbis), mCtx sample_rate: 44100, channels: 2
03-21 19:23:26.518  1837  2403 D SoftFFmpegAudio: open ffmpeg audio decoder(vorbis) success, mCtx sample_rate: 44100, channels: 2, sample_fmt: fltp, bits_per_coded_sample: 0, bits_per_raw_sample: 0
03-21 19:23:26.522  1837  2403 I SoftFFmpegAudio: Create sample rate converter for conversion of 44100 Hz fltp 2 channels(stereo) to 44100 Hz s16 2 channels(stereo)!
03-21 19:23:26.530  1837  2408 D SoftFFmpegAudio: begin to open ffmpeg audio decoder(vorbis), mCtx sample_rate: 44100, channels: 2
03-21 19:23:26.531  1837  2408 D SoftFFmpegAudio: open ffmpeg audio decoder(vorbis) success, mCtx sample_rate: 44100, channels: 2, sample_fmt: fltp, bits_per_coded_sample: 0, bits_per_raw_sample: 0
03-21 19:23:26.532  1837  2408 I SoftFFmpegAudio: Create sample rate converter for conversion of 44100 Hz fltp 2 channels(stereo) to 44100 Hz s16 2 channels(stereo)!
03-21 19:23:26.540  1837  2403 D SoftFFmpegAudio: ffmpeg audio decoder eos
03-21 19:23:26.540  1837  2403 D SoftFFmpegAudio: ffmpeg audio decoder fill eos outbuf
03-21 19:23:26.549  2192  2192 I vol.Events: writeEvent collection_started
03-21 19:23:26.567  2192  2415 I vol.Events: writeEvent external_ringer_mode_changed normal
03-21 19:23:26.567  2192  2415 I vol.Events: writeEvent internal_ringer_mode_changed normal
03-21 19:23:26.581  1837  2408 D SoftFFmpegAudio: ffmpeg audio decoder eos
03-21 19:23:26.581  1837  2408 D SoftFFmpegAudio: ffmpeg audio decoder fill eos outbuf
03-21 19:23:26.607  1840  1840 I MediaPlayerService: MediaPlayerService::getOMX
03-21 19:23:26.609  2124  2418 I chatty  : uid=1000 system_server expire 2 lines
03-21 19:23:26.616  1837  1837 I OMXMaster: makeComponentInstance(OMX.ffmpeg.vorbis.decoder) in mediacodec process
03-21 19:23:26.616  1837  1837 V FFmpegOMXPlugin: makeComponentInstance 'OMX.ffmpeg.vorbis.decoder'
03-21 19:23:26.617  1837  1837 D SoftFFmpegAudio: SoftFFmpegAudio component: OMX.ffmpeg.vorbis.decoder mCodingType: 24
03-21 19:23:26.619  1837  2311 D SoftFFmpegAudio: set OMX_IndexParamAudioVorbis, nChannels=2, nSampleRate=44100, nBitRate=0, nMinBitRate=0, nMaxBitRate=0
03-21 19:23:26.640  1837  2420 D SoftFFmpegAudio: begin to open ffmpeg audio decoder(vorbis), mCtx sample_rate: 44100, channels: 2
03-21 19:23:26.641  1837  2420 D SoftFFmpegAudio: open ffmpeg audio decoder(vorbis) success, mCtx sample_rate: 44100, channels: 2, sample_fmt: fltp, bits_per_coded_sample: 0, bits_per_raw_sample: 0
03-21 19:23:26.643  1837  2420 I SoftFFmpegAudio: Create sample rate converter for conversion of 44100 Hz fltp 2 channels(stereo) to 44100 Hz s16 2 channels(stereo)!
03-21 19:23:26.658  1840  1889 I MediaPlayerService: MediaPlayerService::getOMX
03-21 19:23:26.659  2192  2422 I OMXClient: MuxOMX ctor
03-21 19:23:26.661  1837  1867 I OMXMaster: makeComponentInstance(OMX.ffmpeg.vorbis.decoder) in mediacodec process
03-21 19:23:26.661  1837  1867 V FFmpegOMXPlugin: makeComponentInstance 'OMX.ffmpeg.vorbis.decoder'
03-21 19:23:26.661  1837  1867 D SoftFFmpegAudio: SoftFFmpegAudio component: OMX.ffmpeg.vorbis.decoder mCodingType: 24
03-21 19:23:26.661  2192  2422 D FFMPEGSoftCodec: No PCM format specified, using 16 bit
03-21 19:23:26.662  1837  1867 D SoftFFmpegAudio: set OMX_IndexParamAudioVorbis, nChannels=2, nSampleRate=44100, nBitRate=0, nMinBitRate=0, nMaxBitRate=0
03-21 19:23:26.672  1837  2423 D SoftFFmpegAudio: begin to open ffmpeg audio decoder(vorbis), mCtx sample_rate: 44100, channels: 2
03-21 19:23:26.678  1837  2423 D SoftFFmpegAudio: open ffmpeg audio decoder(vorbis) success, mCtx sample_rate: 44100, channels: 2, sample_fmt: fltp, bits_per_coded_sample: 0, bits_per_raw_sample: 0
03-21 19:23:26.678  1837  2423 I SoftFFmpegAudio: Create sample rate converter for conversion of 44100 Hz fltp 2 channels(stereo) to 44100 Hz s16 2 channels(stereo)!
03-21 19:23:26.679  1837  2420 D SoftFFmpegAudio: ffmpeg audio decoder eos
03-21 19:23:26.679  1837  2420 D SoftFFmpegAudio: ffmpeg audio decoder fill eos outbuf
03-21 19:23:26.684  1837  2423 D SoftFFmpegAudio: ffmpeg audio decoder eos
03-21 19:23:26.684  1837  2423 D SoftFFmpegAudio: ffmpeg audio decoder fill eos outbuf
03-21 19:23:26.694  2192  2415 I vol.Events: writeEvent level_changed STREAM_ALARM 6
03-21 19:23:26.696  2192  2415 I vol.Events: writeEvent level_changed STREAM_BLUETOOTH_SCO 7
03-21 19:23:26.698  2192  2415 I vol.Events: writeEvent level_changed STREAM_MUSIC 11
03-21 19:23:26.699  2192  2415 I vol.Events: writeEvent level_changed STREAM_RING 5
03-21 19:23:26.700  2248  2248 D PhoneSwitcherNetworkRequstListener: Registering NetworkFactory
03-21 19:23:26.701  2124  2175 D ConnectivityService: Got NetworkFactory Messenger for PhoneSwitcherNetworkRequstListener
03-21 19:23:26.701  1840  1889 I MediaPlayerService: MediaPlayerService::getOMX
03-21 19:23:26.702  2192  2415 I vol.Events: writeEvent level_changed STREAM_SYSTEM 5
03-21 19:23:26.704  2124  2425 I chatty  : uid=1000 system_server expire 2 lines
03-21 19:23:26.707  1837  2316 I OMXMaster: makeComponentInstance(OMX.ffmpeg.vorbis.decoder) in mediacodec process
03-21 19:23:26.707  1837  2316 V FFmpegOMXPlugin: makeComponentInstance 'OMX.ffmpeg.vorbis.decoder'
03-21 19:23:26.707  1837  2316 D SoftFFmpegAudio: SoftFFmpegAudio component: OMX.ffmpeg.vorbis.decoder mCodingType: 24
03-21 19:23:26.710  1837  2311 D SoftFFmpegAudio: set OMX_IndexParamAudioVorbis, nChannels=2, nSampleRate=44100, nBitRate=0, nMinBitRate=0, nMaxBitRate=0
03-21 19:23:26.712  1833  1876 D EmulatedCamera_Factory: We have host camera, restart camera server later
03-21 19:23:26.713  2124  2175 D ConnectivityService: Got NetworkFactory Messenger for TelephonyNetworkFactory[0]
03-21 19:23:26.726  2192  2415 I vol.Events: writeEvent level_changed STREAM_VOICE_CALL 4
03-21 19:23:26.726  1837  2427 D SoftFFmpegAudio: begin to open ffmpeg audio decoder(vorbis), mCtx sample_rate: 44100, channels: 2
03-21 19:23:26.727  1837  2427 D SoftFFmpegAudio: open ffmpeg audio decoder(vorbis) success, mCtx sample_rate: 44100, channels: 2, sample_fmt: fltp, bits_per_coded_sample: 0, bits_per_raw_sample: 0
03-21 19:23:26.728  1837  2427 I SoftFFmpegAudio: Create sample rate converter for conversion of 44100 Hz fltp 2 channels(stereo) to 44100 Hz s16 2 channels(stereo)!
03-21 19:23:26.738  1837  2427 D SoftFFmpegAudio: ffmpeg audio decoder eos
03-21 19:23:26.738  1837  2427 D SoftFFmpegAudio: ffmpeg audio decoder fill eos outbuf
03-21 19:23:26.747  2248  2431 E ActivityThread: Failed to find provider info for com.android.contacts
03-21 19:23:26.747  2248  2431 W CallerInfoCache: cursor is null
03-21 19:23:26.751  1840  2253 I MediaPlayerService: MediaPlayerService::getOMX
03-21 19:23:26.752  2124  2432 I chatty  : uid=1000 system_server expire 2 lines
03-21 19:23:26.757  1837  2411 I OMXMaster: makeComponentInstance(OMX.ffmpeg.vorbis.decoder) in mediacodec process
03-21 19:23:26.757  1837  2411 V FFmpegOMXPlugin: makeComponentInstance 'OMX.ffmpeg.vorbis.decoder'
03-21 19:23:26.757  1837  2411 D SoftFFmpegAudio: SoftFFmpegAudio component: OMX.ffmpeg.vorbis.decoder mCodingType: 24
03-21 19:23:26.759  1837  2311 D SoftFFmpegAudio: set OMX_IndexParamAudioVorbis, nChannels=2, nSampleRate=44100, nBitRate=0, nMinBitRate=0, nMaxBitRate=0
03-21 19:23:26.761  2248  2248 D CarrierConfigLoader: CarrierConfigLoader has started
03-21 19:23:26.765  2124  2205 D BluetoothManagerService: Trying to bind to profile: 1, while Bluetooth was disabled
03-21 19:23:26.768  1837  2433 D SoftFFmpegAudio: begin to open ffmpeg audio decoder(vorbis), mCtx sample_rate: 44100, channels: 2
03-21 19:23:26.768  1837  2433 D SoftFFmpegAudio: open ffmpeg audio decoder(vorbis) success, mCtx sample_rate: 44100, channels: 2, sample_fmt: fltp, bits_per_coded_sample: 0, bits_per_raw_sample: 0
03-21 19:23:26.768  1837  2433 I SoftFFmpegAudio: Create sample rate converter for conversion of 44100 Hz fltp 2 channels(stereo) to 44100 Hz s16 2 channels(stereo)!
03-21 19:23:26.774  2192  2192 D         : static HostConnection *HostConnection::createUnique(): call
03-21 19:23:26.776  2192  2192 D         : HostConnection::get() New Host Connection established 0xc6acb530, tid 2192
03-21 19:23:26.777  1837  2433 D SoftFFmpegAudio: ffmpeg audio decoder eos
03-21 19:23:26.777  1837  2433 D SoftFFmpegAudio: ffmpeg audio decoder fill eos outbuf
03-21 19:23:26.795  2248  2248 I Telephony: TtyManager: updateUiTtyMode -1 -> 0
03-21 19:23:26.798  1840  2391 I MediaPlayerService: MediaPlayerService::getOMX
03-21 19:23:26.799  2124  2437 I chatty  : uid=1000 system_server expire 2 lines
03-21 19:23:26.805  1837  2396 I OMXMaster: makeComponentInstance(OMX.ffmpeg.vorbis.decoder) in mediacodec process
03-21 19:23:26.805  1837  2396 V FFmpegOMXPlugin: makeComponentInstance 'OMX.ffmpeg.vorbis.decoder'
03-21 19:23:26.805  1837  2396 D SoftFFmpegAudio: SoftFFmpegAudio component: OMX.ffmpeg.vorbis.decoder mCodingType: 24
03-21 19:23:26.808  1837  1867 D SoftFFmpegAudio: set OMX_IndexParamAudioVorbis, nChannels=1, nSampleRate=44100, nBitRate=0, nMinBitRate=0, nMaxBitRate=0
03-21 19:23:26.813  2192  2192 D StorageNotification: Notifying about private volume: VolumeInfo{private}:
03-21 19:23:26.813  2192  2192 D StorageNotification:     type=PRIVATE diskId=null partGuid=null mountFlags=0 mountUserId=-1 
03-21 19:23:26.813  2192  2192 D StorageNotification:     state=MOUNTED 
03-21 19:23:26.813  2192  2192 D StorageNotification:     fsType=null fsUuid=null fsLabel=null 
03-21 19:23:26.813  2192  2192 D StorageNotification:     path=/data internalPath=null 
03-21 19:23:26.816  1837  2438 D SoftFFmpegAudio: begin to open ffmpeg audio decoder(vorbis), mCtx sample_rate: 44100, channels: 1
03-21 19:23:26.816  1837  2438 D SoftFFmpegAudio: open ffmpeg audio decoder(vorbis) success, mCtx sample_rate: 44100, channels: 1, sample_fmt: fltp, bits_per_coded_sample: 0, bits_per_raw_sample: 0
03-21 19:23:26.817  1837  2438 I SoftFFmpegAudio: Create sample rate converter for conversion of 44100 Hz fltp 1 channels(mono) to 44100 Hz s16 1 channels(mono)!
03-21 19:23:26.849  1837  2438 D SoftFFmpegAudio: ffmpeg audio decoder eos
03-21 19:23:26.849  1837  2438 D SoftFFmpegAudio: ffmpeg audio decoder fill eos outbuf
03-21 19:23:26.852  2248  2248 D PhoneSwitcherNetworkRequstListener: got request NetworkRequest [ REQUEST id=1, [ Capabilities: INTERNET&NOT_RESTRICTED&TRUSTED&NOT_VPN] ] with score 0
03-21 19:23:26.853  2248  2248 D TelephonyDebugService: TelephonyDebugService()
03-21 19:23:26.860  2248  2248 D CarrierConfigLoader: mHandler: 12 phoneId: 0
03-21 19:23:26.872  2248  2248 E PhoneInterfaceManager: [PhoneIntfMgr] getIccId: No UICC
03-21 19:23:26.893  2124  2134 I Telecom : PhoneAccountRegistrar: [ComponentInfo{com.android.phone/com.android.services.telephony.TelephonyConnectionService}, [e0184adedf913b076626646d3f52c3b49c39ad6d], UserHandle{0}(icon: Icon(typ=BITMAP size=76x96) -> Icon(typ=BITMAP size=38x48))]: TSI.rPA@AAM
03-21 19:23:26.896  2124  2134 I Telecom : : Sending phone-account registered intent as user: TSI.rPA@AAM
03-21 19:23:26.900  2248  2248 I Telephony: AccountEntry: Registered phoneAccount: [[ ] PhoneAccount: ComponentInfo{com.android.phone/com.android.services.telephony.TelephonyConnectionService}, [e0184adedf913b076626646d3f52c3b49c39ad6d], UserHandle{0} Capabilities: CallProvider MultiUser PlaceEmerg SimSub  Audio Routes: BESW Schemes: tel voicemail  Extras: null GroupId: [da39a3ee5e6b4b0d3255bfef95601890afd80709]] with handle: ComponentInfo{com.android.phone/com.android.services.telephony.TelephonyConnectionService}, [e0184adedf913b076626646d3f52c3b49c39ad6d], UserHandle{0}
03-21 19:23:26.901  2248  2248 I Telephony: PstnIncomingCallNotifier: Registering: Handler (com.android.internal.telephony.GsmCdmaPhone) {f328c22}
03-21 19:23:26.916  2248  2248 E PhoneInterfaceManager: [PhoneIntfMgr] getIccId: No UICC
03-21 19:23:26.921  1828  2272 I SurfaceFlinger: Boot is finished (4886 ms)
03-21 19:23:26.934  2124  2282 I Telecom : PhoneAccountRegistrar: [ComponentInfo{com.android.phone/com.android.services.telephony.TelephonyConnectionService}, [e0184adedf913b076626646d3f52c3b49c39ad6d], UserHandle{0}(icon: Icon(typ=BITMAP size=76x96) -> Icon(typ=BITMAP size=76x96))]: TSI.rPA@AAY
03-21 19:23:26.937  2124  2282 I Telecom : : Sending phone-account registered intent as user: TSI.rPA@AAY
03-21 19:23:26.963  1835  1835 E         : Unable to unlink boot marker at /data//dalvik-cache/arm/.booting, error=No such file or directory
03-21 19:23:26.964  2124  2144 W ActivityManager: Unable to mark boot complete for abi: armeabi-v7a (Failed to execute markbootcomplete [arm]: -1)
03-21 19:23:26.964  2124  2144 I SystemServiceManager: Starting phase 1000
03-21 19:23:26.967  1831  1831 E Zygote  : Not whitelisted : /dev/ccid_ctrl
03-21 19:23:26.974  2444  2444 W art     : Unexpected CPU variant for X86 using defaults: x86
03-21 19:23:26.974  2124  2144 I ActivityManager: Start proc 2444:android.ext.services/u0a9 for on-hold
03-21 19:23:26.996  2124  2144 D ActivityManager: Finishing user boot 0
03-21 19:23:26.996  2124  2144 D CryptdConnector: SND -> {3 cryptfs prepare_user_storage ! 0 0 2}
03-21 19:23:26.997  1702  1746 D vold    : e4crypt_prepare_user_storage for volume null, user 0, serial 0, flags 2
03-21 19:23:26.997  1702  1746 D vold    : Preparing: /data/system_ce/0
03-21 19:23:26.997  1702  1746 D vold    : Preparing: /data/misc_ce/0
03-21 19:23:26.997  1702  1746 D vold    : Preparing: /data/media/0
03-21 19:23:26.997  1702  1746 D vold    : Preparing: /data/data
03-21 19:23:26.997  2124  2164 D CryptdConnector: RCV <- {200 3 Command succeeded}
03-21 19:23:26.997  2124  2144 V UserManagerService: Found /data/user/0 with serial number 0
03-21 19:23:26.997  2124  2144 V UserManagerService: Found /data/system_ce/0 with serial number 0
03-21 19:23:26.997  2450  2450 I bootstat: Service started: /system/bin/bootstat --record_boot_complete 
03-21 19:23:26.997  2124  2144 V PackageManager: reconcileAppsData for null u0 0x2
03-21 19:23:27.001  1835  1835 W cutils  : Expected path /data/data/com.android.browser with mode 700 but found 771
03-21 19:23:27.001  1835  1835 W cutils  : Expected path /data/data/com.android.browser with mode 700 but found 771
03-21 19:23:27.017  2450  2450 I bootstat: Logging histogram: bootstat_mtime_matches_content 1
03-21 19:23:27.018  2450  2450 I bootstat: Logging histogram: bootstat_mtime_matches_content 1
03-21 19:23:27.018  2450  2450 E bootstat: Failed to read /data/misc/bootstat/post_decrypt_time_elapsed: No such file or directory
03-21 19:23:27.018  2450  2450 E bootstat: Failed to parse boot time record: /data/misc/bootstat/post_decrypt_time_elapsed
03-21 19:23:27.040  2458  2458 I bootstat: Service started: /system/bin/bootstat --record_boot_reason 
03-21 19:23:27.040  2458  2458 I bootstat: Unknown boot reason: 
03-21 19:23:27.047  2124  2144 V PackageManager: reconcileAppsData finished 63 packages
03-21 19:23:27.048  2124  2137 D BluetoothManagerService: User 0 unlocked
03-21 19:23:27.048  2124  2137 D MountService: onUnlockUser 0
03-21 19:23:27.048  2124  2137 D VoldConnector: SND -> {6 volume user_started 0}
03-21 19:23:27.048  2124  2143 D BluetoothManagerService: MESSAGE_USER_UNLOCKED
03-21 19:23:27.049  2124  2175 D ConnectivityService: Got NetworkFactory Messenger for WIFI
03-21 19:23:27.049  2124  2175 D ConnectivityService: Got NetworkFactory Messenger for WIFI_UT
03-21 19:23:27.052  1702  1745 D vold    : Linking /storage/emulated/0 to /mnt/user/0/primary
03-21 19:23:27.052  2124  2163 D VoldConnector: RCV <- {200 6 Command succeeded}
03-21 19:23:27.066  2124  2162 D MountService: Volume emulated broadcasting mounted to UserHandle{0}
03-21 19:23:27.066  2124  2137 W TextServicesManagerService: no available spell checker services found
03-21 19:23:27.069  2444  2444 W System  : ClassLoader referenced unknown path: /system/priv-app/ExtServices/lib/x86
03-21 19:23:27.072  2459  2459 I bootstat: Service started: /system/bin/bootstat --record_time_since_factory_reset 
03-21 19:23:27.072  2459  2459 I bootstat: Logging histogram: factory_reset_current_time 1647861807
03-21 19:23:27.074  2124  2282 I StatusBarManagerService: registerStatusBar bar=com.android.internal.statusbar.IStatusBar$Stub$Proxy@830fff8
03-21 19:23:27.079  2124  2137 V BackupManagerService: No ancestral data
03-21 19:23:27.096  2459  2459 I bootstat: Logging histogram: bootstat_mtime_matches_content 1
03-21 19:23:27.096  2459  2459 I bootstat: Logging histogram: factory_reset_record_value 1624935691
03-21 19:23:27.097  2124  2137 V BackupManagerService: Starting with transport android/com.android.internal.backup.LocalTransport
03-21 19:23:27.097  2124  2137 V BackupManagerService: Found transports: 1
03-21 19:23:27.100  2124  2137 I BackupManagerService: Backup enabled => false
03-21 19:23:27.101  2124  2124 V BackupManagerService: Connected to transport ComponentInfo{android/com.android.internal.backup.LocalTransportService}
03-21 19:23:27.101  2124  2124 V BackupManagerService: Registering transport android/com.android.internal.backup.LocalTransportService::android/com.android.internal.backup.LocalTransport = android.app.backup.BackupTransport$TransportImpl@29de5e6
03-21 19:23:27.114  2463  2463 I bootstat: Service started: /system/bin/bootstat -l 
03-21 19:23:27.114  2463  2463 I bootstat: Logging histogram: bootstat_mtime_matches_content 1
03-21 19:23:27.114  2463  2463 I bootstat: Logging histogram: bootstat_mtime_matches_content 1
03-21 19:23:27.115  2463  2463 I bootstat: Logging histogram: bootstat_mtime_matches_content 1
03-21 19:23:27.126  2463  2463 I bootstat: Logging histogram: bootstat_mtime_matches_content 1
03-21 19:23:27.127  2463  2463 I bootstat: Logging histogram: bootstat_mtime_matches_content 1
03-21 19:23:27.127  2463  2463 I bootstat: Logging histogram: bootstat_mtime_matches_content 1
03-21 19:23:27.127  2463  2463 I bootstat: Logging histogram: bootstat_mtime_matches_content 1
03-21 19:23:27.127  2463  2463 I bootstat: Logging histogram: bootstat_mtime_matches_content 1
03-21 19:23:27.127  2463  2463 I bootstat: Logging histogram: bootstat_mtime_matches_content 1
03-21 19:23:27.127  2463  2463 I bootstat: Logging histogram: bootstat_mtime_matches_content 1
03-21 19:23:27.127  2463  2463 I bootstat: Logging histogram: bootstat_mtime_matches_content 1
03-21 19:23:27.127  2463  2463 I bootstat: Logging histogram: bootstat_mtime_matches_content 1
03-21 19:23:27.127  2463  2463 I bootstat: Logging histogram: last_boot_time_utc 1647861806
03-21 19:23:27.127  2463  2463 I bootstat: Logging histogram: build_date 1624889912
03-21 19:23:27.127  2463  2463 I bootstat: Logging histogram: ota_boot_complete_no_encryption 13
03-21 19:23:27.127  2463  2463 I bootstat: Logging histogram: ota_boot_complete 13
03-21 19:23:27.127  2463  2463 I bootstat: Logging histogram: boot_reason 1
03-21 19:23:27.127  2463  2463 I bootstat: Logging histogram: factory_reset_current_time 1647861807
03-21 19:23:27.127  2463  2463 I bootstat: Logging histogram: factory_reset 1624935691
03-21 19:23:27.127  2463  2463 I bootstat: Logging histogram: time_since_last_boot 68
03-21 19:23:27.127  2463  2463 I bootstat: Logging histogram: boot_complete_no_encryption 10
03-21 19:23:27.127  2463  2463 I bootstat: Logging histogram: boot_complete 10
03-21 19:23:27.127  2463  2463 I bootstat: Logging histogram: factory_reset_record_value 1624935691
03-21 19:23:27.127  2463  2463 I bootstat: Logging histogram: time_since_factory_reset 22926116
03-21 19:23:27.131  2124  2460 V KeyValueBackupJob: Scheduling k/v pass in 244 minutes
03-21 19:23:27.134  2124  2137 W VoiceInteractionManagerService: no available voice interaction services found for user 0
03-21 19:23:27.134  2124  2137 W VoiceInteractionManagerService: no available voice recognition services found for user 0
03-21 19:23:27.135  2124  2137 I ActivityManager: Loading recents for user 0 into memory.
03-21 19:23:27.139  2124  2460 V KeyValueBackupJob: Scheduling k/v pass in 244 minutes
03-21 19:23:27.140  2124  2137 D ActivityManager: Sending BOOT_COMPLETE user #0
03-21 19:23:27.143  1831  1831 E Zygote  : Not whitelisted : /dev/ccid_ctrl
03-21 19:23:27.156  2124  2137 I ActivityManager: Start proc 2465:android.process.media/u0a8 for broadcast com.android.providers.downloads/.DownloadReceiver
03-21 19:23:27.159  2465  2465 W art     : Unexpected CPU variant for X86 using defaults: x86
03-21 19:23:27.161  2265  2265 D FallbackHome: User unlocked and real home found; let's go!
03-21 19:23:27.168  1831  1831 E Zygote  : Not whitelisted : /dev/ccid_ctrl
03-21 19:23:27.184  2124  2183 I ActivityManager: Start proc 2480:com.android.keychain/1000 for service com.android.keychain/.KeyChainService
03-21 19:23:27.184  2248  2248 D CarrierSvcBindHelper: Received android.intent.action.USER_UNLOCKED
03-21 19:23:27.188  2248  2248 E PhoneInterfaceManager: [PhoneIntfMgr] getCarrierPackageNamesForIntent: No UICC
03-21 19:23:27.188  2248  2248 D CarrierSvcBindHelper: No carrier app for: 0
03-21 19:23:27.190  2480  2480 W art     : Unexpected CPU variant for X86 using defaults: x86
03-21 19:23:27.197  2124  2430 I ActivityManager: START u0 {act=android.intent.action.MAIN cat=[android.intent.category.HOME] flg=0x10000100 cmp=com.vphone.launcher/.launcher3.Launcher} from uid 0 on display 0
03-21 19:23:27.215  1831  1831 E Zygote  : Not whitelisted : /dev/ccid_ctrl
03-21 19:23:27.223  2192  2202 W art     : Suspending all threads took: 6.893ms
03-21 19:23:27.223  2124  2430 I ActivityManager: Start proc 2494:com.vphone.launcher/1000 for activity com.vphone.launcher/.launcher3.Launcher
03-21 19:23:27.225  2192  2202 I art     : Background partial concurrent mark sweep GC freed 3853(505KB) AllocSpace objects, 0(0B) LOS objects, 39% free, 15MB/26MB, paused 7.330ms total 75.641ms
03-21 19:23:27.228  2494  2494 W art     : Unexpected CPU variant for X86 using defaults: x86
03-21 19:23:27.233  2124  2460 I BackupManagerService: Found stale backup journal, scheduling
03-21 19:23:27.271  2480  2480 W System  : ClassLoader referenced unknown path: /system/app/KeyChain/lib/x86
03-21 19:23:27.291  2465  2465 W System  : ClassLoader referenced unknown path: /system/priv-app/DownloadProvider/lib/x86
03-21 19:23:27.298  2124  2138 W WindowManager: Keyguard drawn timeout. Setting mKeyguardDrawComplete
03-21 19:23:27.330  2465  2465 W System  : ClassLoader referenced unknown path: /system/priv-app/MediaProvider/lib/x86
03-21 19:23:27.334  2465  2465 D ApplicationLoaders: ignored Vulkan layer search path /system/priv-app/MediaProvider/lib/x86:/system/priv-app/MediaProvider/MediaProvider.apk!/lib/x86:/system/lib:/vendor/lib for namespace 0xd75c1090
03-21 19:23:27.625  1831  1831 E Zygote  : Not whitelisted : /dev/ccid_ctrl
03-21 19:23:27.627  2124  2136 I ActivityManager: Start proc 2524:com.android.printspooler/u0a37 for service com.android.printspooler/.model.PrintSpoolerService
03-21 19:23:27.632  2524  2524 W art     : Unexpected CPU variant for X86 using defaults: x86
03-21 19:23:27.682  2192  2192 W System  : ClassLoader referenced unknown path: 
03-21 19:23:27.683  2192  2192 D ApplicationLoaders: ignored Vulkan layer search path /system/app/Camera2/lib/x86:/system/app/Camera2/Camera2.apk!/lib/x86:/system/lib:/vendor/lib for namespace 0xd1e21090
03-21 19:23:27.712  1833  1876 D EmulatedCamera_Factory: We have host camera, restart camera server
03-21 19:23:27.725  1827  1827 I ServiceManager: service 'media.camera' died
03-21 19:23:27.761  2494  2494 D NetworkSecurityConfig: No Network Security Config specified, using platform default
03-21 19:23:27.827  2465  2465 D MediaScannerReceiver: action: android.intent.action.MEDIA_MOUNTED path: /storage/emulated/0
03-21 19:23:27.876  2541  2541 I cameraserver: ServiceManager: 0xd673c000
03-21 19:23:27.876  2541  2541 I CameraService: CameraService started (pid=2541)
03-21 19:23:27.876  2541  2541 I CameraService: CameraService process starting
03-21 19:23:27.877  2541  2541 V EmulatedCamera_Factory: EmulatedCameraFactory
03-21 19:23:27.877  2541  2541 W EmulatedCamera_Factory: Have no camera support for old version
03-21 19:23:27.877  2541  2541 V EmulatedCamera_Factory: startCameraSocketThread
03-21 19:23:27.877  2541  2541 W EmulatedCamera_Factory:  camera socket connect is not connected, wait(1)...
03-21 19:23:27.881  2541  2550 V EmulatedCamera_Factory: readyToRun
03-21 19:23:27.881  2541  2550 D EmulatedCamera_Factory: threadLoop()...
03-21 19:23:27.881  2541  2550 D EmulatedCamera_Factory: Waiting for player
03-21 19:23:27.883  2192  2192 D LocalBluetoothProfileManager: Adding local MAP profile
03-21 19:23:27.884  2192  2192 D BluetoothMap: Create BluetoothMap proxy object
03-21 19:23:27.888  2192  2192 D LocalBluetoothProfileManager: LocalBluetoothProfileManager construction complete
03-21 19:23:27.898  2192  2192 I CameraManagerGlobal: Connecting to camera service
03-21 19:23:27.901  2192  2192 E CameraManagerGlobal: Camera service is unavailable
03-21 19:23:27.904  2192  2192 I StatusBar: isKeyguardShowing() called before startKeyguard(), returning true
03-21 19:23:27.904  2192  2192 W StatusBar: isKeyguardSecure() called before startKeyguard(), returning false
03-21 19:23:27.904  2192  2192 W StatusBar: java.lang.Throwable
03-21 19:23:27.904  2192  2192 W StatusBar: 	at com.android.systemui.statusbar.BaseStatusBar.isKeyguardSecure(BaseStatusBar.java:2663)
03-21 19:23:27.904  2192  2192 W StatusBar: 	at com.android.systemui.statusbar.BaseStatusBar.isCameraAllowedByAdmin(BaseStatusBar.java:2686)
03-21 19:23:27.904  2192  2192 W StatusBar: 	at com.android.systemui.statusbar.phone.KeyguardBottomAreaView.updateCameraVisibility(KeyguardBottomAreaView.java:309)
03-21 19:23:27.904  2192  2192 W StatusBar: 	at com.android.systemui.statusbar.phone.KeyguardBottomAreaView.setPhoneStatusBar(KeyguardBottomAreaView.java:272)
03-21 19:23:27.904  2192  2192 W StatusBar: 	at com.android.systemui.statusbar.phone.PhoneStatusBar.makeStatusBarView(PhoneStatusBar.java:909)
03-21 19:23:27.904  2192  2192 W StatusBar: 	at com.android.systemui.statusbar.phone.PhoneStatusBar.addStatusBarWindow(PhoneStatusBar.java:3467)
03-21 19:23:27.904  2192  2192 W StatusBar: 	at com.android.systemui.statusbar.phone.PhoneStatusBar.createAndAddWindows(PhoneStatusBar.java:3463)
03-21 19:23:27.904  2192  2192 W StatusBar: 	at com.android.systemui.statusbar.BaseStatusBar.start(BaseStatusBar.java:770)
03-21 19:23:27.904  2192  2192 W StatusBar: 	at com.android.systemui.statusbar.phone.PhoneStatusBar.start(PhoneStatusBar.java:687)
03-21 19:23:27.904  2192  2192 W StatusBar: 	at com.android.systemui.statusbar.SystemBars.createStatusBarFromConfig(SystemBars.java:106)
03-21 19:23:27.904  2192  2192 W StatusBar: 	at com.android.systemui.statusbar.SystemBars.onNoService(SystemBars.java:58)
03-21 19:23:27.904  2192  2192 W StatusBar: 	at com.android.systemui.statusbar.ServiceMonitor.startService(ServiceMonitor.java:230)
03-21 19:23:27.904  2192  2192 W StatusBar: 	at com.android.systemui.statusbar.ServiceMonitor.-wrap5(ServiceMonitor.java)
03-21 19:23:27.904  2192  2192 W StatusBar: 	at com.android.systemui.statusbar.ServiceMonitor$1.handleMessage(ServiceMonitor.java:73)
03-21 19:23:27.904  2192  2192 W StatusBar: 	at android.os.Handler.dispatchMessage(Handler.java:102)
03-21 19:23:27.904  2192  2192 W StatusBar: 	at android.os.Looper.loop(Looper.java:154)
03-21 19:23:27.904  2192  2192 W StatusBar: 	at android.app.ActivityThread.main(ActivityThread.java:6198)
03-21 19:23:27.904  2192  2192 W StatusBar: 	at java.lang.reflect.Method.invoke(Native Method)
03-21 19:23:27.904  2192  2192 W StatusBar: 	at com.android.internal.os.ZygoteInit$MethodAndArgsCaller.run(ZygoteInit.java:891)
03-21 19:23:27.904  2192  2192 W StatusBar: 	at com.android.internal.os.ZygoteInit.main(ZygoteInit.java:781)
03-21 19:23:27.907  2192  2192 I StatusBar: isKeyguardShowing() called before startKeyguard(), returning true
03-21 19:23:27.907  2192  2192 W StatusBar: isKeyguardSecure() called before startKeyguard(), returning false
03-21 19:23:27.907  2192  2192 W StatusBar: java.lang.Throwable
03-21 19:23:27.907  2192  2192 W StatusBar: 	at com.android.systemui.statusbar.BaseStatusBar.isKeyguardSecure(BaseStatusBar.java:2663)
03-21 19:23:27.907  2192  2192 W StatusBar: 	at com.android.systemui.statusbar.BaseStatusBar.isCameraAllowedByAdmin(BaseStatusBar.java:2686)
03-21 19:23:27.907  2192  2192 W StatusBar: 	at com.android.systemui.statusbar.phone.KeyguardBottomAreaView.updateCameraVisibility(KeyguardBottomAreaView.java:309)
03-21 19:23:27.907  2192  2192 W StatusBar: 	at com.android.systemui.statusbar.phone.KeyguardBottomAreaView.setUserSetupComplete(KeyguardBottomAreaView.java:281)
03-21 19:23:27.907  2192  2192 W StatusBar: 	at com.android.systemui.statusbar.phone.PhoneStatusBar.makeStatusBarView(PhoneStatusBar.java:910)
03-21 19:23:27.907  2192  2192 W StatusBar: 	at com.android.systemui.statusbar.phone.PhoneStatusBar.addStatusBarWindow(PhoneStatusBar.java:3467)
03-21 19:23:27.907  2192  2192 W StatusBar: 	at com.android.systemui.statusbar.phone.PhoneStatusBar.createAndAddWindows(PhoneStatusBar.java:3463)
03-21 19:23:27.907  2192  2192 W StatusBar: 	at com.android.systemui.statusbar.BaseStatusBar.start(BaseStatusBar.java:770)
03-21 19:23:27.907  2192  2192 W StatusBar: 	at com.android.systemui.statusbar.phone.PhoneStatusBar.start(PhoneStatusBar.java:687)
03-21 19:23:27.907  2192  2192 W StatusBar: 	at com.android.systemui.statusbar.SystemBars.createStatusBarFromConfig(SystemBars.java:106)
03-21 19:23:27.907  2192  2192 W StatusBar: 	at com.android.systemui.statusbar.SystemBars.onNoService(SystemBars.java:58)
03-21 19:23:27.907  2192  2192 W StatusBar: 	at com.android.systemui.statusbar.ServiceMonitor.startService(ServiceMonitor.java:230)
03-21 19:23:27.907  2192  2192 W StatusBar: 	at com.android.systemui.statusbar.ServiceMonitor.-wrap5(ServiceMonitor.java)
03-21 19:23:27.907  2192  2192 W StatusBar: 	at com.android.systemui.statusbar.ServiceMonitor$1.handleMessage(ServiceMonitor.java:73)
03-21 19:23:27.907  2192  2192 W StatusBar: 	at android.os.Handler.dispatchMessage(Handler.java:102)
03-21 19:23:27.907  2192  2192 W StatusBar: 	at android.os.Looper.loop(Looper.java:154)
03-21 19:23:27.907  2192  2192 W StatusBar: 	at android.app.ActivityThread.main(ActivityThread.java:6198)
03-21 19:23:27.907  2192  2192 W StatusBar: 	at java.lang.reflect.Method.invoke(Native Method)
03-21 19:23:27.907  2192  2192 W StatusBar: 	at com.android.internal.os.ZygoteInit$MethodAndArgsCaller.run(ZygoteInit.java:891)
03-21 19:23:27.907  2192  2192 W StatusBar: 	at com.android.internal.os.ZygoteInit.main(ZygoteInit.java:781)
03-21 19:23:27.952  2192  2192 I CameraManagerGlobal: Connecting to camera service
03-21 19:23:27.954  2192  2192 E CameraManagerGlobal: Camera service is unavailable
03-21 19:23:27.975  2206  2230 E sdcard  : opendir /data/media/0/Apps failed: Permission denied
03-21 19:23:27.975  2465  2548 W MediaScanner: Error opening directory '/storage/emulated/0/Apps/', skipping: Permission denied.
03-21 19:23:27.982  2465  2548 V MediaScanner: pruneDeadThumbnailFiles... android.content.ContentProviderClient$CursorWrapperInner@89586ba
03-21 19:23:27.982  2465  2548 V MediaScanner: /pruneDeadThumbnailFiles... android.content.ContentProviderClient$CursorWrapperInner@89586ba
03-21 19:23:28.090  2192  2192 I StatusBar: isKeyguardShowing() called before startKeyguard(), returning true
03-21 19:23:28.090  2192  2192 W StatusBar: isKeyguardSecure() called before startKeyguard(), returning false
03-21 19:23:28.090  2192  2192 W StatusBar: java.lang.Throwable
03-21 19:23:28.090  2192  2192 W StatusBar: 	at com.android.systemui.statusbar.BaseStatusBar.isKeyguardSecure(BaseStatusBar.java:2663)
03-21 19:23:28.090  2192  2192 W StatusBar: 	at com.android.systemui.statusbar.BaseStatusBar.isCameraAllowedByAdmin(BaseStatusBar.java:2686)
03-21 19:23:28.090  2192  2192 W StatusBar: 	at com.android.systemui.statusbar.phone.KeyguardBottomAreaView.updateCameraVisibility(KeyguardBottomAreaView.java:309)
03-21 19:23:28.090  2192  2192 W StatusBar: 	at com.android.systemui.statusbar.phone.KeyguardBottomAreaView.setUserSetupComplete(KeyguardBottomAreaView.java:281)
03-21 19:23:28.090  2192  2192 W StatusBar: 	at com.android.systemui.statusbar.phone.PhoneStatusBar$1.onChange(PhoneStatusBar.java:445)
03-21 19:23:28.090  2192  2192 W StatusBar: 	at com.android.systemui.statusbar.phone.PhoneStatusBar.resetUserSetupObserver(PhoneStatusBar.java:3714)
03-21 19:23:28.090  2192  2192 W StatusBar: 	at com.android.systemui.statusbar.phone.PhoneStatusBar.makeStatusBarView(PhoneStatusBar.java:1014)
03-21 19:23:28.090  2192  2192 W StatusBar: 	at com.android.systemui.statusbar.phone.PhoneStatusBar.addStatusBarWindow(PhoneStatusBar.java:3467)
03-21 19:23:28.090  2192  2192 W StatusBar: 	at com.android.systemui.statusbar.phone.PhoneStatusBar.createAndAddWindows(PhoneStatusBar.java:3463)
03-21 19:23:28.090  2192  2192 W StatusBar: 	at com.android.systemui.statusbar.BaseStatusBar.start(BaseStatusBar.java:770)
03-21 19:23:28.090  2192  2192 W StatusBar: 	at com.android.systemui.statusbar.phone.PhoneStatusBar.start(PhoneStatusBar.java:687)
03-21 19:23:28.090  2192  2192 W StatusBar: 	at com.android.systemui.statusbar.SystemBars.createStatusBarFromConfig(SystemBars.java:106)
03-21 19:23:28.090  2192  2192 W StatusBar: 	at com.android.systemui.statusbar.SystemBars.onNoService(SystemBars.java:58)
03-21 19:23:28.090  2192  2192 W StatusBar: 	at com.android.systemui.statusbar.ServiceMonitor.startService(ServiceMonitor.java:230)
03-21 19:23:28.090  2192  2192 W StatusBar: 	at com.android.systemui.statusbar.ServiceMonitor.-wrap5(ServiceMonitor.java)
03-21 19:23:28.090  2192  2192 W StatusBar: 	at com.android.systemui.statusbar.ServiceMonitor$1.handleMessage(ServiceMonitor.java:73)
03-21 19:23:28.090  2192  2192 W StatusBar: 	at android.os.Handler.dispatchMessage(Handler.java:102)
03-21 19:23:28.090  2192  2192 W StatusBar: 	at android.os.Looper.loop(Looper.java:154)
03-21 19:23:28.090  2192  2192 W StatusBar: 	at android.app.ActivityThread.main(ActivityThread.java:6198)
03-21 19:23:28.090  2192  2192 W StatusBar: 	at java.lang.reflect.Method.invoke(Native Method)
03-21 19:23:28.090  2192  2192 W StatusBar: 	at com.android.internal.os.ZygoteInit$MethodAndArgsCaller.run(ZygoteInit.java:891)
03-21 19:23:28.090  2192  2192 W StatusBar: 	at com.android.internal.os.ZygoteInit.main(ZygoteInit.java:781)
03-21 19:23:28.091  2124  2570 I chatty  : uid=1000 system_server expire 4 lines
03-21 19:23:28.093  2246  2246 I wpa_supplicant: eth1: Trying to associate with SSID 'WiredSSID'
03-21 19:23:28.093  2246  2246 I wpa_supplicant: eth1: Associated with 01:80:c2:00:00:03
03-21 19:23:28.093  2246  2246 I wpa_supplicant: eth1: CTRL-EVENT-CONNECTED - Connection to 01:80:c2:00:00:03 completed [id=0 id_str=%7B%22creatorUid%22%3A%22-1%22%2C%22configKey%22%3A%22%5C%22WiredSSID%5C%22NONE%22%7D]
03-21 19:23:28.098  2192  2435 D OpenGLRenderer: profile bars disabled
03-21 19:23:28.098  2192  2435 D OpenGLRenderer: ambientRatio = 1.50
03-21 19:23:28.101  2192  2192 D PhoneStatusBar: disable: < EXPAND* icons alerts system_info BACK* HOME* RECENT* clock SEARCH* quick_settings >
03-21 19:23:28.112  2124  2171 D ConnectivityService: registerNetworkAgent NetworkAgentInfo{ ni{[type: WIFI[], state: CONNECTING/CONNECTING, reason: (unspecified), extra: "WiredSSID", failover: false, available: true, roaming: false, metered: false]}  network{100}  nethandle{429513165534}  lp{{LinkAddresses: []  Routes: [] DnsAddresses: [] Domains: null MTU: 0}}  nc{[ Transports: WIFI Capabilities: NOT_METERED&INTERNET&NOT_RESTRICTED&TRUSTED&NOT_VPN LinkUpBandwidth>=1048576Kbps LinkDnBandwidth>=1048576Kbps]}  Score{20}  everValidated{false}  lastValidated{false}  created{false} lingering{false} explicitlySelected{false} acceptUnvalidated{false} everCaptivePortalDetected{false} lastCaptivePortalDetected{false} }
03-21 19:23:28.112  2124  2175 D ConnectivityService: NetworkAgentInfo [WIFI () - 100] EVENT_NETWORK_INFO_CHANGED, going from null to CONNECTING
03-21 19:23:28.119  1831  1831 E Zygote  : Not whitelisted : /dev/ccid_ctrl
03-21 19:23:28.128  2124  2135 I ActivityManager: Start proc 2575:android.process.acore/u0a1 for content provider com.android.providers.contacts/.ContactsProvider2
03-21 19:23:28.130  2575  2575 W art     : Unexpected CPU variant for X86 using defaults: x86
03-21 19:23:28.193  2192  2192 D PhoneStatusBar: heads up is enabled
03-21 19:23:28.233  2541  2550 D EmulatedCamera_Factory: Player connected fd:6
03-21 19:23:28.233  2541  2550 D EmulatedCamera_Factory: camera server second start
03-21 19:23:28.233  2124  2594 I chatty  : uid=1000(system) Thread-9 expire 3 lines
03-21 19:23:28.252  2124  2205 I chatty  : uid=1000(system) Binder:2124_3 expire 1 line
03-21 19:23:28.254  2192  2192 W FingerprintManager: isFingerprintHardwareDetected(): Service not connected!
03-21 19:23:28.262  2192  2192 W KeyguardUpdateMonitor: invalid subId in handleSimStateChange()
03-21 19:23:28.293  2124  2574 I chatty  : uid=1000(system) DhcpClient expire 7 lines
03-21 19:23:28.309  1841  2117 D CommandListener: Setting iface cfg
03-21 19:23:28.315  2124  2175 D ConnectivityService: NetworkAgentInfo [WIFI () - 100] EVENT_NETWORK_INFO_CHANGED, going from CONNECTING to CONNECTED
03-21 19:23:28.315  2124  2175 D ConnectivityService: Adding iface eth1 to network 100
03-21 19:23:28.334  2575  2575 W System  : ClassLoader referenced unknown path: /system/priv-app/ContactsProvider/lib/x86
03-21 19:23:28.360  2124  2175 D ConnectivityService: Setting DNS servers for network 100 to [/202.96.128.86, /116.116.116.116, /114.114.114.114, /8.8.8.8]
03-21 19:23:28.362  2124  2571 I chatty  : uid=1000(system) NetworkMonitorN expire 1 line
03-21 19:23:28.364  2124  2175 D ConnectivityService: Switching to new default network: NetworkAgentInfo{ ni{[type: WIFI[], state: CONNECTED/CONNECTED, reason: (unspecified), extra: "WiredSSID", failover: false, available: true, roaming: false, metered: false]}  network{100}  nethandle{429513165534}  lp{{InterfaceName: eth1 LinkAddresses: [fe80::a00:27ff:fe05:711/64,172.16.80.15/24,]  Routes: [fe80::/64 -> :: eth1,172.16.80.0/24 -> 0.0.0.0 eth1,0.0.0.0/0 -> 172.16.80.2 eth1,] DnsAddresses: [202.96.128.86,116.116.116.116,114.114.114.114,8.8.8.8,] Domains: null MTU: 0 TcpBufferSizes: 524288,1048576,2097152,262144,524288,1048576}}  nc{[ Transports: WIFI Capabilities: NOT_METERED&INTERNET&NOT_RESTRICTED&TRUSTED&NOT_VPN&FOREGROUND LinkUpBandwidth>=1048576Kbps LinkDnBandwidth>=1048576Kbps SignalStrength: -65]}  Score{16}  everValidated{false}  lastValidated{false}  created{true} lingering{false} explicitlySelected{false} acceptUnvalidated{false} everCaptivePortalDetected{false} lastCaptivePortalDetected{false} }
