03-21 22:15:29.115  4447  4472 W art     : Long monitor contention with owner TTDownLoadExecutors-4-Thread-2 (4493) at void java.util.HashMap$HashMapEntry.<init>(int, java.lang.Object, java.lang.Object, java.util.HashMap$HashMapEntry)(HashMap.java:739) waiters=0 in void com.bytedance.mira.plugin.Plugin.init() for 732ms
03-21 22:15:29.342  4447  4447 I LoadedApk: No resource references to update in package com.google.android.webview
03-21 22:15:29.352  4447  4452 I art     : Do full code cache collection, code=122KB, data=108KB
03-21 22:15:29.352  4447  4452 I art     : Starting a blocking GC JitCodeCache
03-21 22:15:29.352  4447  4452 I art     : After code cache collection, code=111KB, data=76KB
03-21 22:15:29.365  4447  4447 I cr_BrowserStartup: Initializing chromium process, singleProcess=true
03-21 22:15:29.368  4447  4447 E chromium: [ERROR:filesystem_posix.cc(89)] stat /data/user/0/com.ss.android.article.video/cache/WebView/Crashpad: No such file or directory (2)
03-21 22:15:29.368  4447  4447 E chromium: [ERROR:filesystem_posix.cc(62)] mkdir /data/user/0/com.ss.android.article.video/cache/WebView/Crashpad: No such file or directory (2)
03-21 22:15:29.658  2124  2144 I ActivityManager: Displayed com.ss.android.article.video/.activity.SplashActivity: +3s720ms
03-21 22:15:29.776  4447  4452 I art     : Do partial code cache collection, code=113KB, data=93KB
03-21 22:15:29.776  4447  4452 I art     : After code cache collection, code=113KB, data=93KB
03-21 22:15:29.777  4447  4452 I art     : Increasing code cache capacity to 512KB
03-21 22:15:31.477  2124  2160 I ActivityManager: START u0 {act=android.intent.action.MAIN cat=[android.intent.category.HOME] flg=0x10200000 cmp=com.vphone.launcher/.launcher3.Launcher (has extras)} from uid 1000 on display 0
03-21 22:15:31.495  1828  2118 D PermissionCache: checking android.permission.READ_FRAME_BUFFER for uid=1000 => granted (755 us)
03-21 22:15:31.543  1828  1828 E EGL_emulation: tid 1828: eglCreateSyncKHR(1585): error 0x3004 (EGL_BAD_ATTRIBUTE)
03-21 22:15:31.622  2124  2144 W art     : Long monitor contention with owner InputDispatcher (2160) at android.graphics.Bitmap com.android.server.wm.WindowManagerService.screenshotApplicationsInner(android.os.IBinder, int, int, int, boolean, float, android.graphics.Bitmap$Config, boolean)(WindowManagerService.java:6570) waiters=0 in void com.android.server.wm.WindowAnimator$1.doFrame(long) for 129ms
03-21 22:15:31.646  2124  2205 W art     : Long monitor contention with owner InputDispatcher (2160) at int com.android.server.am.ActivityStarter.startActivityMayWait(android.app.IApplicationThread, int, java.lang.String, android.content.Intent, java.lang.String, android.service.voice.IVoiceInteractionSession, com.android.internal.app.IVoiceInteractor, android.os.IBinder, java.lang.String, int, int, android.app.ProfilerInfo, android.app.IActivityManager$WaitResult, android.content.res.Configuration, android.os.Bundle, boolean, int, android.app.IActivityContainer, com.android.server.am.TaskRecord)(ActivityStarter.java:766) waiters=2 in android.content.pm.UserInfo com.android.server.am.UserController.getCurrentUser() for 151ms
03-21 22:15:31.685  4447  4447 I System.out: onTrimMemory-20
03-21 22:15:31.707  4447  4491 W art     : Before Android 4.1, method double java.util.concurrent.ThreadLocalRandom.internalNextDouble(double, double) would have incorrectly overridden the package-private method in java.util.Random
03-21 22:15:31.707  4447  4491 W art     : Before Android 4.1, method int java.util.concurrent.ThreadLocalRandom.internalNextInt(int, int) would have incorrectly overridden the package-private method in java.util.Random
03-21 22:15:31.707  4447  4491 W art     : Before Android 4.1, method long java.util.concurrent.ThreadLocalRandom.internalNextLong(long, long) would have incorrectly overridden the package-private method in java.util.Random
03-21 22:15:31.711  4447  4465 E System  : URI .snssdk.com has empty labels in the hostname. This is malformed and will not be acceptedin future Android releases.
03-21 22:15:31.711  4447  4465 E System  : URI .ixigua.com has empty labels in the hostname. This is malformed and will not be acceptedin future Android releases.
03-21 22:15:31.712  4447  4465 E System  : URI .webcast.com has empty labels in the hostname. This is malformed and will not be acceptedin future Android releases.
03-21 22:15:31.712  4447  4465 E System  : URI .jinritemai.com has empty labels in the hostname. This is malformed and will not be acceptedin future Android releases.
03-21 22:15:31.716  4447  4465 E System  : URI .juliangyinqing.com has empty labels in the hostname. This is malformed and will not be acceptedin future Android releases.
03-21 22:15:31.717  4447  4465 E System  : URI .zijieapi.com has empty labels in the hostname. This is malformed and will not be acceptedin future Android releases.
03-21 22:15:31.718  4447  4465 E System  : URI .ulpay.com has empty labels in the hostname. This is malformed and will not be acceptedin future Android releases.
03-21 22:15:31.718  4447  4465 E System  : URI .xsj.wasu.tv has empty labels in the hostname. This is malformed and will not be acceptedin future Android releases.
03-21 22:15:31.721  4447  4465 E System  : URI .ecombdapi.com has empty labels in the hostname. This is malformed and will not be acceptedin future Android releases.
03-21 22:15:31.722  4447  4465 E System  : URI .luckysf.net has empty labels in the hostname. This is malformed and will not be acceptedin future Android releases.
03-21 22:15:31.724  4447  4465 E System  : URI .iluckysf.net has empty labels in the hostname. This is malformed and will not be acceptedin future Android releases.
03-21 22:15:31.726  4447  4465 E System  : URI .awemeughun.com has empty labels in the hostname. This is malformed and will not be acceptedin future Android releases.
03-21 22:15:31.728  4447  4465 E System  : URI .awemeugsoul.com has empty labels in the hostname. This is malformed and will not be acceptedin future Android releases.
03-21 22:15:31.918  4447  4455 E System  : Uncaught exception thrown by finalizer
03-21 22:15:31.918  4447  4455 E System  : java.lang.NullPointerException: Attempt to invoke virtual method 'void java.util.concurrent.locks.ReentrantLock.lock()' on a null object reference
03-21 22:15:31.918  4447  4455 E System  : 	at java.util.concurrent.ThreadPoolExecutor.shutdown(ThreadPoolExecutor.java:1375)
03-21 22:15:31.918  4447  4455 E System  : 	at java.util.concurrent.ThreadPoolExecutor.finalize(ThreadPoolExecutor.java:1465)
03-21 22:15:31.918  4447  4455 E System  : 	at java.lang.Daemons$FinalizerDaemon.doFinalize(Daemons.java:222)
03-21 22:15:31.918  4447  4455 E System  : 	at java.lang.Daemons$FinalizerDaemon.run(Daemons.java:209)
03-21 22:15:31.918  4447  4455 E System  : 	at java.lang.Thread.run(Thread.java:761)
03-21 22:15:31.918  4447  4455 E System  : Uncaught exception thrown by finalizer
03-21 22:15:31.918  4447  4455 E System  : java.lang.NullPointerException: Attempt to invoke virtual method 'void java.util.concurrent.locks.ReentrantLock.lock()' on a null object reference
03-21 22:15:31.918  4447  4455 E System  : 	at java.util.concurrent.ThreadPoolExecutor.shutdown(ThreadPoolExecutor.java:1375)
03-21 22:15:31.918  4447  4455 E System  : 	at java.util.concurrent.ThreadPoolExecutor.finalize(ThreadPoolExecutor.java:1465)
03-21 22:15:31.918  4447  4455 E System  : 	at java.lang.Daemons$FinalizerDaemon.doFinalize(Daemons.java:222)
03-21 22:15:31.918  4447  4455 E System  : 	at java.lang.Daemons$FinalizerDaemon.run(Daemons.java:209)
03-21 22:15:31.918  4447  4455 E System  : 	at java.lang.Thread.run(Thread.java:761)
03-21 22:15:31.918  4447  4455 E System  : Uncaught exception thrown by finalizer
03-21 22:15:31.919  4447  4455 E System  : java.lang.NullPointerException: Attempt to invoke virtual method 'void java.util.concurrent.locks.ReentrantLock.lock()' on a null object reference
03-21 22:15:31.919  4447  4455 E System  : 	at java.util.concurrent.ThreadPoolExecutor.shutdown(ThreadPoolExecutor.java:1375)
03-21 22:15:31.919  4447  4455 E System  : 	at java.util.concurrent.ThreadPoolExecutor.finalize(ThreadPoolExecutor.java:1465)
03-21 22:15:31.919  4447  4455 E System  : 	at java.lang.Daemons$FinalizerDaemon.doFinalize(Daemons.java:222)
03-21 22:15:31.919  4447  4455 E System  : 	at java.lang.Daemons$FinalizerDaemon.run(Daemons.java:209)
03-21 22:15:31.919  4447  4455 E System  : 	at java.lang.Thread.run(Thread.java:761)
03-21 22:15:31.919  4447  4455 E System  : Uncaught exception thrown by finalizer
03-21 22:15:31.919  4447  4455 E System  : java.lang.NullPointerException: Attempt to invoke virtual method 'void java.util.concurrent.locks.ReentrantLock.lock()' on a null object reference
03-21 22:15:31.919  4447  4455 E System  : 	at java.util.concurrent.ThreadPoolExecutor.shutdown(ThreadPoolExecutor.java:1375)
03-21 22:15:31.919  4447  4455 E System  : 	at java.util.concurrent.ThreadPoolExecutor.finalize(ThreadPoolExecutor.java:1465)
03-21 22:15:31.919  4447  4455 E System  : 	at java.lang.Daemons$FinalizerDaemon.doFinalize(Daemons.java:222)
03-21 22:15:31.919  4447  4455 E System  : 	at java.lang.Daemons$FinalizerDaemon.run(Daemons.java:209)
03-21 22:15:31.919  4447  4455 E System  : 	at java.lang.Thread.run(Thread.java:761)
03-21 22:15:34.164  4447  4455 E System  : Uncaught exception thrown by finalizer
03-21 22:15:34.164  4447  4455 E System  : java.lang.NullPointerException: Attempt to invoke virtual method 'void java.util.concurrent.locks.ReentrantLock.lock()' on a null object reference
03-21 22:15:34.164  4447  4455 E System  : 	at java.util.concurrent.ThreadPoolExecutor.shutdown(ThreadPoolExecutor.java:1375)
03-21 22:15:34.164  4447  4455 E System  : 	at java.util.concurrent.ThreadPoolExecutor.finalize(ThreadPoolExecutor.java:1465)
03-21 22:15:34.164  4447  4455 E System  : 	at java.lang.Daemons$FinalizerDaemon.doFinalize(Daemons.java:222)
03-21 22:15:34.164  4447  4455 E System  : 	at java.lang.Daemons$FinalizerDaemon.run(Daemons.java:209)
03-21 22:15:34.164  4447  4455 E System  : 	at java.lang.Thread.run(Thread.java:761)
03-21 22:15:34.324  4447  4455 E System  : Uncaught exception thrown by finalizer
03-21 22:15:34.324  4447  4455 E System  : java.lang.NullPointerException: Attempt to invoke virtual method 'void java.util.concurrent.locks.ReentrantLock.lock()' on a null object reference
03-21 22:15:34.324  4447  4455 E System  : 	at java.util.concurrent.ThreadPoolExecutor.shutdown(ThreadPoolExecutor.java:1375)
03-21 22:15:34.324  4447  4455 E System  : 	at java.util.concurrent.ThreadPoolExecutor.finalize(ThreadPoolExecutor.java:1465)
03-21 22:15:34.324  4447  4455 E System  : 	at java.lang.Daemons$FinalizerDaemon.doFinalize(Daemons.java:222)
03-21 22:15:34.324  4447  4455 E System  : 	at java.lang.Daemons$FinalizerDaemon.run(Daemons.java:209)
03-21 22:15:34.324  4447  4455 E System  : 	at java.lang.Thread.run(Thread.java:761)
03-21 22:15:35.450  4447  4455 E System  : Uncaught exception thrown by finalizer
03-21 22:15:35.450  4447  4455 E System  : java.lang.NullPointerException: Attempt to invoke virtual method 'void java.util.concurrent.locks.ReentrantLock.lock()' on a null object reference
03-21 22:15:35.450  4447  4455 E System  : 	at java.util.concurrent.ThreadPoolExecutor.shutdown(ThreadPoolExecutor.java:1375)
03-21 22:15:35.450  4447  4455 E System  : 	at java.util.concurrent.ThreadPoolExecutor.finalize(ThreadPoolExecutor.java:1465)
03-21 22:15:35.450  4447  4455 E System  : 	at java.lang.Daemons$FinalizerDaemon.doFinalize(Daemons.java:222)
03-21 22:15:35.450  4447  4455 E System  : 	at java.lang.Daemons$FinalizerDaemon.run(Daemons.java:209)
03-21 22:15:35.450  4447  4455 E System  : 	at java.lang.Thread.run(Thread.java:761)
03-21 22:15:36.199  4447  4467 I System.out: PluginActivityManagerProvider initStubActivity start
03-21 22:15:36.199  4447  4467 I System.out: PluginActivityManagerProvider initStubActivity end
03-21 22:15:41.168  2494  2518 W System  : Ignoring header Cookie because its value was null.
03-21 22:15:41.202  4447  4467 I System.out: PluginActivityManagerProvider initStubService start
03-21 22:15:41.202  4447  4467 I System.out: PluginActivityManagerProvider initStubService end
03-21 22:15:46.201  4447  4467 I System.out: PluginActivityManagerProvider initStubProvider start
03-21 22:15:46.201  4447  4467 I System.out: PluginActivityManagerProvider initStubProvider end
03-21 22:16:47.915  2124  2173 W WifiMode: WiredSSID, Invalid SupportedRates!!!
03-21 22:16:47.917  2124  2171 W WifiMode: WiredSSID, Invalid SupportedRates!!!
03-21 22:16:47.917  2124  2171 W WifiMode: WiredSSID, Invalid SupportedRates!!!
03-21 22:19:27.919  2124  2173 W WifiMode: WiredSSID, Invalid SupportedRates!!!
03-21 22:19:27.919  2124  2171 W WifiMode: WiredSSID, Invalid SupportedRates!!!
03-21 22:19:27.921  2124  2171 W WifiMode: WiredSSID, Invalid SupportedRates!!!
03-21 22:23:17.739  2124  2171 D WifiNative-HAL: Failing getSupportedFeatureset because HAL isn't started
03-21 22:23:17.739  2124  2140 E BatteryStatsService: no controller energy info supplied
03-21 22:23:17.739  2124  2140 E BatteryStatsService: no controller energy info supplied
03-21 22:23:17.742  2124  2140 E KernelCpuSpeedReader: Failed to read cpu-freq: /sys/devices/system/cpu/cpu0/cpufreq/stats/time_in_state (No such file or directory)
03-21 22:23:17.742  2124  2140 E KernelUidCpuTimeReader: Failed to read uid_cputime: /proc/uid_cputime/show_uid_stat (No such file or directory)
03-21 22:23:17.743  2124  2140 E BatteryStatsService: modem info is invalid: ModemActivityInfo{ mTimestamp=0 mSleepTimeMs=0 mIdleTimeMs=0 mTxTimeMs[]=[0, 0, 0, 0, 0] mRxTimeMs=0 mEnergyUsed=0}
03-21 22:23:26.426  2124  2124 I EntropyMixer: Writing entropy...
03-21 22:23:27.872  2124  2171 W WifiMode: WiredSSID, Invalid SupportedRates!!!
03-21 22:23:27.872  2124  2173 W WifiMode: WiredSSID, Invalid SupportedRates!!!
03-21 22:23:27.873  2124  2171 W WifiMode: WiredSSID, Invalid SupportedRates!!!
03-21 22:23:41.620  2124  4710 I PackageManager.DexOptimizer: Running dexopt (dex2oat) on: /data/app/com.ss.android.article.video-1/base.apk pkg=com.ss.android.article.video isa=x86 vmSafeMode=false debuggable=false target-filter=speed-profile oatDir = /data/app/com.ss.android.article.video-1/oat sharedLibraries=null
03-21 22:23:41.927  4766  4766 W dex2oat : Unexpected CPU variant for X86 using defaults: x86
03-21 22:23:41.933  4766  4766 I dex2oat : /system/bin/dex2oat --compiler-filter=speed-profile --profile-file-fd=6
03-21 22:23:44.185  4766  4766 I dex2oat : Large app, accepted running with swap.
03-21 22:23:44.267  4766  4768 W dex2oat : Before Android 4.1, method android.graphics.PorterDuffColorFilter androidx.vectordrawable.graphics.drawable.VectorDrawableCompat.updateTintFilter(android.graphics.PorterDuffColorFilter, android.content.res.ColorStateList, android.graphics.PorterDuff$Mode) would have incorrectly overridden the package-private method in android.graphics.drawable.Drawable
03-21 22:23:44.285  4766  4766 W dex2oat : Before Android 4.1, method int androidx.appcompat.widget.DropDownListView.lookForSelectablePosition(int, boolean) would have incorrectly overridden the package-private method in android.widget.ListView
03-21 22:23:44.360  4766  4768 W dex2oat : Before Android 4.1, method int androidx.appcompat.widget.MenuPopupWindow$MenuDropDownListView.lookForSelectablePosition(int, boolean) would have incorrectly overridden the package-private method in android.widget.ListView
03-21 22:23:44.409  4766  4768 W dex2oat : Before Android 4.1, method java.lang.Object com.ss.android.ugc.aweme.kiwi.viewmodel.QViewModel.getTag(java.lang.String) would have incorrectly overridden the package-private method in androidx.lifecycle.ViewModel
03-21 22:23:44.409  4766  4768 W dex2oat : Before Android 4.1, method java.lang.Object com.ss.android.ugc.aweme.kiwi.viewmodel.QViewModel.setTagIfAbsent(java.lang.String, java.lang.Object) would have incorrectly overridden the package-private method in androidx.lifecycle.ViewModel
03-21 22:23:44.652  4766  4766 W dex2oat : Before Android 4.1, method com.facebook.common.memory.PooledByteBuffer com.facebook.cache.disk.TTBufferedDiskCache.readFromDiskCache(com.facebook.cache.common.CacheKey) would have incorrectly overridden the package-private method in com.facebook.imagepipeline.cache.BufferedDiskCache
03-21 22:23:47.772  4766  4768 W dex2oat : Class com.bytedance.pangle.plugin.PluginManager failed lock verification and will run slower.
03-21 22:23:47.772  4766  4768 W dex2oat : Common causes for lock verification issues are non-optimized dex code
03-21 22:23:47.772  4766  4768 W dex2oat : and incorrect proguard optimizations.
03-21 22:23:47.862  4766  4768 W dex2oat : Class com.bytedance.sdk.openadsdk.api.plugin.b failed lock verification and will run slower.
03-21 22:23:48.198  4766  4768 W dex2oat : Class com.bytedance.pangle.e.a failed lock verification and will run slower.
03-21 22:23:48.199  4766  4766 W dex2oat : Class com.bytedance.pangle.service.a.a failed lock verification and will run slower.
03-21 22:23:55.004  4766  4766 I dex2oat : Method exceeds compiler instruction limit: 24190 in void com.ixigua.base.appsetting.AppSettings.addItems()
03-21 22:23:59.666  4766  4766 I dex2oat : Explicit concurrent mark sweep GC freed 319303(53MB) AllocSpace objects, 0(0B) LOS objects, 66% free, 1015KB/2MB, paused 147us total 51.902ms
03-21 22:24:01.617  4766  4766 I dex2oat : dex2oat took 19.691s (threads: 2) arena alloc=4MB (5124344B) java alloc=1020KB (1044536B) native alloc=101MB (106709848B) free=17MB (18857128B) swap=32MB (33554432B)
03-21 22:24:12.036  4447  4455 E System  : Uncaught exception thrown by finalizer
03-21 22:24:12.036  4447  4455 E System  : java.lang.NullPointerException: Attempt to invoke virtual method 'void java.util.concurrent.locks.ReentrantLock.lock()' on a null object reference
03-21 22:24:12.036  4447  4455 E System  : 	at java.util.concurrent.ThreadPoolExecutor.shutdown(ThreadPoolExecutor.java:1375)
03-21 22:24:12.036  4447  4455 E System  : 	at java.util.concurrent.ThreadPoolExecutor.finalize(ThreadPoolExecutor.java:1465)
03-21 22:24:12.036  4447  4455 E System  : 	at java.lang.Daemons$FinalizerDaemon.doFinalize(Daemons.java:222)
03-21 22:24:12.036  4447  4455 E System  : 	at java.lang.Daemons$FinalizerDaemon.run(Daemons.java:209)
03-21 22:24:12.036  4447  4455 E System  : 	at java.lang.Thread.run(Thread.java:761)
03-21 22:24:12.036  4447  4455 E System  : Uncaught exception thrown by finalizer
03-21 22:24:12.036  4447  4455 E System  : java.lang.NullPointerException: Attempt to invoke virtual method 'void java.util.concurrent.locks.ReentrantLock.lock()' on a null object reference
03-21 22:24:12.036  4447  4455 E System  : 	at java.util.concurrent.ThreadPoolExecutor.shutdown(ThreadPoolExecutor.java:1375)
03-21 22:24:12.036  4447  4455 E System  : 	at java.util.concurrent.ThreadPoolExecutor.finalize(ThreadPoolExecutor.java:1465)
03-21 22:24:12.036  4447  4455 E System  : 	at java.lang.Daemons$FinalizerDaemon.doFinalize(Daemons.java:222)
03-21 22:24:12.036  4447  4455 E System  : 	at java.lang.Daemons$FinalizerDaemon.run(Daemons.java:209)
03-21 22:24:12.036  4447  4455 E System  : 	at java.lang.Thread.run(Thread.java:761)
03-21 22:26:00.006  2124  2137 I ProcessStatsService: Prepared write state in 3ms
03-21 22:26:07.874  2124  2173 W WifiMode: WiredSSID, Invalid SupportedRates!!!
03-21 22:26:07.874  2124  2171 W WifiMode: WiredSSID, Invalid SupportedRates!!!
03-21 22:26:07.874  2124  2171 W WifiMode: WiredSSID, Invalid SupportedRates!!!
03-21 22:28:47.872  2124  2173 W WifiMode: WiredSSID, Invalid SupportedRates!!!
03-21 22:28:47.874  2124  2171 W WifiMode: WiredSSID, Invalid SupportedRates!!!
03-21 22:28:47.874  2124  2171 W WifiMode: WiredSSID, Invalid SupportedRates!!!
03-21 22:29:28.122  2124  2136 I UsageStatsService: User[0] Flushing usage stats to disk
03-21 22:31:27.873  2124  2173 W WifiMode: WiredSSID, Invalid SupportedRates!!!
03-21 22:31:27.874  2124  2171 W WifiMode: WiredSSID, Invalid SupportedRates!!!
03-21 22:31:27.874  2124  2171 W WifiMode: WiredSSID, Invalid SupportedRates!!!
03-21 22:34:07.875  2124  2171 W WifiMode: WiredSSID, Invalid SupportedRates!!!
03-21 22:34:07.875  2124  2173 W WifiMode: WiredSSID, Invalid SupportedRates!!!
03-21 22:34:07.875  2124  2171 W WifiMode: WiredSSID, Invalid SupportedRates!!!
03-21 22:34:20.827  2124  2205 I ActivityManager: START u0 {act=android.intent.action.MAIN cat=[android.intent.category.LAUNCHER] flg=0x10200000 cmp=com.ss.android.article.video/.activity.SplashActivity bnds=[1778,1104][2127,1624] (has extras)} from uid 1000 on display 0
03-21 22:34:20.872  4447  4879 E ActivityThread: Failed to find provider info for com.sec.badge
03-21 22:34:20.901  4447  4457 W art     : Suspending all threads took: 5.031ms
03-21 22:34:20.922  4447  4884 D ConnectivityManager: getMobileDataEnabled()+ subId=-1
03-21 22:34:20.924  4447  4884 D ConnectivityManager: getMobileDataEnabled()- subId=-1 retVal=false
03-21 22:34:20.926  4447  4447 D ConnectivityManager: getMobileDataEnabled()+ subId=-1
03-21 22:34:20.928  4447  4447 D ConnectivityManager: getMobileDataEnabled()- subId=-1 retVal=false
03-21 22:34:20.945  4447  4457 I art     : Background sticky concurrent mark sweep GC freed 49402(2MB) AllocSpace objects, 20(560KB) LOS objects, 20% free, 17MB/21MB, paused 9.646ms total 81.103ms
03-21 22:34:20.945  4447  4455 E System  : Uncaught exception thrown by finalizer
03-21 22:34:20.945  4447  4455 E System  : java.lang.NullPointerException: Attempt to invoke virtual method 'void java.util.concurrent.locks.ReentrantLock.lock()' on a null object reference
03-21 22:34:20.945  4447  4455 E System  : 	at java.util.concurrent.ThreadPoolExecutor.shutdown(ThreadPoolExecutor.java:1375)
03-21 22:34:20.945  4447  4455 E System  : 	at java.util.concurrent.ThreadPoolExecutor.finalize(ThreadPoolExecutor.java:1465)
03-21 22:34:20.945  4447  4455 E System  : 	at java.lang.Daemons$FinalizerDaemon.doFinalize(Daemons.java:222)
03-21 22:34:20.945  4447  4455 E System  : 	at java.lang.Daemons$FinalizerDaemon.run(Daemons.java:209)
03-21 22:34:20.945  4447  4455 E System  : 	at java.lang.Thread.run(Thread.java:761)
03-21 22:34:20.945  4447  4455 E System  : Uncaught exception thrown by finalizer
03-21 22:34:20.945  4447  4455 E System  : java.lang.NullPointerException: Attempt to invoke virtual method 'void java.util.concurrent.locks.ReentrantLock.lock()' on a null object reference
03-21 22:34:20.945  4447  4455 E System  : 	at java.util.concurrent.ThreadPoolExecutor.shutdown(ThreadPoolExecutor.java:1375)
03-21 22:34:20.945  4447  4455 E System  : 	at java.util.concurrent.ThreadPoolExecutor.finalize(ThreadPoolExecutor.java:1465)
03-21 22:34:20.945  4447  4455 E System  : 	at java.lang.Daemons$FinalizerDaemon.doFinalize(Daemons.java:222)
03-21 22:34:20.945  4447  4455 E System  : 	at java.lang.Daemons$FinalizerDaemon.run(Daemons.java:209)
03-21 22:34:20.945  4447  4455 E System  : 	at java.lang.Thread.run(Thread.java:761)
03-21 22:34:20.946  4447  4455 E System  : Uncaught exception thrown by finalizer
03-21 22:34:20.946  4447  4455 E System  : java.lang.NullPointerException: Attempt to invoke virtual method 'void java.util.concurrent.locks.ReentrantLock.lock()' on a null object reference
03-21 22:34:20.946  4447  4455 E System  : 	at java.util.concurrent.ThreadPoolExecutor.shutdown(ThreadPoolExecutor.java:1375)
03-21 22:34:20.946  4447  4455 E System  : 	at java.util.concurrent.ThreadPoolExecutor.finalize(ThreadPoolExecutor.java:1465)
03-21 22:34:20.946  4447  4455 E System  : 	at java.lang.Daemons$FinalizerDaemon.doFinalize(Daemons.java:222)
03-21 22:34:20.946  4447  4455 E System  : 	at java.lang.Daemons$FinalizerDaemon.run(Daemons.java:209)
03-21 22:34:20.946  4447  4455 E System  : 	at java.lang.Thread.run(Thread.java:761)
03-21 22:34:20.946  4447  4455 E System  : Uncaught exception thrown by finalizer
03-21 22:34:20.946  4447  4455 E System  : java.lang.NullPointerException: Attempt to invoke virtual method 'void java.util.concurrent.locks.ReentrantLock.lock()' on a null object reference
03-21 22:34:20.946  4447  4455 E System  : 	at java.util.concurrent.ThreadPoolExecutor.shutdown(ThreadPoolExecutor.java:1375)
03-21 22:34:20.946  4447  4455 E System  : 	at java.util.concurrent.ThreadPoolExecutor.finalize(ThreadPoolExecutor.java:1465)
03-21 22:34:20.946  4447  4455 E System  : 	at java.lang.Daemons$FinalizerDaemon.doFinalize(Daemons.java:222)
03-21 22:34:20.946  4447  4455 E System  : 	at java.lang.Daemons$FinalizerDaemon.run(Daemons.java:209)
03-21 22:34:20.946  4447  4455 E System  : 	at java.lang.Thread.run(Thread.java:761)
03-21 22:34:20.946  4447  4455 E System  : Uncaught exception thrown by finalizer
03-21 22:34:20.946  4447  4455 E System  : java.lang.NullPointerException: Attempt to invoke virtual method 'void java.util.concurrent.locks.ReentrantLock.lock()' on a null object reference
03-21 22:34:20.946  4447  4455 E System  : 	at java.util.concurrent.ThreadPoolExecutor.shutdown(ThreadPoolExecutor.java:1375)
03-21 22:34:20.946  4447  4455 E System  : 	at java.util.concurrent.ThreadPoolExecutor.finalize(ThreadPoolExecutor.java:1465)
03-21 22:34:20.946  4447  4455 E System  : 	at java.lang.Daemons$FinalizerDaemon.doFinalize(Daemons.java:222)
03-21 22:34:20.946  4447  4455 E System  : 	at java.lang.Daemons$FinalizerDaemon.run(Daemons.java:209)
03-21 22:34:20.946  4447  4455 E System  : 	at java.lang.Thread.run(Thread.java:761)
03-21 22:34:20.958  4447  4539 E ActivityThread: Failed to find provider info for com.sec.badge
03-21 22:34:20.972  4447  4889 D ConnectivityManager: getMobileDataEnabled()+ subId=-1
03-21 22:34:20.972  4447  4891 E ActivityThread: Failed to find provider info for com.sec.badge
03-21 22:34:20.973  4447  4889 D ConnectivityManager: getMobileDataEnabled()- subId=-1 retVal=false
03-21 22:34:26.848  4904  4904 D AndroidRuntime: >>>>>> START com.android.internal.os.RuntimeInit uid 10040 <<<<<<
03-21 22:34:27.141  4904  4904 D AndroidRuntime: CheckJNI is OFF
03-21 22:34:27.184  4904  4904 D ICU     : No timezone override file found: /data/misc/zoneinfo/current/icu/icu_tzdata.dat
03-21 22:34:27.190  4904  4904 W art     : Unexpected CPU variant for X86 using defaults: x86
03-21 22:34:27.192  4904  4904 W art     : Could not create mount namespace.
03-21 22:34:27.193  4904  4904 D         : houdini no need remount
03-21 22:34:27.203  4904  4904 E memtrack: Couldn't load memtrack module (No such file or directory)
03-21 22:34:27.203  4904  4904 E android.os.Debug: failed to load memtrack module: -2
03-21 22:34:27.203  4904  4904 I Radio-JNI: register_android_hardware_Radio DONE
03-21 22:34:27.214  4904  4904 D AndroidRuntime: Calling main entry com.android.commands.pm.Pm
03-21 22:34:27.217  2124  2135 I ActivityManager: Force stopping com.ss.android.article.video appid=10040 user=0: clear data
03-21 22:34:27.217  2124  2135 I ActivityManager: Killing 4447:com.ss.android.article.video/u0a40 (adj 0): stop com.ss.android.article.video
03-21 22:34:27.217  2124  2135 D ActivityManager: cleanUpApplicationRecord -- 4447
03-21 22:34:27.217  2124  2135 W ActivityManager: Scheduling restart of crashed service com.ss.android.article.video/com.ss.android.socialbase.downloader.notification.DownloadNotificationService in 1000ms
03-21 22:34:27.217  2124  2135 W ActivityManager: Force removing ActivityRecord{3bec093 u0 com.ss.android.article.video/.activity.SplashActivity t4}: app died, no saved state
03-21 22:34:27.218  2124  2139 I libprocessgroup: Killing pid 4904 in uid 10040 as part of process group 4447
03-21 22:34:27.227  2124  2139 I libprocessgroup: Killing pid 4904 in uid 10040 as part of process group 4447
03-21 22:34:27.230  2124  2144 E JavaBinder: !!! FAILED BINDER TRANSACTION !!!  (parcel size = 60)
03-21 22:34:27.233  2124  2139 I libprocessgroup: Killing pid 4904 in uid 10040 as part of process group 4447
03-21 22:34:27.238  2124  2134 D ConnectivityService: ConnectivityService NetworkRequestInfo binderDied(NetworkRequest [ LISTEN id=9, [ Capabilities: INTERNET&NOT_RESTRICTED&TRUSTED] ], android.os.BinderProxy@6758403)
03-21 22:34:27.239  2124  2139 I libprocessgroup: Killing pid 4904 in uid 10040 as part of process group 4447
03-21 22:34:27.239  2124  2134 D GraphicsStats: Buffer count: 2
03-21 22:34:27.239  2124  2175 E ConnectivityService: RemoteException caught trying to send a callback msg for NetworkRequest [ LISTEN id=9, [ Capabilities: INTERNET&NOT_RESTRICTED&TRUSTED] ]
03-21 22:34:27.240  2124  2137 I ActivityManager: Force stopping com.ss.android.article.video appid=10040 user=-1: clearApplicationUserData
03-21 22:34:27.244  2124  2139 I libprocessgroup: Killing pid 4904 in uid 10040 as part of process group 4447
03-21 22:34:27.250  2124  2139 I libprocessgroup: Killing pid 4904 in uid 10040 as part of process group 4447
03-21 22:34:27.255  2124  2139 I libprocessgroup: Killing pid 4904 in uid 10040 as part of process group 4447
03-21 22:34:27.261  2124  2139 I libprocessgroup: Killing pid 4904 in uid 10040 as part of process group 4447
03-21 22:34:27.266  2124  2139 I libprocessgroup: Killing pid 4904 in uid 10040 as part of process group 4447
03-21 22:34:27.271  2124  2139 I libprocessgroup: Killing pid 4904 in uid 10040 as part of process group 4447
03-21 22:34:27.278  2124  2139 I libprocessgroup: Killing pid 4904 in uid 10040 as part of process group 4447
03-21 22:34:27.288  2124  2139 I libprocessgroup: Killing pid 4904 in uid 10040 as part of process group 4447
03-21 22:34:27.294  2124  2139 I libprocessgroup: Killing pid 4904 in uid 10040 as part of process group 4447
03-21 22:34:27.300  2124  2139 I libprocessgroup: Killing pid 4904 in uid 10040 as part of process group 4447
03-21 22:34:27.303  2248  2248 E PhoneInterfaceManager: [PhoneIntfMgr] getCarrierPackageNamesForIntent: No UICC
03-21 22:34:27.303  2248  2248 D CarrierSvcBindHelper: No carrier app for: 0
03-21 22:34:27.305  2124  2139 I libprocessgroup: Killing pid 4904 in uid 10040 as part of process group 4447
03-21 22:34:27.307  2124  2152 E JavaBinder: !!! FAILED BINDER TRANSACTION !!!  (parcel size = 156)
03-21 22:34:27.310  2124  2152 I PackageManager: Observer no longer exists.
03-21 22:34:27.315  2124  2139 I libprocessgroup: Killing pid 4904 in uid 10040 as part of process group 4447
03-21 22:34:27.321  2124  2139 I libprocessgroup: Killing pid 4904 in uid 10040 as part of process group 4447
03-21 22:34:27.328  2124  2139 I libprocessgroup: Killing pid 4904 in uid 10040 as part of process group 4447
03-21 22:34:36.213  2494  2518 W System  : Ignoring header Cookie because its value was null.
03-21 22:36:35.779  2124  2430 I ActivityManager: START u0 {act=android.intent.action.MAIN cat=[android.intent.category.LAUNCHER] flg=0x10200000 cmp=com.ss.android.article.video/.activity.SplashActivity bnds=[1778,1104][2127,1624] (has extras)} from uid 1000 on display 0
03-21 22:36:52.140  1831  1831 E Zygote  : Not whitelisted : /dev/ccid_ctrl
03-21 22:36:52.142  1832  1887 W AudioFlinger: write blocked for 16352 msecs, 1 delayed writes, thread 0xd6183f80
03-21 22:36:52.146  2124  2160 I InputDispatcher: Window 'Window{9dd94bc u0 StatusBar}' spent 16368.0ms processing the last input event: MotionEvent(deviceId=2, source=0x00001002, action=7, actionButton=0x00000000, flags=0x00000000, metaState=0x00000000, buttonState=0x00000000, edgeFlags=0x00000000, xPrecision=1.0, yPrecision=1.0, displayId=0, pointers=[0: (0.0, 0.0)]), policyFlags=0x62000000
03-21 22:36:52.148  2192  2204 W AudioSystem: AudioPolicyService server died!
03-21 22:36:52.148  1827  1827 I ServiceManager: service 'media.audio_flinger' died
03-21 22:36:52.149  2124  2637 W AudioSystem: AudioFlinger server died!
03-21 22:36:52.149  2124  2430 W AudioSystem: AudioPolicyService server died!
03-21 22:36:52.149  2124  2134 W SoundTrigger: Sound trigger service died!
03-21 22:36:52.152  1827  1827 I ServiceManager: service 'media.audio_policy' died
03-21 22:36:52.153  1827  1827 I ServiceManager: service 'media.sound_trigger_hw' died
03-21 22:36:52.153  1827  1827 I ServiceManager: service 'media.radio' died
03-21 22:36:52.153  2124  2124 I ServiceManager: Waiting for service media.audio_policy...
03-21 22:36:52.153  2124  2182 E AudioService: Audioserver died.
03-21 22:36:52.154  2124  2282 W ActivityManager: Slow operation: 16364ms so far, now at startProcess: returned from zygote!
03-21 22:36:52.154  2124  2282 W ActivityManager: Slow operation: 16365ms so far, now at startProcess: done updating battery stats
03-21 22:36:52.154  2124  2282 W ActivityManager: Slow operation: 16365ms so far, now at startProcess: building log message
03-21 22:36:52.154  2124  2282 I ActivityManager: Start proc 4928:com.ss.android.article.video/u0a40 for activity com.ss.android.article.video/.activity.SplashActivity
03-21 22:36:52.154  2124  2282 W ActivityManager: Slow operation: 16365ms so far, now at startProcess: starting to update pids map
03-21 22:36:52.154  2124  2282 W ActivityManager: Slow operation: 16365ms so far, now at startProcess: done updating pids map
03-21 22:36:52.154  2124  2282 W ActivityManager: Slow operation: 16365ms so far, now at startProcess: done starting proc!
03-21 22:36:52.156  4928  4928 D         : houdini no need remount
03-21 22:36:52.158  4928  4928 E libnb   : load libnb
03-21 22:36:52.159  4928  4928 D houdini : [4928] Initialize library(version: 7.1.1b_x.49852 RELEASE)... successfully.
03-21 22:36:52.159  4928  4928 W art     : Unexpected CPU variant for X86 using defaults: x86
03-21 22:36:52.165  2124  2138 W art     : Long monitor contention with owner Binder:2124_4 (2282) at void com.android.server.am.ActivityManagerService.activityPaused(android.os.IBinder)(ActivityManagerService.java:6956) waiters=0 in void com.android.server.am.ActivityManagerService.dispatchUidsChanged() for 16.375s
03-21 22:36:52.165  2124  2137 W ActivityManager: Launch timeout has expired, giving up wake lock!
03-21 22:36:52.187  2124  2637 I ActivityManager: START u0 {act=android.intent.action.MAIN cat=[android.intent.category.LAUNCHER] flg=0x10200000 cmp=com.ss.android.article.video/.activity.SplashActivity bnds=[1778,1104][2127,1624] (has extras)} from uid 1000 on display 0
03-21 22:36:52.216  4928  4928 I art     : Starting a blocking GC AddRemoveAppImageSpace
03-21 22:36:52.241  2124  4112 W AudioTrack: dead IAudioTrack, PCM, creating a new one from processAudioBuffer()
03-21 22:36:52.292  2124  2282 D VoldConnector: SND -> {11 volume mkdirs /storage/emulated/0/Android/data/com.ss.android.article.video/cache/}
03-21 22:36:52.292  2124  2163 D VoldConnector: RCV <- {200 11 Command succeeded}
03-21 22:36:52.327  4928  4928 D houdini : [4928] Added shared library /data/app/com.ss.android.article.video-1/lib/arm/libnpth.so for ClassLoader by Native Bridge.
03-21 22:36:52.329  4928  4928 D houdini : [4928] Added shared library /data/app/com.ss.android.article.video-1/lib/arm/libnpth_tools.so for ClassLoader by Native Bridge.
03-21 22:36:52.340  4929  4929 I         : sMaxFastTracks = 8
03-21 22:36:52.341  4929  4929 I audioserver: ServiceManager: 0xd66bc000
03-21 22:36:52.341  4929  4929 I AudioFlinger: Using default 3000 mSec as standby time.
03-21 22:36:52.341  4929  4929 I AudioPolicyService: AudioPolicyService CSTOR in new mode
03-21 22:36:52.341  4929  4929 I APM::ConfigParsingUtils: loadAudioPolicyConfig() loaded /system/etc/audio_policy.conf
03-21 22:36:52.342  4929  4929 I AudioFlinger: loadHwModule() Loaded primary audio interface from NOX audio HW HAL (audio) handle 10
03-21 22:36:52.342  4929  4929 I AudioFlinger: openOutput(), module 10 Device 2, SamplingRate 44100, Format 0x000001, Channels 3, flags 2
03-21 22:36:52.342  4929  4929 I AudioFlinger: HAL output buffer size 512 frames, normal sink buffer size 1024 frames
03-21 22:36:52.343  4929  4929 W EffectsFactory: loadLibrary() failed to open /system/vendor/lib/soundfx/libswdap.so
03-21 22:36:52.343  4929  4929 W EffectsFactory: loadLibrary() failed to open /system/vendor/lib/soundfx/libhwdap.so
03-21 22:36:52.343  4929  4929 W EffectsFactory: loadEffect() could not get library proxy
03-21 22:36:52.343  4929  4929 I BufferProvider: found effect "Multichannel Downmix To Stereo" from The Android Open Source Project
03-21 22:36:52.343  4929  4929 I AudioFlinger: Using module 10 has the primary audio interface
03-21 22:36:52.348  4929  4957 I AudioFlinger: AudioFlinger's thread 0xd62039c0 ready to run
03-21 22:36:52.350  4929  4958 I AudioFlinger: AudioFlinger's thread 0xd5e83600 ready to run
03-21 22:36:52.353  4928  4934 I art     : Do partial code cache collection, code=0B, data=0B
03-21 22:36:52.353  4928  4934 I art     : After code cache collection, code=0B, data=0B
03-21 22:36:52.353  4928  4934 I art     : Increasing code cache capacity to 128KB
03-21 22:36:52.353  4929  4929 I RadioService: RadioService
03-21 22:36:52.353  4929  4929 I RadioService: onFirstRef
03-21 22:36:52.354  4929  4929 E RadioService: couldn't load radio module radio.primary (No such file or directory)
03-21 22:36:52.354  4929  4929 E SoundTriggerHwService: couldn't load sound trigger module sound_trigger.primary (No such file or directory)
03-21 22:36:52.354  4929  4957 W AudioFlinger: no wake lock to update, system not ready yet
03-21 22:36:52.360  4928  4934 I art     : Do partial code cache collection, code=0B, data=0B
03-21 22:36:52.362  4928  4934 I art     : After code cache collection, code=0B, data=0B
03-21 22:36:52.362  4928  4934 I art     : Increasing code cache capacity to 256KB
03-21 22:36:52.364  4928  4934 I art     : Method exceeds compiler instruction limit: 24190 in void com.ixigua.base.appsetting.AppSettings.addItems()
03-21 22:36:52.396  4928  4965 I NPTH    : anr_monitor_loop enter!
03-21 22:36:52.396  4928  4965 I NPTH    : anr_monitor_loop reporter = 0x78e636a8
03-21 22:36:52.399  4928  4965 I NPTH    : anr_monitor_loop sym_err = -3
03-21 22:36:52.403  4928  4962 E NPTH-TERM: wait_inner:tools_monitor_wait_inner in !!!
03-21 22:36:52.407  4928  4962 E NPTH-TERM: wait_inner:read alive_processes count=0
03-21 22:36:52.408  4928  4962 E NPTH-TERM: wait_inner:first be worker!!!!!!!!!!
03-21 22:36:52.409  4928  4962 E NPTH-TERM: -----------------------------------------------------------
03-21 22:36:52.416  4928  4951 D NetworkSecurityConfig: Using Network Security Config from resource m debugBuild: false
03-21 22:36:52.428  4928  4965 I NPTH    : anr_monitor_loop s_sig_catcher_tid = 4935
03-21 22:36:52.490  4928  4973 W System  : ClassLoader referenced unknown path: /system/app/webview/lib/x86
03-21 22:36:52.509  4928  4973 D ApplicationLoaders: ignored Vulkan layer search path /system/app/webview/lib/x86:/system/app/webview/webview.apk!/lib/x86:/system/lib:/vendor/lib for namespace 0xc89a6090
03-21 22:36:52.525  4928  4973 I WebViewFactory: Loading com.google.android.webview version 75.0.3770.143 (code 377014315)
03-21 22:36:52.537  4928  4984 D ConnectivityManager: getMobileDataEnabled()+ subId=-1
03-21 22:36:52.542  4928  4984 D ConnectivityManager: getMobileDataEnabled()- subId=-1 retVal=false
03-21 22:36:52.684  4928  4928 W art     : Before Android 4.1, method android.graphics.PorterDuffColorFilter androidx.vectordrawable.graphics.drawable.VectorDrawableCompat.updateTintFilter(android.graphics.PorterDuffColorFilter, android.content.res.ColorStateList, android.graphics.PorterDuff$Mode) would have incorrectly overridden the package-private method in android.graphics.drawable.Drawable
03-21 22:36:52.760  4928  4963 D houdini : [4963] Added shared library /data/app/com.ss.android.article.video-1/lib/arm/libmetasec_ml.so for ClassLoader by Native Bridge.
03-21 22:36:52.791  4928  4928 I art     : Rejecting re-init on previously-failed class java.lang.Class<androidx.core.view.ViewCompat$OnUnhandledKeyEventListenerWrapper>: java.lang.NoClassDefFoundError: Failed resolution of: Landroid/view/View$OnUnhandledKeyEventListener;
03-21 22:36:52.791  4928  4928 I art     :   at android.view.ViewGroup androidx.appcompat.app.AppCompatDelegateImpl.createSubDecor() ((null):-1)
03-21 22:36:52.791  4928  4928 I art     :   at void androidx.appcompat.app.AppCompatDelegateImpl.ensureSubDecor() ((null):-1)
03-21 22:36:52.791  4928  4928 I art     :   at android.view.View androidx.appcompat.app.AppCompatDelegateImpl.findViewById(int) ((null):-1)
03-21 22:36:52.791  4928  4928 I art     :   at android.view.View com.ixigua.framework.ui.AppCompatActivity.findViewById(int) ((null):-1)
03-21 22:36:52.791  4928  4928 I art     :   at void com.ixigua.feature.main.specific.splash.b.a() ((null):-1)
03-21 22:36:52.791  4928  4928 I art     :   at void com.ixigua.feature.main.specific.c.onCreate(android.os.Bundle) ((null):-1)
03-21 22:36:52.791  4928  4928 I art     :   at void android.app.Activity.performCreate(android.os.Bundle) (Activity.java:6692)
03-21 22:36:52.791  4928  4928 I art     :   at void android.app.Instrumentation.callActivityOnCreate(android.app.Activity, android.os.Bundle) (Instrumentation.java:1118)
03-21 22:36:52.791  4928  4928 I art     :   at void com.bytedance.mira.hook.delegate.MiraInstrumentation.callActivityOnCreate(android.app.Activity, android.os.Bundle) ((null):-1)
03-21 22:36:52.791  4928  4928 I art     :   at android.app.Activity android.app.ActivityThread.performLaunchActivity(android.app.ActivityThread$ActivityClientRecord, android.content.Intent) (ActivityThread.java:2621)
03-21 22:36:52.791  4928  4928 I art     :   at void android.app.ActivityThread.handleLaunchActivity(android.app.ActivityThread$ActivityClientRecord, android.content.Intent, java.lang.String) (ActivityThread.java:2729)
03-21 22:36:52.791  4928  4928 I art     :   at void android.app.ActivityThread.-wrap12(android.app.ActivityThread, android.app.ActivityThread$ActivityClientRecord, android.content.Intent, java.lang.String) (ActivityThread.java:-1)
03-21 22:36:52.791  4928  4928 I art     :   at void android.app.ActivityThread$H.handleMessage(android.os.Message) (ActivityThread.java:1480)
03-21 22:36:52.791  4928  4928 I art     :   at void android.os.Handler.dispatchMessage(android.os.Message) (Handler.java:102)
03-21 22:36:52.791  4928  4928 I art     :   at void android.os.Looper.loop() (Looper.java:154)
03-21 22:36:52.791  4928  4928 I art     :   at void android.app.ActivityThread.main(java.lang.String[]) (ActivityThread.java:6198)
03-21 22:36:52.791  4928  4928 I art     :   at java.lang.Object java.lang.reflect.Method.invoke!(java.lang.Object, java.lang.Object[]) (Method.java:-2)
03-21 22:36:52.791  4928  4928 I art     :   at void com.android.internal.os.ZygoteInit$MethodAndArgsCaller.run() (ZygoteInit.java:891)
03-21 22:36:52.791  4928  4928 I art     :   at void com.android.internal.os.ZygoteInit.main(java.lang.String[]) (ZygoteInit.java:781)
03-21 22:36:52.791  4928  4928 I art     : Caused by: java.lang.ClassNotFoundException: Didn't find class "android.view.View$OnUnhandledKeyEventListener" on path: DexPathList[[zip file "/data/app/com.ss.android.article.video-1/base.apk"],nativeLibraryDirectories=[/data/app/com.ss.android.article.video-1/lib/arm, /data/app/com.ss.android.article.video-1/base.apk!/lib/armeabi-v7a, /system/lib, /vendor/lib]]
03-21 22:36:52.791  4928  4928 I art     :   at java.lang.Class dalvik.system.BaseDexClassLoader.findClass(java.lang.String) (BaseDexClassLoader.java:56)
03-21 22:36:52.791  4928  4928 I art     :   at java.lang.Class java.lang.ClassLoader.loadClass(java.lang.String, boolean) (ClassLoader.java:380)
03-21 22:36:52.791  4928  4928 I art     :   at java.lang.Class java.lang.ClassLoader.loadClass(java.lang.String) (ClassLoader.java:312)
03-21 22:36:52.791  4928  4928 I art     :   at android.view.ViewGroup androidx.appcompat.app.AppCompatDelegateImpl.createSubDecor() ((null):-1)
03-21 22:36:52.791  4928  4928 I art     :   at void androidx.appcompat.app.AppCompatDelegateImpl.ensureSubDecor() ((null):-1)
03-21 22:36:52.791  4928  4928 I art     :   at android.view.View androidx.appcompat.app.AppCompatDelegateImpl.findViewById(int) ((null):-1)
03-21 22:36:52.791  4928  4928 I art     :   at android.view.View com.ixigua.framework.ui.AppCompatActivity.findViewById(int) ((null):-1)
03-21 22:36:52.791  4928  4928 I art     :   at void com.ixigua.feature.main.specific.splash.b.a() ((null):-1)
03-21 22:36:52.791  4928  4928 I art     :   at void com.ixigua.feature.main.specific.c.onCreate(android.os.Bundle) ((null):-1)
03-21 22:36:52.791  4928  4928 I art     :   at void android.app.Activity.performCreate(android.os.Bundle) (Activity.java:6692)
03-21 22:36:52.791  4928  4928 I art     :   at void android.app.Instrumentation.callActivityOnCreate(android.app.Activity, android.os.Bundle) (Instrumentation.java:1118)
03-21 22:36:52.791  4928  4928 I art     :   at void com.bytedance.mira.hook.delegate.MiraInstrumentation.callActivityOnCreate(android.app.Activity, android.os.Bundle) ((null):-1)
03-21 22:36:52.791  4928  4928 I art     :   at android.app.Activity android.app.ActivityThread.performLaunchActivity(android.app.ActivityThread$ActivityClientRecord, android.content.Intent) (ActivityThread.java:2621)
03-21 22:36:52.791  4928  4928 I art     :   at void android.app.ActivityThread.handleLaunchActivity(android.app.ActivityThread$ActivityClientRecord, android.content.Intent, java.lang.String) (ActivityThread.java:2729)
03-21 22:36:52.791  4928  4928 I art     :   at void android.app.ActivityThread.-wrap12(android.app.ActivityThread, android.app.ActivityThread$ActivityClientRecord, android.content.Intent, java.lang.String) (ActivityThread.java:-1)
03-21 22:36:52.791  4928  4928 I art     :   at void android.app.ActivityThread$H.handleMessage(android.os.Message) (ActivityThread.java:1480)
03-21 22:36:52.791  4928  4928 I art     :   at void android.os.Handler.dispatchMessage(android.os.Message) (Handler.java:102)
03-21 22:36:52.791  4928  4928 I art     :   at void android.os.Looper.loop() (Looper.java:154)
03-21 22:36:52.791  4928  4928 I art     :   at void android.app.ActivityThread.main(java.lang.String[]) (ActivityThread.java:6198)
03-21 22:36:52.791  4928  4928 I art     :   at java.lang.Object java.lang.reflect.Method.invoke!(java.lang.Object, java.lang.Object[]) (Method.java:-2)
03-21 22:36:52.791  4928  4928 I art     :   at void com.android.internal.os.ZygoteInit$MethodAndArgsCaller.run() (ZygoteInit.java:891)
03-21 22:36:52.791  4928  4928 I art     :   at void com.android.internal.os.ZygoteInit.main(java.lang.String[]) (ZygoteInit.java:781)
03-21 22:36:52.791  4928  4928 I art     : 
03-21 22:36:52.813  4928  4939 I art     : Background sticky concurrent mark sweep GC freed 50521(3MB) AllocSpace objects, 7(140KB) LOS objects, 19% free, 12MB/16MB, paused 5.694ms total 110.065ms
03-21 22:36:52.814  4928  4937 E System  : Uncaught exception thrown by finalizer
03-21 22:36:52.814  4928  4937 E System  : java.lang.NullPointerException: Attempt to invoke virtual method 'void java.util.concurrent.locks.ReentrantLock.lock()' on a null object reference
03-21 22:36:52.814  4928  4937 E System  : 	at java.util.concurrent.ThreadPoolExecutor.shutdown(ThreadPoolExecutor.java:1375)
03-21 22:36:52.814  4928  4937 E System  : 	at java.util.concurrent.ThreadPoolExecutor.finalize(ThreadPoolExecutor.java:1465)
03-21 22:36:52.814  4928  4937 E System  : 	at java.lang.Daemons$FinalizerDaemon.doFinalize(Daemons.java:222)
03-21 22:36:52.814  4928  4937 E System  : 	at java.lang.Daemons$FinalizerDaemon.run(Daemons.java:209)
03-21 22:36:52.814  4928  4937 E System  : 	at java.lang.Thread.run(Thread.java:761)
03-21 22:36:52.814  4928  4937 E System  : Uncaught exception thrown by finalizer
03-21 22:36:52.814  4928  4937 E System  : java.lang.NullPointerException: Attempt to invoke virtual method 'void java.util.concurrent.locks.ReentrantLock.lock()' on a null object reference
03-21 22:36:52.814  4928  4937 E System  : 	at java.util.concurrent.ThreadPoolExecutor.shutdown(ThreadPoolExecutor.java:1375)
03-21 22:36:52.814  4928  4937 E System  : 	at java.util.concurrent.ThreadPoolExecutor.finalize(ThreadPoolExecutor.java:1465)
03-21 22:36:52.814  4928  4937 E System  : 	at java.lang.Daemons$FinalizerDaemon.doFinalize(Daemons.java:222)
03-21 22:36:52.814  4928  4937 E System  : 	at java.lang.Daemons$FinalizerDaemon.run(Daemons.java:209)
03-21 22:36:52.814  4928  4937 E System  : 	at java.lang.Thread.run(Thread.java:761)
03-21 22:36:52.814  4928  4937 E System  : Uncaught exception thrown by finalizer
03-21 22:36:52.814  4928  4937 E System  : java.lang.NullPointerException: Attempt to invoke virtual method 'void java.util.concurrent.locks.ReentrantLock.lock()' on a null object reference
03-21 22:36:52.814  4928  4937 E System  : 	at java.util.concurrent.ThreadPoolExecutor.shutdown(ThreadPoolExecutor.java:1375)
03-21 22:36:52.814  4928  4937 E System  : 	at java.util.concurrent.ThreadPoolExecutor.finalize(ThreadPoolExecutor.java:1465)
03-21 22:36:52.814  4928  4937 E System  : 	at java.lang.Daemons$FinalizerDaemon.doFinalize(Daemons.java:222)
03-21 22:36:52.814  4928  4937 E System  : 	at java.lang.Daemons$FinalizerDaemon.run(Daemons.java:209)
03-21 22:36:52.814  4928  4937 E System  : 	at java.lang.Thread.run(Thread.java:761)
03-21 22:36:52.814  4928  4937 E System  : Uncaught exception thrown by finalizer
03-21 22:36:52.814  4928  4937 E System  : java.lang.NullPointerException: Attempt to invoke virtual method 'void java.util.concurrent.locks.ReentrantLock.lock()' on a null object reference
03-21 22:36:52.814  4928  4937 E System  : 	at java.util.concurrent.ThreadPoolExecutor.shutdown(ThreadPoolExecutor.java:1375)
03-21 22:36:52.814  4928  4937 E System  : 	at java.util.concurrent.ThreadPoolExecutor.finalize(ThreadPoolExecutor.java:1465)
03-21 22:36:52.814  4928  4937 E System  : 	at java.lang.Daemons$FinalizerDaemon.doFinalize(Daemons.java:222)
